Archive member included to satisfy reference by file (symbol)

../ClockSW_bsp//libhal_bsp.a(alt_iic.o)
                              obj/default/ClockSW.o (alt_ic_isr_register)
../ClockSW_bsp//libhal_bsp.a(alt_iic_isr_register.o)
                              ../ClockSW_bsp//libhal_bsp.a(alt_iic.o) (alt_iic_isr_register)
../ClockSW_bsp//libhal_bsp.a(alt_irq_entry.o)
                              ../ClockSW_bsp//libhal_bsp.a(alt_iic_isr_register.o) (alt_irq_entry)
../ClockSW_bsp//libhal_bsp.a(alt_irq_handler.o)
                              ../ClockSW_bsp//libhal_bsp.a(alt_iic_isr_register.o) (alt_irq)
../ClockSW_bsp//libhal_bsp.a(alt_irq_vars.o)
                              ../ClockSW_bsp//libhal_bsp.a(alt_iic.o) (alt_irq_active)
../ClockSW_bsp//libhal_bsp.a(alt_load.o)
                              ../ClockSW_bsp//obj/HAL/src/crt0.o (alt_load)
../ClockSW_bsp//libhal_bsp.a(alt_main.o)
                              ../ClockSW_bsp//obj/HAL/src/crt0.o (alt_main)
../ClockSW_bsp//libhal_bsp.a(alt_usleep.o)
                              obj/default/ClockSW.o (usleep)
../ClockSW_bsp//libhal_bsp.a(alt_sys_init.o)
                              ../ClockSW_bsp//libhal_bsp.a(alt_main.o) (alt_irq_init)
../ClockSW_bsp//libhal_bsp.a(altera_avalon_jtag_uart_fd.o)
                              ../ClockSW_bsp//libhal_bsp.a(alt_sys_init.o) (altera_avalon_jtag_uart_read_fd)
../ClockSW_bsp//libhal_bsp.a(altera_avalon_jtag_uart_init.o)
                              ../ClockSW_bsp//libhal_bsp.a(alt_sys_init.o) (altera_avalon_jtag_uart_init)
../ClockSW_bsp//libhal_bsp.a(altera_avalon_jtag_uart_ioctl.o)
                              ../ClockSW_bsp//libhal_bsp.a(altera_avalon_jtag_uart_fd.o) (altera_avalon_jtag_uart_ioctl)
../ClockSW_bsp//libhal_bsp.a(altera_avalon_jtag_uart_read.o)
                              ../ClockSW_bsp//libhal_bsp.a(altera_avalon_jtag_uart_fd.o) (altera_avalon_jtag_uart_read)
../ClockSW_bsp//libhal_bsp.a(altera_avalon_jtag_uart_write.o)
                              ../ClockSW_bsp//libhal_bsp.a(altera_avalon_jtag_uart_fd.o) (altera_avalon_jtag_uart_write)
../ClockSW_bsp//libhal_bsp.a(altera_avalon_timer_sc.o)
                              ../ClockSW_bsp//libhal_bsp.a(alt_sys_init.o) (alt_avalon_timer_sc_init)
../ClockSW_bsp//libhal_bsp.a(alt_alarm_start.o)
                              ../ClockSW_bsp//libhal_bsp.a(altera_avalon_jtag_uart_init.o) (alt_alarm_start)
../ClockSW_bsp//libhal_bsp.a(alt_busy_sleep.o)
                              ../ClockSW_bsp//libhal_bsp.a(alt_usleep.o) (alt_busy_sleep)
../ClockSW_bsp//libhal_bsp.a(alt_close.o)
                              ../ClockSW_bsp//libhal_bsp.a(alt_main.o) (close)
../ClockSW_bsp//libhal_bsp.a(alt_dcache_flush_all.o)
                              ../ClockSW_bsp//libhal_bsp.a(alt_load.o) (alt_dcache_flush_all)
../ClockSW_bsp//libhal_bsp.a(alt_dev.o)
                              ../ClockSW_bsp//libhal_bsp.a(alt_sys_init.o) (alt_dev_list)
../ClockSW_bsp//libhal_bsp.a(alt_dev_llist_insert.o)
                              ../ClockSW_bsp//libhal_bsp.a(alt_sys_init.o) (alt_dev_llist_insert)
../ClockSW_bsp//libhal_bsp.a(alt_do_ctors.o)
                              ../ClockSW_bsp//libhal_bsp.a(alt_main.o) (_do_ctors)
../ClockSW_bsp//libhal_bsp.a(alt_do_dtors.o)
                              ../ClockSW_bsp//libhal_bsp.a(alt_main.o) (_do_dtors)
../ClockSW_bsp//libhal_bsp.a(alt_errno.o)
                              ../ClockSW_bsp//libhal_bsp.a(alt_close.o) (alt_errno)
../ClockSW_bsp//libhal_bsp.a(alt_exception_entry.o)
                              ../ClockSW_bsp//libhal_bsp.a(alt_irq_entry.o) (alt_exception)
../ClockSW_bsp//libhal_bsp.a(alt_icache_flush_all.o)
                              ../ClockSW_bsp//libhal_bsp.a(alt_load.o) (alt_icache_flush_all)
../ClockSW_bsp//libhal_bsp.a(alt_instruction_exception_entry.o)
                              ../ClockSW_bsp//libhal_bsp.a(alt_exception_entry.o) (alt_instruction_exception_entry)
../ClockSW_bsp//libhal_bsp.a(alt_io_redirect.o)
                              ../ClockSW_bsp//libhal_bsp.a(alt_main.o) (alt_io_redirect)
../ClockSW_bsp//libhal_bsp.a(alt_open.o)
                              ../ClockSW_bsp//libhal_bsp.a(alt_io_redirect.o) (open)
../ClockSW_bsp//libhal_bsp.a(alt_release_fd.o)
                              ../ClockSW_bsp//libhal_bsp.a(alt_close.o) (alt_release_fd)
../ClockSW_bsp//libhal_bsp.a(alt_tick.o)
                              ../ClockSW_bsp//libhal_bsp.a(altera_avalon_jtag_uart_init.o) (_alt_tick_rate)
../ClockSW_bsp//libhal_bsp.a(altera_nios2_gen2_irq.o)
                              ../ClockSW_bsp//libhal_bsp.a(alt_sys_init.o) (altera_nios2_gen2_irq_init)
../ClockSW_bsp//libhal_bsp.a(alt_find_dev.o)
                              ../ClockSW_bsp//libhal_bsp.a(alt_open.o) (alt_find_dev)
../ClockSW_bsp//libhal_bsp.a(alt_find_file.o)
                              ../ClockSW_bsp//libhal_bsp.a(alt_open.o) (alt_find_file)
../ClockSW_bsp//libhal_bsp.a(alt_get_fd.o)
[...]
Memory Configuration

Name             Origin             Length             Attributes
reset            0x0000000000000000 0x0000000000000020
ROM              0x0000000000000020 0x0000000000013fe0
RAM              0x0000000000020000 0x0000000000008000
*default*        0x0000000000000000 0xffffffffffffffff

Linker script and memory map

LOAD ../ClockSW_bsp//obj/HAL/src/crt0.o
LOAD obj/default/ClockSW.o
LOAD /home/estape/intelFPGA_lite/18.1/nios2eds/bin/gnu/H-x86_64-pc-linux-gnu/bin/../lib/gcc/nios2-elf/5.3.0/../../../../../H-x86_64-pc-linux-gnu/nios2-elf/lib/mno-hw-mul/libstdc++.a
LOAD /home/estape/intelFPGA_lite/18.1/nios2eds/bin/gnu/H-x86_64-pc-linux-gnu/bin/../lib/gcc/nios2-elf/5.3.0/../../../../../H-x86_64-pc-linux-gnu/nios2-elf/lib/mno-hw-mul/libm.a
LOAD /home/estape/intelFPGA_lite/18.1/nios2eds/bin/gnu/H-x86_64-pc-linux-gnu/bin/../lib/gcc/nios2-elf/5.3.0/mno-hw-mul/libgcc.a
START GROUP
LOAD /home/estape/intelFPGA_lite/18.1/nios2eds/bin/gnu/H-x86_64-pc-linux-gnu/bin/../lib/gcc/nios2-elf/5.3.0/../../../../../H-x86_64-pc-linux-gnu/nios2-elf/lib/mno-hw-mul/libc.a
LOAD /home/estape/intelFPGA_lite/18.1/nios2eds/bin/gnu/H-x86_64-pc-linux-gnu/bin/../lib/gcc/nios2-elf/5.3.0/mno-hw-mul/libgcc.a
LOAD ../ClockSW_bsp//libhal_bsp.a
LOAD /home/estape/intelFPGA_lite/18.1/nios2eds/bin/gnu/H-x86_64-pc-linux-gnu/bin/../lib/gcc/nios2-elf/5.3.0/../../../../../H-x86_64-pc-linux-gnu/nios2-elf/lib/mno-hw-mul/libm.a
END GROUP
LOAD /home/estape/intelFPGA_lite/18.1/nios2eds/bin/gnu/H-x86_64-pc-linux-gnu/bin/../lib/gcc/nios2-elf/5.3.0/mno-hw-mul/libgcc.a
                0x0000000000000000                __alt_mem_ROM = 0x0
                0x0000000000020000                __alt_mem_RAM = 0x20000

.entry          0x0000000000000000       0x20
 *(.entry)
 .entry         0x0000000000000000       0x20 ../ClockSW_bsp//obj/HAL/src/crt0.o
                0x0000000000000000                __reset

.exceptions     0x0000000000000020      0x210
                0x0000000000000020                PROVIDE (__ram_exceptions_start, ABSOLUTE (.))
                0x0000000000000020                . = ALIGN (0x20)
 *(.irq)
 *(.exceptions.entry.label)
 .exceptions.entry.label
                0x0000000000000020        0x0 ../ClockSW_bsp//libhal_bsp.a(alt_irq_entry.o)
                0x0000000000000020                alt_irq_entry
 .exceptions.entry.label
                0x0000000000000020        0x0 ../ClockSW_bsp//libhal_bsp.a(alt_exception_entry.o)
                0x0000000000000020                alt_exception
 *(.exceptions.entry.user)
 *(.exceptions.entry.ecc_fatal)
 *(.exceptions.entry)
 .exceptions.entry
                0x0000000000000020       0x54 ../ClockSW_bsp//libhal_bsp.a(alt_exception_entry.o)
 *(.exceptions.irqtest.user)
 *(.exceptions.irqtest)
 .exceptions.irqtest
                0x0000000000000074       0x10 ../ClockSW_bsp//libhal_bsp.a(alt_irq_entry.o)
 *(.exceptions.irqhandler.user)
 *(.exceptions.irqhandler)
 .exceptions.irqhandler
                0x0000000000000084        0x4 ../ClockSW_bsp//libhal_bsp.a(alt_irq_entry.o)
 *(.exceptions.irqreturn.user)
 *(.exceptions.irqreturn)
 .exceptions.irqreturn
                0x0000000000000088        0x4 ../ClockSW_bsp//libhal_bsp.a(alt_irq_entry.o)
 *(.exceptions.notirq.label)
 .exceptions.notirq.label
                0x000000000000008c        0x0 ../ClockSW_bsp//libhal_bsp.a(alt_irq_entry.o)
 *(.exceptions.notirq.user)
 *(.exceptions.notirq)
 .exceptions.notirq
                0x000000000000008c        0x8 ../ClockSW_bsp//libhal_bsp.a(alt_exception_entry.o)
 *(.exceptions.soft.user)
 *(.exceptions.soft)
 *(.exceptions.unknown.user)
 *(.exceptions.unknown)
 .exceptions.unknown
                0x0000000000000094       0x14 ../ClockSW_bsp//libhal_bsp.a(alt_exception_entry.o)
 *(.exceptions.exit.label)
 .exceptions.exit.label
                0x00000000000000a8        0x0 ../ClockSW_bsp//libhal_bsp.a(alt_irq_entry.o)
 .exceptions.exit.label
                0x00000000000000a8        0x0 ../ClockSW_bsp//libhal_bsp.a(alt_exception_entry.o)
 *(.exceptions.exit.user)
 *(.exceptions.exit)
 .exceptions.exit
                0x00000000000000a8       0x54 ../ClockSW_bsp//libhal_bsp.a(alt_exception_entry.o)
 *(.exceptions)
 .exceptions    0x00000000000000fc       0xd4 ../ClockSW_bsp//libhal_bsp.a(alt_irq_handler.o)
                0x00000000000000fc                alt_irq_handler
 .exceptions    0x00000000000001d0       0x60 ../ClockSW_bsp//libhal_bsp.a(alt_instruction_exception_entry.o)
                0x00000000000001d0                alt_instruction_exception_entry
                0x0000000000000230                PROVIDE (__ram_exceptions_end, ABSOLUTE (.))
                0x0000000000000020                PROVIDE (__flash_exceptions_start, LOADADDR (.exceptions))

.text           0x0000000000000230     0x3044
                [!provide]                        PROVIDE (stext, ABSOLUTE (.))
 *(.interp)
 *(.hash)
 *(.dynsym)
 *(.dynstr)
 *(.gnu.version)
 *(.gnu.version_d)
 *(.gnu.version_r)
 *(.rel.init)
 *(.rela.init)
 *(.rel.text .rel.text.* .rel.gnu.linkonce.t.*)
 *(.rela.text .rela.text.* .rela.gnu.linkonce.t.*)
 *(.rel.fini)
 *(.rela.fini)
 *(.rel.rodata .rel.rodata.* .rel.gnu.linkonce.r.*)
 *(.rela.rodata .rela.rodata.* .rela.gnu.linkonce.r.*)
 *(.rel.data .rel.data.* .rel.gnu.linkonce.d.*)
 *(.rela.data .rela.data.* .rela.gnu.linkonce.d.*)
 *(.rel.tdata .rel.tdata.* .rel.gnu.linkonce.td.*)
 *(.rela.tdata .rela.tdata.* .rela.gnu.linkonce.td.*)
 *(.rel.tbss .rel.tbss.* .rel.gnu.linkonce.tb.*)
 *(.rela.tbss .rela.tbss.* .rela.gnu.linkonce.tb.*)
 *(.rel.ctors)
 *(.rela.ctors)
 *(.rel.dtors)
 *(.rela.dtors)
 *(.rel.got)
 *(.rela.got)
 *(.rel.sdata .rel.sdata.* .rel.gnu.linkonce.s.*)
 *(.rela.sdata .rela.sdata.* .rela.gnu.linkonce.s.*)
 *(.rel.sbss .rel.sbss.* .rel.gnu.linkonce.sb.*)
 *(.rela.sbss .rela.sbss.* .rela.gnu.linkonce.sb.*)
 *(.rel.sdata2 .rel.sdata2.* .rel.gnu.linkonce.s2.*)
 *(.rela.sdata2 .rela.sdata2.* .rela.gnu.linkonce.s2.*)
 *(.rel.sbss2 .rel.sbss2.* .rel.gnu.linkonce.sb2.*)
 *(.rela.sbss2 .rela.sbss2.* .rela.gnu.linkonce.sb2.*)
 *(.rel.bss .rel.bss.* .rel.gnu.linkonce.b.*)
 *(.rela.bss .rela.bss.* .rela.gnu.linkonce.b.*)
 *(.rel.plt)
 *(.rela.plt)
 *(.rel.dyn)
 *(.init)
 *(.plt)
 *(.text .stub .text.* .gnu.linkonce.t.*)
 .text          0x0000000000000230       0x3c ../ClockSW_bsp//obj/HAL/src/crt0.o
                0x0000000000000230                _start
 .text          0x000000000000026c      0x988 obj/default/ClockSW.o
                0x000000000000026c                ToHexa
                0x0000000000000354                EncodeHexa
                0x00000000000003c8                UpdateTime
                0x0000000000000518                UpdateTimeDisplays
                0x000000000000072c                LedsUpdate
                0x00000000000007bc                main
 .text          0x0000000000000bf4      0x1b0 ../ClockSW_bsp//libhal_bsp.a(alt_iic.o)
                0x0000000000000bf4                alt_ic_isr_register
                0x0000000000000c44                alt_ic_irq_enable
                0x0000000000000ccc                alt_ic_irq_disable
                0x0000000000000d58                alt_ic_irq_enabled
 .text          0x0000000000000da4       0xf0 ../ClockSW_bsp//libhal_bsp.a(alt_iic_isr_register.o)
                0x0000000000000da4                alt_iic_isr_register
 .text          0x0000000000000e94        0x0 ../ClockSW_bsp//libhal_bsp.a(alt_irq_entry.o)
 .text          0x0000000000000e94        0x0 ../ClockSW_bsp//libhal_bsp.a(alt_irq_handler.o)
 .text          0x0000000000000e94        0x0 ../ClockSW_bsp//libhal_bsp.a(alt_irq_vars.o)
 .text          0x0000000000000e94       0xec ../ClockSW_bsp//libhal_bsp.a(alt_load.o)
                0x0000000000000efc                alt_load
 .text          0x0000000000000f80       0x7c ../ClockSW_bsp//libhal_bsp.a(alt_main.o)
                0x0000000000000f80                alt_main
 .text          0x0000000000000ffc       0x30 ../ClockSW_bsp//libhal_bsp.a(alt_usleep.o)
                0x0000000000000ffc                usleep
 .text          0x000000000000102c       0xd0 ../ClockSW_bsp//libhal_bsp.a(alt_sys_init.o)
                0x0000000000001060                alt_irq_init
                0x0000000000001098                alt_sys_init
 .text          0x00000000000010fc      0x164 ../ClockSW_bsp//libhal_bsp.a(altera_avalon_jtag_uart_fd.o)
                0x00000000000010fc                altera_avalon_jtag_uart_read_fd
                0x000000000000115c                altera_avalon_jtag_uart_write_fd
                0x00000000000011bc                altera_avalon_jtag_uart_close_fd
                0x000000000000120c                altera_avalon_jtag_uart_ioctl_fd
 .text          0x0000000000001260      0x3d4 ../ClockSW_bsp//libhal_bsp.a(altera_avalon_jtag_uart_init.o)
                0x0000000000001260                altera_avalon_jtag_uart_init
                0x00000000000015cc                altera_avalon_jtag_uart_close
 .text          0x0000000000001634       0xf0 ../ClockSW_bsp//libhal_bsp.a(altera_avalon_jtag_uart_ioctl.o)
                0x0000000000001634                altera_avalon_jtag_uart_ioctl
 .text          0x0000000000001724      0x21c ../ClockSW_bsp//libhal_bsp.a(altera_avalon_jtag_uart_read.o)
                0x0000000000001724                altera_avalon_jtag_uart_read
 .text          0x0000000000001940      0x224 ../ClockSW_bsp//libhal_bsp.a(altera_avalon_jtag_uart_write.o)
                0x0000000000001940                altera_avalon_jtag_uart_write
 .text          0x0000000000001b64       0xf4 ../ClockSW_bsp//libhal_bsp.a(altera_avalon_timer_sc.o)
                0x0000000000001bdc                alt_avalon_timer_sc_init
 .text          0x0000000000001c58      0x12c ../ClockSW_bsp//libhal_bsp.a(alt_alarm_start.o)
                0x0000000000001c58                alt_alarm_start
 .text          0x0000000000001d84      0x158 ../ClockSW_bsp//libhal_bsp.a(alt_busy_sleep.o)
                0x0000000000001d84                alt_busy_sleep
 .text          0x0000000000001edc      0x114 ../ClockSW_bsp//libhal_bsp.a(alt_close.o)
                0x0000000000001f18                close
 .text          0x0000000000001ff0       0x20 ../ClockSW_bsp//libhal_bsp.a(alt_dcache_flush_all.o)
                0x0000000000001ff0                alt_dcache_flush_all
 .text          0x0000000000002010       0x2c ../ClockSW_bsp//libhal_bsp.a(alt_dev.o)
 .text          0x000000000000203c       0xe0 ../ClockSW_bsp//libhal_bsp.a(alt_dev_llist_insert.o)
                0x0000000000002078                alt_dev_llist_insert
 .text          0x000000000000211c       0x60 ../ClockSW_bsp//libhal_bsp.a(alt_do_ctors.o)
                0x000000000000211c                _do_ctors
 .text          0x000000000000217c       0x60 ../ClockSW_bsp//libhal_bsp.a(alt_do_dtors.o)
                0x000000000000217c                _do_dtors
 .text          0x00000000000021dc        0x0 ../ClockSW_bsp//libhal_bsp.a(alt_errno.o)
 .text          0x00000000000021dc        0x0 ../ClockSW_bsp//libhal_bsp.a(alt_exception_entry.o)
 .text          0x00000000000021dc       0x20 ../ClockSW_bsp//libhal_bsp.a(alt_icache_flush_all.o)
                0x00000000000021dc                alt_icache_flush_all
 .text          0x00000000000021fc       0x9c ../ClockSW_bsp//libhal_bsp.a(alt_instruction_exception_entry.o)
                0x00000000000021fc                alt_exception_cause_generated_bad_addr
 .text          0x0000000000002298      0x160 ../ClockSW_bsp//libhal_bsp.a(alt_io_redirect.o)
                0x000000000000237c                alt_io_redirect
 .text          0x00000000000023f8      0x284 ../ClockSW_bsp//libhal_bsp.a(alt_open.o)
                0x0000000000002520                open
 .text          0x000000000000267c       0x84 ../ClockSW_bsp//libhal_bsp.a(alt_release_fd.o)
                0x000000000000267c                alt_release_fd
 .text          0x0000000000002700      0x1a4 ../ClockSW_bsp//libhal_bsp.a(alt_tick.o)
                0x0000000000002700                alt_alarm_stop
                0x000000000000279c                alt_tick
 .text          0x00000000000028a4       0x24 ../ClockSW_bsp//libhal_bsp.a(altera_nios2_gen2_irq.o)
                0x00000000000028a4                altera_nios2_gen2_irq_init
 .text          0x00000000000028c8       0x90 ../ClockSW_bsp//libhal_bsp.a(alt_find_dev.o)
                0x00000000000028c8                alt_find_dev
 .text          0x0000000000002958      0x108 ../ClockSW_bsp//libhal_bsp.a(alt_find_file.o)
                0x0000000000002958                alt_find_file
 .text          0x0000000000002a60       0xc4 ../ClockSW_bsp//libhal_bsp.a(alt_get_fd.o)
                0x0000000000002a60                alt_get_fd
 .text          0x0000000000002b24        0x0 /home/estape/intelFPGA_lite/18.1/nios2eds/bin/gnu/H-x86_64-pc-linux-gnu/bin/../lib/gcc/nios2-elf/5.3.0/../../../../../H-x86_64-pc-linux-gnu/nios2-elf/lib/mno-hw-mul/libc.a(lib_a-atexit.o)
 .text.atexit   0x0000000000002b24       0x14 /home/estape/intelFPGA_lite/18.1/nios2eds/bin/gnu/H-x86_64-pc-linux-gnu/bin/../lib/gcc/nios2-elf/5.3.0/../../../../../H-x86_64-pc-linux-gnu/nios2-elf/lib/mno-hw-mul/libc.a(lib_a-atexit.o)
                0x0000000000002b24                atexit
 .text          0x0000000000002b38        0x0 /home/estape/intelFPGA_lite/18.1/nios2eds/bin/gnu/H-x86_64-pc-linux-gnu/bin/../lib/gcc/nios2-elf/5.3.0/../../../../../H-x86_64-pc-linux-gnu/nios2-elf/lib/mno-hw-mul/libc.a(lib_a-exit.o)
 .text.exit     0x0000000000002b38       0x38 /home/estape/intelFPGA_lite/18.1/nios2eds/bin/gnu/H-x86_64-pc-linux-gnu/bin/../lib/gcc/nios2-elf/5.3.0/../../../../../H-x86_64-pc-linux-gnu/nios2-elf/lib/mno-hw-mul/libc.a(lib_a-exit.o)
                0x0000000000002b38                exit
 .text          0x0000000000002b70        0x0 /home/estape/intelFPGA_lite/18.1/nios2eds/bin/gnu/H-x86_64-pc-linux-gnu/bin/../lib/gcc/nios2-elf/5.3.0/../../../../../H-x86_64-pc-linux-gnu/nios2-elf/lib/mno-hw-mul/libc.a(lib_a-impure.o)
 .text          0x0000000000002b70        0x0 /home/estape/intelFPGA_lite/18.1/nios2eds/bin/gnu/H-x86_64-pc-linux-gnu/bin/../lib/gcc/nios2-elf/5.3.0/../../../../../H-x86_64-pc-linux-gnu/nios2-elf/lib/mno-hw-mul/libc.a(lib_a-int_errno.o)
 .text          0x0000000000002b70        0x0 /home/estape/intelFPGA_lite/18.1/nios2eds/bin/gnu/H-x86_64-pc-linux-gnu/bin/../lib/gcc/nios2-elf/5.3.0/../../../../../H-x86_64-pc-linux-gnu/nios2-elf/lib/mno-hw-mul/libc.a(lib_a-memcmp.o)
 .text.memcmp   0x0000000000002b70       0x7c /home/estape/intelFPGA_lite/18.1/nios2eds/bin/gnu/H-x86_64-pc-linux-gnu/bin/../lib/gcc/nios2-elf/5.3.0/../../../../../H-x86_64-pc-linux-gnu/nios2-elf/lib/mno-hw-mul/libc.a(lib_a-memcmp.o)
                0x0000000000002b70                memcmp
 .text          0x0000000000002bec        0x0 /home/estape/intelFPGA_lite/18.1/nios2eds/bin/gnu/H-x86_64-pc-linux-gnu/bin/../lib/gcc/nios2-elf/5.3.0/../../../../../H-x86_64-pc-linux-gnu/nios2-elf/lib/mno-hw-mul/libc.a(lib_a-memcpy.o)
 .text.memcpy   0x0000000000002bec      0x148 /home/estape/intelFPGA_lite/18.1/nios2eds/bin/gnu/H-x86_64-pc-linux-gnu/bin/../lib/gcc/nios2-elf/5.3.0/../../../../../H-x86_64-pc-linux-gnu/nios2-elf/lib/mno-hw-mul/libc.a(lib_a-memcpy.o)
                0x0000000000002bec                memcpy
 .text          0x0000000000002d34        0x0 /home/estape/intelFPGA_lite/18.1/nios2eds/bin/gnu/H-x86_64-pc-linux-gnu/bin/../lib/gcc/nios2-elf/5.3.0/../../../../../H-x86_64-pc-linux-gnu/nios2-elf/lib/mno-hw-mul/libc.a(lib_a-strlen.o)
 .text.strlen   0x0000000000002d34       0x98 /home/estape/intelFPGA_lite/18.1/nios2eds/bin/gnu/H-x86_64-pc-linux-gnu/bin/../lib/gcc/nios2-elf/5.3.0/../../../../../H-x86_64-pc-linux-gnu/nios2-elf/lib/mno-hw-mul/libc.a(lib_a-strlen.o)
                0x0000000000002d34                strlen
 .text          0x0000000000002dcc        0x0 /home/estape/intelFPGA_lite/18.1/nios2eds/bin/gnu/H-x86_64-pc-linux-gnu/bin/../lib/gcc/nios2-elf/5.3.0/../../../../../H-x86_64-pc-linux-gnu/nios2-elf/lib/mno-hw-mul/libc.a(lib_a-__atexit.o)
 .text.__register_exitproc
                0x0000000000002dcc      0x118 /home/estape/intelFPGA_lite/18.1/nios2eds/bin/gnu/H-x86_64-pc-linux-gnu/bin/../lib/gcc/nios2-elf/5.3.0/../../../../../H-x86_64-pc-linux-gnu/nios2-elf/lib/mno-hw-mul/libc.a(lib_a-__atexit.o)
                0x0000000000002dcc                __register_exitproc
 .text          0x0000000000002ee4        0x0 /home/estape/intelFPGA_lite/18.1/nios2eds/bin/gnu/H-x86_64-pc-linux-gnu/bin/../lib/gcc/nios2-elf/5.3.0/../../../../../H-x86_64-pc-linux-gnu/nios2-elf/lib/mno-hw-mul/libc.a(lib_a-__call_atexit.o)
 .text.__call_exitprocs
                0x0000000000002ee4      0x180 /home/estape/intelFPGA_lite/18.1/nios2eds/bin/gnu/H-x86_64-pc-linux-gnu/bin/../lib/gcc/nios2-elf/5.3.0/../../../../../H-x86_64-pc-linux-gnu/nios2-elf/lib/mno-hw-mul/libc.a(lib_a-__call_atexit.o)
                0x0000000000002ee4                __call_exitprocs
 .text          0x0000000000003064      0x1b4 /home/estape/intelFPGA_lite/18.1/nios2eds/bin/gnu/H-x86_64-pc-linux-gnu/bin/../lib/gcc/nios2-elf/5.3.0/mno-hw-mul/libgcc.a(lib2-divmod.o)
                0x0000000000003064                __divsi3
                0x00000000000030e8                __modsi3
                0x000000000000315c                __udivsi3
                0x00000000000031c0                __umodsi3
 .text          0x0000000000003218       0x28 /home/estape/intelFPGA_lite/18.1/nios2eds/bin/gnu/H-x86_64-pc-linux-gnu/bin/../lib/gcc/nios2-elf/5.3.0/mno-hw-mul/libgcc.a(lib2-mul.o)
                0x0000000000003218                __mulsi3
 .text          0x0000000000003240       0x34 ../ClockSW_bsp//libhal_bsp.a(alt_exit.o)
                0x0000000000003240                _exit
 *(.gnu.warning.*)
 *(.fini)
                [!provide]                        PROVIDE (__etext, ABSOLUTE (.))
                [!provide]                        PROVIDE (_etext, ABSOLUTE (.))
                [!provide]                        PROVIDE (etext, ABSOLUTE (.))
 *(.eh_frame_hdr)
                0x0000000000003274                . = ALIGN (0x4)
                [!provide]                        PROVIDE (__preinit_array_start, ABSOLUTE (.))
 *(.preinit_array)
                [!provide]                        PROVIDE (__preinit_array_end, ABSOLUTE (.))
                [!provide]                        PROVIDE (__init_array_start, ABSOLUTE (.))
 *(.init_array)
                [!provide]                        PROVIDE (__init_array_end, ABSOLUTE (.))
                [!provide]                        PROVIDE (__fini_array_start, ABSOLUTE (.))
 *(.fini_array)
                [!provide]                        PROVIDE (__fini_array_end, ABSOLUTE (.))
 *(.eh_frame)
 *(.gcc_except_table .gcc_except_table.*)
 *(.dynamic)
                0x0000000000003274                PROVIDE (__CTOR_LIST__, ABSOLUTE (.))
 *(.ctors)
 *(SORT(.ctors.*))
                0x0000000000003274                PROVIDE (__CTOR_END__, ABSOLUTE (.))
                0x0000000000003274                PROVIDE (__DTOR_LIST__, ABSOLUTE (.))
 *(.dtors)
 *(SORT(.dtors.*))
                0x0000000000003274                PROVIDE (__DTOR_END__, ABSOLUTE (.))
 *(.jcr)
                0x0000000000003274                . = ALIGN (0x4)

.rodata         0x0000000000020000       0x28 load address 0x0000000000003274
                0x0000000000020000                PROVIDE (__ram_rodata_start, ABSOLUTE (.))
                0x0000000000020000                . = ALIGN (0x4)
 *(.rodata .rodata.* .gnu.linkonce.r.*)
 .rodata        0x0000000000020000        0xa ../ClockSW_bsp//libhal_bsp.a(alt_main.o)
 *fill*         0x000000000002000a        0x2 
 .rodata        0x000000000002000c        0xa ../ClockSW_bsp//libhal_bsp.a(alt_sys_init.o)
 *fill*         0x0000000000020016        0x2 
 .rodata        0x0000000000020018        0xa ../ClockSW_bsp//libhal_bsp.a(alt_dev.o)
 *fill*         0x0000000000020022        0x2 
 .rodata.str1.4
                0x0000000000020024        0x4 /home/estape/intelFPGA_lite/18.1/nios2eds/bin/gnu/H-x86_64-pc-linux-gnu/bin/../lib/gcc/nios2-elf/5.3.0/../../../../../H-x86_64-pc-linux-gnu/nios2-elf/lib/mno-hw-mul/libc.a(lib_a-impure.o)
                                          0x2 (size before relaxing)
 *(.rodata1)
                0x0000000000020028                . = ALIGN (0x4)
                0x0000000000020028                PROVIDE (__ram_rodata_end, ABSOLUTE (.))
                0x0000000000003274                PROVIDE (__flash_rodata_start, LOADADDR (.rodata))

.rwdata         0x0000000000020028     0x1678 load address 0x000000000000329c
                0x0000000000020028                PROVIDE (__ram_rwdata_start, ABSOLUTE (.))
                0x0000000000020028                . = ALIGN (0x4)
 *(.got.plt)
 *(.got)
 *(.data1)
 *(.data .data.* .gnu.linkonce.d.*)
 .data          0x0000000000020028        0x0 ../ClockSW_bsp//obj/HAL/src/crt0.o
 .data          0x0000000000020028        0x0 obj/default/ClockSW.o
 .data          0x0000000000020028        0x0 ../ClockSW_bsp//libhal_bsp.a(alt_iic.o)
 .data          0x0000000000020028        0x0 ../ClockSW_bsp//libhal_bsp.a(alt_iic_isr_register.o)
 .data          0x0000000000020028        0x0 ../ClockSW_bsp//libhal_bsp.a(alt_irq_entry.o)
 .data          0x0000000000020028        0x0 ../ClockSW_bsp//libhal_bsp.a(alt_irq_handler.o)
 .data          0x0000000000020028        0x0 ../ClockSW_bsp//libhal_bsp.a(alt_irq_vars.o)
 .data          0x0000000000020028        0x0 ../ClockSW_bsp//libhal_bsp.a(alt_load.o)
 .data          0x0000000000020028        0x0 ../ClockSW_bsp//libhal_bsp.a(alt_main.o)
 .data          0x0000000000020028        0x0 ../ClockSW_bsp//libhal_bsp.a(alt_usleep.o)
 .data          0x0000000000020028     0x1060 ../ClockSW_bsp//libhal_bsp.a(alt_sys_init.o)
 .data          0x0000000000021088        0x0 ../ClockSW_bsp//libhal_bsp.a(altera_avalon_jtag_uart_fd.o)
 .data          0x0000000000021088        0x0 ../ClockSW_bsp//libhal_bsp.a(altera_avalon_jtag_uart_init.o)
 .data          0x0000000000021088        0x0 ../ClockSW_bsp//libhal_bsp.a(altera_avalon_jtag_uart_ioctl.o)
 .data          0x0000000000021088        0x0 ../ClockSW_bsp//libhal_bsp.a(altera_avalon_jtag_uart_read.o)
 .data          0x0000000000021088        0x0 ../ClockSW_bsp//libhal_bsp.a(altera_avalon_jtag_uart_write.o)
 .data          0x0000000000021088        0x0 ../ClockSW_bsp//libhal_bsp.a(altera_avalon_timer_sc.o)
 .data          0x0000000000021088        0x0 ../ClockSW_bsp//libhal_bsp.a(alt_alarm_start.o)
 .data          0x0000000000021088        0x0 ../ClockSW_bsp//libhal_bsp.a(alt_busy_sleep.o)
 .data          0x0000000000021088        0x0 ../ClockSW_bsp//libhal_bsp.a(alt_close.o)
 .data          0x0000000000021088        0x0 ../ClockSW_bsp//libhal_bsp.a(alt_dcache_flush_all.o)
 .data          0x0000000000021088      0x1a8 ../ClockSW_bsp//libhal_bsp.a(alt_dev.o)
                0x0000000000021088                alt_dev_null
                0x00000000000210b0                alt_fd_list
 .data          0x0000000000021230        0x0 ../ClockSW_bsp//libhal_bsp.a(alt_dev_llist_insert.o)
 .data          0x0000000000021230        0x0 ../ClockSW_bsp//libhal_bsp.a(alt_do_ctors.o)
 .data          0x0000000000021230        0x0 ../ClockSW_bsp//libhal_bsp.a(alt_do_dtors.o)
 .data          0x0000000000021230        0x0 ../ClockSW_bsp//libhal_bsp.a(alt_errno.o)
 .data          0x0000000000021230        0x0 ../ClockSW_bsp//libhal_bsp.a(alt_exception_entry.o)
 .data          0x0000000000021230        0x0 ../ClockSW_bsp//libhal_bsp.a(alt_icache_flush_all.o)
 .data          0x0000000000021230        0x0 ../ClockSW_bsp//libhal_bsp.a(alt_instruction_exception_entry.o)
 .data          0x0000000000021230        0x0 ../ClockSW_bsp//libhal_bsp.a(alt_io_redirect.o)
 .data          0x0000000000021230        0x0 ../ClockSW_bsp//libhal_bsp.a(alt_open.o)
 .data          0x0000000000021230        0x0 ../ClockSW_bsp//libhal_bsp.a(alt_release_fd.o)
 .data          0x0000000000021230        0x0 ../ClockSW_bsp//libhal_bsp.a(alt_tick.o)
 .data          0x0000000000021230        0x0 ../ClockSW_bsp//libhal_bsp.a(altera_nios2_gen2_irq.o)
 .data          0x0000000000021230        0x0 ../ClockSW_bsp//libhal_bsp.a(alt_find_dev.o)
 .data          0x0000000000021230        0x0 ../ClockSW_bsp//libhal_bsp.a(alt_find_file.o)
 .data          0x0000000000021230        0x0 ../ClockSW_bsp//libhal_bsp.a(alt_get_fd.o)
 .data          0x0000000000021230        0x0 /home/estape/intelFPGA_lite/18.1/nios2eds/bin/gnu/H-x86_64-pc-linux-gnu/bin/../lib/gcc/nios2-elf/5.3.0/../../../../../H-x86_64-pc-linux-gnu/nios2-elf/lib/mno-hw-mul/libc.a(lib_a-atexit.o)
 .data          0x0000000000021230        0x0 /home/estape/intelFPGA_lite/18.1/nios2eds/bin/gnu/H-x86_64-pc-linux-gnu/bin/../lib/gcc/nios2-elf/5.3.0/../../../../../H-x86_64-pc-linux-gnu/nios2-elf/lib/mno-hw-mul/libc.a(lib_a-exit.o)
 .data          0x0000000000021230        0x0 /home/estape/intelFPGA_lite/18.1/nios2eds/bin/gnu/H-x86_64-pc-linux-gnu/bin/../lib/gcc/nios2-elf/5.3.0/../../../../../H-x86_64-pc-linux-gnu/nios2-elf/lib/mno-hw-mul/libc.a(lib_a-impure.o)
 .data.impure_data
                0x0000000000021230      0x424 /home/estape/intelFPGA_lite/18.1/nios2eds/bin/gnu/H-x86_64-pc-linux-gnu/bin/../lib/gcc/nios2-elf/5.3.0/../../../../../H-x86_64-pc-linux-gnu/nios2-elf/lib/mno-hw-mul/libc.a(lib_a-impure.o)
 .data          0x0000000000021654        0x0 /home/estape/intelFPGA_lite/18.1/nios2eds/bin/gnu/H-x86_64-pc-linux-gnu/bin/../lib/gcc/nios2-elf/5.3.0/../../../../../H-x86_64-pc-linux-gnu/nios2-elf/lib/mno-hw-mul/libc.a(lib_a-int_errno.o)
 .data          0x0000000000021654        0x0 /home/estape/intelFPGA_lite/18.1/nios2eds/bin/gnu/H-x86_64-pc-linux-gnu/bin/../lib/gcc/nios2-elf/5.3.0/../../../../../H-x86_64-pc-linux-gnu/nios2-elf/lib/mno-hw-mul/libc.a(lib_a-memcmp.o)
 .data          0x0000000000021654        0x0 /home/estape/intelFPGA_lite/18.1/nios2eds/bin/gnu/H-x86_64-pc-linux-gnu/bin/../lib/gcc/nios2-elf/5.3.0/../../../../../H-x86_64-pc-linux-gnu/nios2-elf/lib/mno-hw-mul/libc.a(lib_a-memcpy.o)
 .data          0x0000000000021654        0x0 /home/estape/intelFPGA_lite/18.1/nios2eds/bin/gnu/H-x86_64-pc-linux-gnu/bin/../lib/gcc/nios2-elf/5.3.0/../../../../../H-x86_64-pc-linux-gnu/nios2-elf/lib/mno-hw-mul/libc.a(lib_a-strlen.o)
 .data          0x0000000000021654        0x0 /home/estape/intelFPGA_lite/18.1/nios2eds/bin/gnu/H-x86_64-pc-linux-gnu/bin/../lib/gcc/nios2-elf/5.3.0/../../../../../H-x86_64-pc-linux-gnu/nios2-elf/lib/mno-hw-mul/libc.a(lib_a-__atexit.o)
 .data          0x0000000000021654        0x0 /home/estape/intelFPGA_lite/18.1/nios2eds/bin/gnu/H-x86_64-pc-linux-gnu/bin/../lib/gcc/nios2-elf/5.3.0/../../../../../H-x86_64-pc-linux-gnu/nios2-elf/lib/mno-hw-mul/libc.a(lib_a-__call_atexit.o)
 .data          0x0000000000021654        0x0 /home/estape/intelFPGA_lite/18.1/nios2eds/bin/gnu/H-x86_64-pc-linux-gnu/bin/../lib/gcc/nios2-elf/5.3.0/mno-hw-mul/libgcc.a(lib2-divmod.o)
 .data          0x0000000000021654        0x0 /home/estape/intelFPGA_lite/18.1/nios2eds/bin/gnu/H-x86_64-pc-linux-gnu/bin/../lib/gcc/nios2-elf/5.3.0/mno-hw-mul/libgcc.a(lib2-mul.o)
 .data          0x0000000000021654        0x0 ../ClockSW_bsp//libhal_bsp.a(alt_exit.o)
                0x0000000000029654                _gp = ABSOLUTE ((. + 0x8000))
                [!provide]                        PROVIDE (gp, _gp)
 *(.rwdata .rwdata.*)
 *(.sdata .sdata.* .gnu.linkonce.s.*)
 .sdata         0x0000000000021654       0x1d obj/default/ClockSW.o
                0x0000000000021654                displays
                0x0000000000021658                switches
                0x000000000002165c                buttons
                0x0000000000021660                gpioOut
                0x0000000000021664                leds
                0x0000000000021668                timerCoreStatus
                0x000000000002166c                ledsValue
                0x0000000000021670                left
 *fill*         0x0000000000021671        0x3 
 .sdata         0x0000000000021674        0x4 ../ClockSW_bsp//libhal_bsp.a(alt_irq_vars.o)
                0x0000000000021674                alt_priority_mask
 .sdata         0x0000000000021678       0x14 ../ClockSW_bsp//libhal_bsp.a(alt_dev.o)
                0x0000000000021678                alt_fs_list
                0x0000000000021680                alt_dev_list
                0x0000000000021688                alt_max_fd
 .sdata         0x000000000002168c        0x4 ../ClockSW_bsp//libhal_bsp.a(alt_errno.o)
                0x000000000002168c                alt_errno
 .sdata         0x0000000000021690        0x8 ../ClockSW_bsp//libhal_bsp.a(alt_tick.o)
                0x0000000000021690                alt_alarm_list
 .sdata._global_impure_ptr
                0x0000000000021698        0x4 /home/estape/intelFPGA_lite/18.1/nios2eds/bin/gnu/H-x86_64-pc-linux-gnu/bin/../lib/gcc/nios2-elf/5.3.0/../../../../../H-x86_64-pc-linux-gnu/nios2-elf/lib/mno-hw-mul/libc.a(lib_a-impure.o)
                0x0000000000021698                _global_impure_ptr
 .sdata._impure_ptr
                0x000000000002169c        0x4 /home/estape/intelFPGA_lite/18.1/nios2eds/bin/gnu/H-x86_64-pc-linux-gnu/bin/../lib/gcc/nios2-elf/5.3.0/../../../../../H-x86_64-pc-linux-gnu/nios2-elf/lib/mno-hw-mul/libc.a(lib_a-impure.o)
                0x000000000002169c                _impure_ptr
 *(.sdata2 .sdata2.* .gnu.linkonce.s2.*)
                0x00000000000216a0                . = ALIGN (0x4)
                0x00000000000216a0                _edata = ABSOLUTE (.)
                [!provide]                        PROVIDE (edata, ABSOLUTE (.))
                0x00000000000216a0                PROVIDE (__ram_rwdata_end, ABSOLUTE (.))
                0x000000000000329c                PROVIDE (__flash_rwdata_start, LOADADDR (.rwdata))

.bss            0x00000000000216a0      0x150 load address 0x0000000000004914
                0x00000000000216a0                __bss_start = ABSOLUTE (.)
                [!provide]                        PROVIDE (__sbss_start, ABSOLUTE (.))
                [!provide]                        PROVIDE (___sbss_start, ABSOLUTE (.))
 *(.dynsbss)
 *(.sbss .sbss.* .gnu.linkonce.sb.*)
 .sbss          0x00000000000216a0        0x8 obj/default/ClockSW.o
                0x00000000000216a0                switchingAlarm
                0x00000000000216a1                settingAlarm
                0x00000000000216a2                alarmStatus
                0x00000000000216a4                counter
 .sbss          0x00000000000216a8        0x4 ../ClockSW_bsp//libhal_bsp.a(alt_irq_vars.o)
                0x00000000000216a8                alt_irq_active
 .sbss          0x00000000000216ac        0xc ../ClockSW_bsp//libhal_bsp.a(alt_main.o)
                0x00000000000216ac                alt_argc
                0x00000000000216b0                alt_argv
                0x00000000000216b4                alt_envp
 .sbss          0x00000000000216b8        0x4 ../ClockSW_bsp//libhal_bsp.a(alt_instruction_exception_entry.o)
                0x00000000000216b8                alt_instruction_exception_handler
 .sbss          0x00000000000216bc        0x8 ../ClockSW_bsp//libhal_bsp.a(alt_tick.o)
                0x00000000000216bc                _alt_tick_rate
                0x00000000000216c0                _alt_nticks
 .sbss          0x00000000000216c4        0x4 /home/estape/intelFPGA_lite/18.1/nios2eds/bin/gnu/H-x86_64-pc-linux-gnu/bin/../lib/gcc/nios2-elf/5.3.0/../../../../../H-x86_64-pc-linux-gnu/nios2-elf/lib/mno-hw-mul/libc.a(lib_a-int_errno.o)
                0x00000000000216c4                errno
 *(.sbss2 .sbss2.* .gnu.linkonce.sb2.*)
 *(.scommon)
                [!provide]                        PROVIDE (__sbss_end, ABSOLUTE (.))
                [!provide]                        PROVIDE (___sbss_end, ABSOLUTE (.))
 *(.dynbss)
 *(.bss .bss.* .gnu.linkonce.b.*)
 .bss           0x00000000000216c8        0x0 ../ClockSW_bsp//obj/HAL/src/crt0.o
 .bss           0x00000000000216c8        0x0 obj/default/ClockSW.o
 .bss           0x00000000000216c8        0x0 ../ClockSW_bsp//libhal_bsp.a(alt_iic.o)
 .bss           0x00000000000216c8        0x0 ../ClockSW_bsp//libhal_bsp.a(alt_iic_isr_register.o)
 .bss           0x00000000000216c8        0x0 ../ClockSW_bsp//libhal_bsp.a(alt_irq_entry.o)
 .bss           0x00000000000216c8        0x0 ../ClockSW_bsp//libhal_bsp.a(alt_irq_handler.o)
 .bss           0x00000000000216c8        0x0 ../ClockSW_bsp//libhal_bsp.a(alt_irq_vars.o)
 .bss           0x00000000000216c8        0x0 ../ClockSW_bsp//libhal_bsp.a(alt_load.o)
 .bss           0x00000000000216c8        0x0 ../ClockSW_bsp//libhal_bsp.a(alt_main.o)
 .bss           0x00000000000216c8        0x0 ../ClockSW_bsp//libhal_bsp.a(alt_usleep.o)
 .bss           0x00000000000216c8        0x0 ../ClockSW_bsp//libhal_bsp.a(alt_sys_init.o)
 .bss           0x00000000000216c8        0x0 ../ClockSW_bsp//libhal_bsp.a(altera_avalon_jtag_uart_fd.o)
 .bss           0x00000000000216c8        0x0 ../ClockSW_bsp//libhal_bsp.a(altera_avalon_jtag_uart_init.o)
 .bss           0x00000000000216c8        0x0 ../ClockSW_bsp//libhal_bsp.a(altera_avalon_jtag_uart_ioctl.o)
 .bss           0x00000000000216c8        0x0 ../ClockSW_bsp//libhal_bsp.a(altera_avalon_jtag_uart_read.o)
 .bss           0x00000000000216c8        0x0 ../ClockSW_bsp//libhal_bsp.a(altera_avalon_jtag_uart_write.o)
 .bss           0x00000000000216c8        0x0 ../ClockSW_bsp//libhal_bsp.a(altera_avalon_timer_sc.o)
 .bss           0x00000000000216c8        0x0 ../ClockSW_bsp//libhal_bsp.a(alt_alarm_start.o)
 .bss           0x00000000000216c8        0x0 ../ClockSW_bsp//libhal_bsp.a(alt_busy_sleep.o)
 .bss           0x00000000000216c8        0x0 ../ClockSW_bsp//libhal_bsp.a(alt_close.o)
 .bss           0x00000000000216c8        0x0 ../ClockSW_bsp//libhal_bsp.a(alt_dcache_flush_all.o)
 .bss           0x00000000000216c8        0x0 ../ClockSW_bsp//libhal_bsp.a(alt_dev.o)
 .bss           0x00000000000216c8        0x0 ../ClockSW_bsp//libhal_bsp.a(alt_dev_llist_insert.o)
 .bss           0x00000000000216c8        0x0 ../ClockSW_bsp//libhal_bsp.a(alt_do_ctors.o)
 .bss           0x00000000000216c8        0x0 ../ClockSW_bsp//libhal_bsp.a(alt_do_dtors.o)
 .bss           0x00000000000216c8        0x0 ../ClockSW_bsp//libhal_bsp.a(alt_errno.o)
 .bss           0x00000000000216c8        0x0 ../ClockSW_bsp//libhal_bsp.a(alt_exception_entry.o)
 .bss           0x00000000000216c8        0x0 ../ClockSW_bsp//libhal_bsp.a(alt_icache_flush_all.o)
 .bss           0x00000000000216c8        0x0 ../ClockSW_bsp//libhal_bsp.a(alt_instruction_exception_entry.o)
 .bss           0x00000000000216c8        0x0 ../ClockSW_bsp//libhal_bsp.a(alt_io_redirect.o)
 .bss           0x00000000000216c8        0x0 ../ClockSW_bsp//libhal_bsp.a(alt_open.o)
 .bss           0x00000000000216c8        0x0 ../ClockSW_bsp//libhal_bsp.a(alt_release_fd.o)
 .bss           0x00000000000216c8        0x0 ../ClockSW_bsp//libhal_bsp.a(alt_tick.o)
 .bss           0x00000000000216c8        0x0 ../ClockSW_bsp//libhal_bsp.a(altera_nios2_gen2_irq.o)
 .bss           0x00000000000216c8        0x0 ../ClockSW_bsp//libhal_bsp.a(alt_find_dev.o)
 .bss           0x00000000000216c8        0x0 ../ClockSW_bsp//libhal_bsp.a(alt_find_file.o)
 .bss           0x00000000000216c8        0x0 ../ClockSW_bsp//libhal_bsp.a(alt_get_fd.o)
 .bss           0x00000000000216c8        0x0 /home/estape/intelFPGA_lite/18.1/nios2eds/bin/gnu/H-x86_64-pc-linux-gnu/bin/../lib/gcc/nios2-elf/5.3.0/../../../../../H-x86_64-pc-linux-gnu/nios2-elf/lib/mno-hw-mul/libc.a(lib_a-atexit.o)
 .bss           0x00000000000216c8        0x0 /home/estape/intelFPGA_lite/18.1/nios2eds/bin/gnu/H-x86_64-pc-linux-gnu/bin/../lib/gcc/nios2-elf/5.3.0/../../../../../H-x86_64-pc-linux-gnu/nios2-elf/lib/mno-hw-mul/libc.a(lib_a-exit.o)
 .bss           0x00000000000216c8        0x0 /home/estape/intelFPGA_lite/18.1/nios2eds/bin/gnu/H-x86_64-pc-linux-gnu/bin/../lib/gcc/nios2-elf/5.3.0/../../../../../H-x86_64-pc-linux-gnu/nios2-elf/lib/mno-hw-mul/libc.a(lib_a-impure.o)
 .bss           0x00000000000216c8        0x0 /home/estape/intelFPGA_lite/18.1/nios2eds/bin/gnu/H-x86_64-pc-linux-gnu/bin/../lib/gcc/nios2-elf/5.3.0/../../../../../H-x86_64-pc-linux-gnu/nios2-elf/lib/mno-hw-mul/libc.a(lib_a-int_errno.o)
 .bss           0x00000000000216c8        0x0 /home/estape/intelFPGA_lite/18.1/nios2eds/bin/gnu/H-x86_64-pc-linux-gnu/bin/../lib/gcc/nios2-elf/5.3.0/../../../../../H-x86_64-pc-linux-gnu/nios2-elf/lib/mno-hw-mul/libc.a(lib_a-memcmp.o)
 .bss           0x00000000000216c8        0x0 /home/estape/intelFPGA_lite/18.1/nios2eds/bin/gnu/H-x86_64-pc-linux-gnu/bin/../lib/gcc/nios2-elf/5.3.0/../../../../../H-x86_64-pc-linux-gnu/nios2-elf/lib/mno-hw-mul/libc.a(lib_a-memcpy.o)
 .bss           0x00000000000216c8        0x0 /home/estape/intelFPGA_lite/18.1/nios2eds/bin/gnu/H-x86_64-pc-linux-gnu/bin/../lib/gcc/nios2-elf/5.3.0/../../../../../H-x86_64-pc-linux-gnu/nios2-elf/lib/mno-hw-mul/libc.a(lib_a-strlen.o)
 .bss           0x00000000000216c8        0x0 /home/estape/intelFPGA_lite/18.1/nios2eds/bin/gnu/H-x86_64-pc-linux-gnu/bin/../lib/gcc/nios2-elf/5.3.0/../../../../../H-x86_64-pc-linux-gnu/nios2-elf/lib/mno-hw-mul/libc.a(lib_a-__atexit.o)
 .bss           0x00000000000216c8        0x0 /home/estape/intelFPGA_lite/18.1/nios2eds/bin/gnu/H-x86_64-pc-linux-gnu/bin/../lib/gcc/nios2-elf/5.3.0/../../../../../H-x86_64-pc-linux-gnu/nios2-elf/lib/mno-hw-mul/libc.a(lib_a-__call_atexit.o)
 .bss           0x00000000000216c8        0x0 /home/estape/intelFPGA_lite/18.1/nios2eds/bin/gnu/H-x86_64-pc-linux-gnu/bin/../lib/gcc/nios2-elf/5.3.0/mno-hw-mul/libgcc.a(lib2-divmod.o)
 .bss           0x00000000000216c8        0x0 /home/estape/intelFPGA_lite/18.1/nios2eds/bin/gnu/H-x86_64-pc-linux-gnu/bin/../lib/gcc/nios2-elf/5.3.0/mno-hw-mul/libgcc.a(lib2-mul.o)
 .bss           0x00000000000216c8        0x0 ../ClockSW_bsp//libhal_bsp.a(alt_exit.o)
 *(COMMON)
 COMMON         0x00000000000216c8       0x28 obj/default/ClockSW.o
                0x00000000000216c8                alarmTime
                0x00000000000216dc                actualTime
 COMMON         0x00000000000216f0      0x100 ../ClockSW_bsp//libhal_bsp.a(alt_irq_handler.o)
                0x00000000000216f0                alt_irq
                0x00000000000217f0                . = ALIGN (0x4)
                0x00000000000217f0                __bss_end = ABSOLUTE (.)

.ROM            0x0000000000004914        0x0
                [!provide]                        PROVIDE (_alt_partition_ROM_start, ABSOLUTE (.))
 *(.ROM .ROM. ROM.*)
                0x0000000000004914                . = ALIGN (0x4)
                [!provide]                        PROVIDE (_alt_partition_ROM_end, ABSOLUTE (.))
                [!provide]                        PROVIDE (_alt_partition_ROM_load_addr, LOADADDR (.ROM))

.RAM            0x00000000000217f0        0x0 load address 0x0000000000004914
                [!provide]                        PROVIDE (_alt_partition_RAM_start, ABSOLUTE (.))
 *(.RAM .RAM. RAM.*)
                0x00000000000217f0                . = ALIGN (0x4)
                [!provide]                        PROVIDE (_alt_partition_RAM_end, ABSOLUTE (.))
                0x00000000000217f0                _end = ABSOLUTE (.)
                0x00000000000217f0                end = ABSOLUTE (.)
                0x00000000000217f0                __alt_stack_base = ABSOLUTE (.)
                [!provide]                        PROVIDE (_alt_partition_RAM_load_addr, LOADADDR (.RAM))

.stab
 *(.stab)

.stabstr
 *(.stabstr)

.stab.excl
 *(.stab.excl)

.stab.exclstr
 *(.stab.exclstr)

.stab.index
 *(.stab.index)

.stab.indexstr
 *(.stab.indexstr)

.comment        0x0000000000000000       0x23
 *(.comment)
 .comment       0x0000000000000000       0x23 obj/default/ClockSW.o
                                         0x24 (size before relaxing)
 .comment       0x0000000000000023       0x24 ../ClockSW_bsp//libhal_bsp.a(alt_iic.o)
 .comment       0x0000000000000023       0x24 ../ClockSW_bsp//libhal_bsp.a(alt_iic_isr_register.o)
 .comment       0x0000000000000023       0x24 ../ClockSW_bsp//libhal_bsp.a(alt_irq_handler.o)
 .comment       0x0000000000000023       0x24 ../ClockSW_bsp//libhal_bsp.a(alt_irq_vars.o)
 .comment       0x0000000000000023       0x24 ../ClockSW_bsp//libhal_bsp.a(alt_load.o)
 .comment       0x0000000000000023       0x24 ../ClockSW_bsp//libhal_bsp.a(alt_main.o)
 .comment       0x0000000000000023       0x24 ../ClockSW_bsp//libhal_bsp.a(alt_usleep.o)
 .comment       0x0000000000000023       0x24 ../ClockSW_bsp//libhal_bsp.a(alt_sys_init.o)
 .comment       0x0000000000000023       0x24 ../ClockSW_bsp//libhal_bsp.a(altera_avalon_jtag_uart_fd.o)
 .comment       0x0000000000000023       0x24 ../ClockSW_bsp//libhal_bsp.a(altera_avalon_jtag_uart_init.o)
 .comment       0x0000000000000023       0x24 ../ClockSW_bsp//libhal_bsp.a(altera_avalon_jtag_uart_ioctl.o)
 .comment       0x0000000000000023       0x24 ../ClockSW_bsp//libhal_bsp.a(altera_avalon_jtag_uart_read.o)
 .comment       0x0000000000000023       0x24 ../ClockSW_bsp//libhal_bsp.a(altera_avalon_jtag_uart_write.o)
 .comment       0x0000000000000023       0x24 ../ClockSW_bsp//libhal_bsp.a(altera_avalon_timer_sc.o)
 .comment       0x0000000000000023       0x24 ../ClockSW_bsp//libhal_bsp.a(alt_alarm_start.o)
 .comment       0x0000000000000023       0x24 ../ClockSW_bsp//libhal_bsp.a(alt_busy_sleep.o)
 .comment       0x0000000000000023       0x24 ../ClockSW_bsp//libhal_bsp.a(alt_close.o)
 .comment       0x0000000000000023       0x24 ../ClockSW_bsp//libhal_bsp.a(alt_dcache_flush_all.o)
 .comment       0x0000000000000023       0x24 ../ClockSW_bsp//libhal_bsp.a(alt_dev.o)
 .comment       0x0000000000000023       0x24 ../ClockSW_bsp//libhal_bsp.a(alt_dev_llist_insert.o)
 .comment       0x0000000000000023       0x24 ../ClockSW_bsp//libhal_bsp.a(alt_do_ctors.o)
 .comment       0x0000000000000023       0x24 ../ClockSW_bsp//libhal_bsp.a(alt_do_dtors.o)
 .comment       0x0000000000000023       0x24 ../ClockSW_bsp//libhal_bsp.a(alt_errno.o)
 .comment       0x0000000000000023       0x24 ../ClockSW_bsp//libhal_bsp.a(alt_icache_flush_all.o)
 .comment       0x0000000000000023       0x24 ../ClockSW_bsp//libhal_bsp.a(alt_instruction_exception_entry.o)
 .comment       0x0000000000000023       0x24 ../ClockSW_bsp//libhal_bsp.a(alt_io_redirect.o)
 .comment       0x0000000000000023       0x24 ../ClockSW_bsp//libhal_bsp.a(alt_open.o)
 .comment       0x0000000000000023       0x24 ../ClockSW_bsp//libhal_bsp.a(alt_release_fd.o)
 .comment       0x0000000000000023       0x24 ../ClockSW_bsp//libhal_bsp.a(alt_tick.o)
 .comment       0x0000000000000023       0x24 ../ClockSW_bsp//libhal_bsp.a(altera_nios2_gen2_irq.o)
 .comment       0x0000000000000023       0x24 ../ClockSW_bsp//libhal_bsp.a(alt_find_dev.o)
 .comment       0x0000000000000023       0x24 ../ClockSW_bsp//libhal_bsp.a(alt_find_file.o)
 .comment       0x0000000000000023       0x24 ../ClockSW_bsp//libhal_bsp.a(alt_get_fd.o)
 .comment       0x0000000000000023       0x24 /home/estape/intelFPGA_lite/18.1/nios2eds/bin/gnu/H-x86_64-pc-linux-gnu/bin/../lib/gcc/nios2-elf/5.3.0/../../../../../H-x86_64-pc-linux-gnu/nios2-elf/lib/mno-hw-mul/libc.a(lib_a-atexit.o)
 .comment       0x0000000000000023       0x24 /home/estape/intelFPGA_lite/18.1/nios2eds/bin/gnu/H-x86_64-pc-linux-gnu/bin/../lib/gcc/nios2-elf/5.3.0/../../../../../H-x86_64-pc-linux-gnu/nios2-elf/lib/mno-hw-mul/libc.a(lib_a-exit.o)
 .comment       0x0000000000000023       0x24 /home/estape/intelFPGA_lite/18.1/nios2eds/bin/gnu/H-x86_64-pc-linux-gnu/bin/../lib/gcc/nios2-elf/5.3.0/../../../../../H-x86_64-pc-linux-gnu/nios2-elf/lib/mno-hw-mul/libc.a(lib_a-impure.o)
 .comment       0x0000000000000023       0x24 /home/estape/intelFPGA_lite/18.1/nios2eds/bin/gnu/H-x86_64-pc-linux-gnu/bin/../lib/gcc/nios2-elf/5.3.0/../../../../../H-x86_64-pc-linux-gnu/nios2-elf/lib/mno-hw-mul/libc.a(lib_a-int_errno.o)
 .comment       0x0000000000000023       0x24 /home/estape/intelFPGA_lite/18.1/nios2eds/bin/gnu/H-x86_64-pc-linux-gnu/bin/../lib/gcc/nios2-elf/5.3.0/../../../../../H-x86_64-pc-linux-gnu/nios2-elf/lib/mno-hw-mul/libc.a(lib_a-memcmp.o)
 .comment       0x0000000000000023       0x24 /home/estape/intelFPGA_lite/18.1/nios2eds/bin/gnu/H-x86_64-pc-linux-gnu/bin/../lib/gcc/nios2-elf/5.3.0/../../../../../H-x86_64-pc-linux-gnu/nios2-elf/lib/mno-hw-mul/libc.a(lib_a-memcpy.o)
 .comment       0x0000000000000023       0x24 /home/estape/intelFPGA_lite/18.1/nios2eds/bin/gnu/H-x86_64-pc-linux-gnu/bin/../lib/gcc/nios2-elf/5.3.0/../../../../../H-x86_64-pc-linux-gnu/nios2-elf/lib/mno-hw-mul/libc.a(lib_a-strlen.o)
 .comment       0x0000000000000023       0x24 /home/estape/intelFPGA_lite/18.1/nios2eds/bin/gnu/H-x86_64-pc-linux-gnu/bin/../lib/gcc/nios2-elf/5.3.0/../../../../../H-x86_64-pc-linux-gnu/nios2-elf/lib/mno-hw-mul/libc.a(lib_a-__atexit.o)
 .comment       0x0000000000000023       0x24 /home/estape/intelFPGA_lite/18.1/nios2eds/bin/gnu/H-x86_64-pc-linux-gnu/bin/../lib/gcc/nios2-elf/5.3.0/../../../../../H-x86_64-pc-linux-gnu/nios2-elf/lib/mno-hw-mul/libc.a(lib_a-__call_atexit.o)
 .comment       0x0000000000000023       0x24 /home/estape/intelFPGA_lite/18.1/nios2eds/bin/gnu/H-x86_64-pc-linux-gnu/bin/../lib/gcc/nios2-elf/5.3.0/mno-hw-mul/libgcc.a(lib2-divmod.o)
 .comment       0x0000000000000023       0x24 /home/estape/intelFPGA_lite/18.1/nios2eds/bin/gnu/H-x86_64-pc-linux-gnu/bin/../lib/gcc/nios2-elf/5.3.0/mno-hw-mul/libgcc.a(lib2-mul.o)
 .comment       0x0000000000000023       0x24 ../ClockSW_bsp//libhal_bsp.a(alt_exit.o)

.debug
 *(.debug)

.line
 *(.line)

.debug_srcinfo
 *(.debug_srcinfo)

.debug_sfnames
 *(.debug_sfnames)

.debug_aranges  0x0000000000000000      0x638
 *(.debug_aranges)
 .debug_aranges
                0x0000000000000000       0x28 ../ClockSW_bsp//obj/HAL/src/crt0.o
 .debug_aranges
                0x0000000000000028       0x20 obj/default/ClockSW.o
 .debug_aranges
                0x0000000000000048       0x20 ../ClockSW_bsp//libhal_bsp.a(alt_iic.o)
 .debug_aranges
                0x0000000000000068       0x20 ../ClockSW_bsp//libhal_bsp.a(alt_iic_isr_register.o)
 .debug_aranges
                0x0000000000000088       0x30 ../ClockSW_bsp//libhal_bsp.a(alt_irq_entry.o)
 .debug_aranges
                0x00000000000000b8       0x20 ../ClockSW_bsp//libhal_bsp.a(alt_irq_handler.o)
 .debug_aranges
                0x00000000000000d8       0x18 ../ClockSW_bsp//libhal_bsp.a(alt_irq_vars.o)
 .debug_aranges
                0x00000000000000f0       0x20 ../ClockSW_bsp//libhal_bsp.a(alt_load.o)
 .debug_aranges
                0x0000000000000110       0x20 ../ClockSW_bsp//libhal_bsp.a(alt_main.o)
 .debug_aranges
                0x0000000000000130       0x20 ../ClockSW_bsp//libhal_bsp.a(alt_usleep.o)
 .debug_aranges
                0x0000000000000150       0x20 ../ClockSW_bsp//libhal_bsp.a(alt_sys_init.o)
 .debug_aranges
                0x0000000000000170       0x20 ../ClockSW_bsp//libhal_bsp.a(altera_avalon_jtag_uart_fd.o)
 .debug_aranges
                0x0000000000000190       0x20 ../ClockSW_bsp//libhal_bsp.a(altera_avalon_jtag_uart_init.o)
 .debug_aranges
                0x00000000000001b0       0x20 ../ClockSW_bsp//libhal_bsp.a(altera_avalon_jtag_uart_ioctl.o)
 .debug_aranges
                0x00000000000001d0       0x20 ../ClockSW_bsp//libhal_bsp.a(altera_avalon_jtag_uart_read.o)
 .debug_aranges
                0x00000000000001f0       0x20 ../ClockSW_bsp//libhal_bsp.a(altera_avalon_jtag_uart_write.o)
 .debug_aranges
                0x0000000000000210       0x20 ../ClockSW_bsp//libhal_bsp.a(altera_avalon_timer_sc.o)
 .debug_aranges
                0x0000000000000230       0x20 ../ClockSW_bsp//libhal_bsp.a(alt_alarm_start.o)
 .debug_aranges
                0x0000000000000250       0x20 ../ClockSW_bsp//libhal_bsp.a(alt_busy_sleep.o)
 .debug_aranges
                0x0000000000000270       0x20 ../ClockSW_bsp//libhal_bsp.a(alt_close.o)
 .debug_aranges
                0x0000000000000290       0x20 ../ClockSW_bsp//libhal_bsp.a(alt_dcache_flush_all.o)
 .debug_aranges
                0x00000000000002b0       0x20 ../ClockSW_bsp//libhal_bsp.a(alt_dev.o)
 .debug_aranges
                0x00000000000002d0       0x20 ../ClockSW_bsp//libhal_bsp.a(alt_dev_llist_insert.o)
 .debug_aranges
                0x00000000000002f0       0x20 ../ClockSW_bsp//libhal_bsp.a(alt_do_ctors.o)
 .debug_aranges
                0x0000000000000310       0x20 ../ClockSW_bsp//libhal_bsp.a(alt_do_dtors.o)
 .debug_aranges
                0x0000000000000330       0x18 ../ClockSW_bsp//libhal_bsp.a(alt_errno.o)
 .debug_aranges
                0x0000000000000348       0x38 ../ClockSW_bsp//libhal_bsp.a(alt_exception_entry.o)
 .debug_aranges
                0x0000000000000380       0x20 ../ClockSW_bsp//libhal_bsp.a(alt_icache_flush_all.o)
 .debug_aranges
                0x00000000000003a0       0x28 ../ClockSW_bsp//libhal_bsp.a(alt_instruction_exception_entry.o)
 .debug_aranges
                0x00000000000003c8       0x20 ../ClockSW_bsp//libhal_bsp.a(alt_io_redirect.o)
 .debug_aranges
                0x00000000000003e8       0x20 ../ClockSW_bsp//libhal_bsp.a(alt_open.o)
 .debug_aranges
                0x0000000000000408       0x20 ../ClockSW_bsp//libhal_bsp.a(alt_release_fd.o)
 .debug_aranges
                0x0000000000000428       0x20 ../ClockSW_bsp//libhal_bsp.a(alt_tick.o)
 .debug_aranges
                0x0000000000000448       0x20 ../ClockSW_bsp//libhal_bsp.a(altera_nios2_gen2_irq.o)
 .debug_aranges
                0x0000000000000468       0x20 ../ClockSW_bsp//libhal_bsp.a(alt_find_dev.o)
 .debug_aranges
                0x0000000000000488       0x20 ../ClockSW_bsp//libhal_bsp.a(alt_find_file.o)
 .debug_aranges
                0x00000000000004a8       0x20 ../ClockSW_bsp//libhal_bsp.a(alt_get_fd.o)
 .debug_aranges
                0x00000000000004c8       0x20 /home/estape/intelFPGA_lite/18.1/nios2eds/bin/gnu/H-x86_64-pc-linux-gnu/bin/../lib/gcc/nios2-elf/5.3.0/../../../../../H-x86_64-pc-linux-gnu/nios2-elf/lib/mno-hw-mul/libc.a(lib_a-atexit.o)
 .debug_aranges
                0x00000000000004e8       0x20 /home/estape/intelFPGA_lite/18.1/nios2eds/bin/gnu/H-x86_64-pc-linux-gnu/bin/../lib/gcc/nios2-elf/5.3.0/../../../../../H-x86_64-pc-linux-gnu/nios2-elf/lib/mno-hw-mul/libc.a(lib_a-exit.o)
 .debug_aranges
                0x0000000000000508       0x18 /home/estape/intelFPGA_lite/18.1/nios2eds/bin/gnu/H-x86_64-pc-linux-gnu/bin/../lib/gcc/nios2-elf/5.3.0/../../../../../H-x86_64-pc-linux-gnu/nios2-elf/lib/mno-hw-mul/libc.a(lib_a-impure.o)
 .debug_aranges
                0x0000000000000520       0x18 /home/estape/intelFPGA_lite/18.1/nios2eds/bin/gnu/H-x86_64-pc-linux-gnu/bin/../lib/gcc/nios2-elf/5.3.0/../../../../../H-x86_64-pc-linux-gnu/nios2-elf/lib/mno-hw-mul/libc.a(lib_a-int_errno.o)
 .debug_aranges
                0x0000000000000538       0x20 /home/estape/intelFPGA_lite/18.1/nios2eds/bin/gnu/H-x86_64-pc-linux-gnu/bin/../lib/gcc/nios2-elf/5.3.0/../../../../../H-x86_64-pc-linux-gnu/nios2-elf/lib/mno-hw-mul/libc.a(lib_a-memcmp.o)
 .debug_aranges
                0x0000000000000558       0x20 /home/estape/intelFPGA_lite/18.1/nios2eds/bin/gnu/H-x86_64-pc-linux-gnu/bin/../lib/gcc/nios2-elf/5.3.0/../../../../../H-x86_64-pc-linux-gnu/nios2-elf/lib/mno-hw-mul/libc.a(lib_a-memcpy.o)
 .debug_aranges
                0x0000000000000578       0x20 /home/estape/intelFPGA_lite/18.1/nios2eds/bin/gnu/H-x86_64-pc-linux-gnu/bin/../lib/gcc/nios2-elf/5.3.0/../../../../../H-x86_64-pc-linux-gnu/nios2-elf/lib/mno-hw-mul/libc.a(lib_a-strlen.o)
 .debug_aranges
                0x0000000000000598       0x20 /home/estape/intelFPGA_lite/18.1/nios2eds/bin/gnu/H-x86_64-pc-linux-gnu/bin/../lib/gcc/nios2-elf/5.3.0/../../../../../H-x86_64-pc-linux-gnu/nios2-elf/lib/mno-hw-mul/libc.a(lib_a-__atexit.o)
 .debug_aranges
                0x00000000000005b8       0x20 /home/estape/intelFPGA_lite/18.1/nios2eds/bin/gnu/H-x86_64-pc-linux-gnu/bin/../lib/gcc/nios2-elf/5.3.0/../../../../../H-x86_64-pc-linux-gnu/nios2-elf/lib/mno-hw-mul/libc.a(lib_a-__call_atexit.o)
 .debug_aranges
                0x00000000000005d8       0x20 /home/estape/intelFPGA_lite/18.1/nios2eds/bin/gnu/H-x86_64-pc-linux-gnu/bin/../lib/gcc/nios2-elf/5.3.0/mno-hw-mul/libgcc.a(lib2-divmod.o)
 .debug_aranges
                0x00000000000005f8       0x20 /home/estape/intelFPGA_lite/18.1/nios2eds/bin/gnu/H-x86_64-pc-linux-gnu/bin/../lib/gcc/nios2-elf/5.3.0/mno-hw-mul/libgcc.a(lib2-mul.o)
 .debug_aranges
                0x0000000000000618       0x20 ../ClockSW_bsp//libhal_bsp.a(alt_exit.o)

.debug_pubnames
 *(.debug_pubnames)

.debug_info     0x0000000000000000     0x7de7
 *(.debug_info .gnu.linkonce.wi.*)
 .debug_info    0x0000000000000000       0x6e ../ClockSW_bsp//obj/HAL/src/crt0.o
 .debug_info    0x000000000000006e      0x319 obj/default/ClockSW.o
 .debug_info    0x0000000000000387      0x350 ../ClockSW_bsp//libhal_bsp.a(alt_iic.o)
 .debug_info    0x00000000000006d7      0x1ef ../ClockSW_bsp//libhal_bsp.a(alt_iic_isr_register.o)
 .debug_info    0x00000000000008c6       0x77 ../ClockSW_bsp//libhal_bsp.a(alt_irq_entry.o)
 .debug_info    0x000000000000093d      0x187 ../ClockSW_bsp//libhal_bsp.a(alt_irq_handler.o)
 .debug_info    0x0000000000000ac4       0x88 ../ClockSW_bsp//libhal_bsp.a(alt_irq_vars.o)
 .debug_info    0x0000000000000b4c      0x145 ../ClockSW_bsp//libhal_bsp.a(alt_load.o)
 .debug_info    0x0000000000000c91      0x131 ../ClockSW_bsp//libhal_bsp.a(alt_main.o)
 .debug_info    0x0000000000000dc2       0xb0 ../ClockSW_bsp//libhal_bsp.a(alt_usleep.o)
 .debug_info    0x0000000000000e72      0x4d9 ../ClockSW_bsp//libhal_bsp.a(alt_sys_init.o)
 .debug_info    0x000000000000134b      0x52e ../ClockSW_bsp//libhal_bsp.a(altera_avalon_jtag_uart_fd.o)
 .debug_info    0x0000000000001879      0x3a0 ../ClockSW_bsp//libhal_bsp.a(altera_avalon_jtag_uart_init.o)
 .debug_info    0x0000000000001c19      0x280 ../ClockSW_bsp//libhal_bsp.a(altera_avalon_jtag_uart_ioctl.o)
 .debug_info    0x0000000000001e99      0x345 ../ClockSW_bsp//libhal_bsp.a(altera_avalon_jtag_uart_read.o)
 .debug_info    0x00000000000021de      0x340 ../ClockSW_bsp//libhal_bsp.a(altera_avalon_jtag_uart_write.o)
 .debug_info    0x000000000000251e      0x226 ../ClockSW_bsp//libhal_bsp.a(altera_avalon_timer_sc.o)
 .debug_info    0x0000000000002744      0x2cc ../ClockSW_bsp//libhal_bsp.a(alt_alarm_start.o)
 .debug_info    0x0000000000002a10       0xd7 ../ClockSW_bsp//libhal_bsp.a(alt_busy_sleep.o)
 .debug_info    0x0000000000002ae7      0x321 ../ClockSW_bsp//libhal_bsp.a(alt_close.o)
 .debug_info    0x0000000000002e08       0x92 ../ClockSW_bsp//libhal_bsp.a(alt_dcache_flush_all.o)
 .debug_info    0x0000000000002e9a      0x49c ../ClockSW_bsp//libhal_bsp.a(alt_dev.o)
 .debug_info    0x0000000000003336      0x1a9 ../ClockSW_bsp//libhal_bsp.a(alt_dev_llist_insert.o)
 .debug_info    0x00000000000034df       0x83 ../ClockSW_bsp//libhal_bsp.a(alt_do_ctors.o)
 .debug_info    0x0000000000003562       0x83 ../ClockSW_bsp//libhal_bsp.a(alt_do_dtors.o)
 .debug_info    0x00000000000035e5       0xa6 ../ClockSW_bsp//libhal_bsp.a(alt_errno.o)
 .debug_info    0x000000000000368b       0x7d ../ClockSW_bsp//libhal_bsp.a(alt_exception_entry.o)
 .debug_info    0x0000000000003708       0x92 ../ClockSW_bsp//libhal_bsp.a(alt_icache_flush_all.o)
 .debug_info    0x000000000000379a      0x1e7 ../ClockSW_bsp//libhal_bsp.a(alt_instruction_exception_entry.o)
 .debug_info    0x0000000000003981      0x4a5 ../ClockSW_bsp//libhal_bsp.a(alt_io_redirect.o)
 .debug_info    0x0000000000003e26      0x3bb ../ClockSW_bsp//libhal_bsp.a(alt_open.o)
 .debug_info    0x00000000000041e1      0x2b0 ../ClockSW_bsp//libhal_bsp.a(alt_release_fd.o)
 .debug_info    0x0000000000004491      0x299 ../ClockSW_bsp//libhal_bsp.a(alt_tick.o)
 .debug_info    0x000000000000472a       0x92 ../ClockSW_bsp//libhal_bsp.a(altera_nios2_gen2_irq.o)
 .debug_info    0x00000000000047bc      0x2e9 ../ClockSW_bsp//libhal_bsp.a(alt_find_dev.o)
 .debug_info    0x0000000000004aa5      0x2e6 ../ClockSW_bsp//libhal_bsp.a(alt_find_file.o)
 .debug_info    0x0000000000004d8b      0x310 ../ClockSW_bsp//libhal_bsp.a(alt_get_fd.o)
 .debug_info    0x000000000000509b       0xfe /home/estape/intelFPGA_lite/18.1/nios2eds/bin/gnu/H-x86_64-pc-linux-gnu/bin/../lib/gcc/nios2-elf/5.3.0/../../../../../H-x86_64-pc-linux-gnu/nios2-elf/lib/mno-hw-mul/libc.a(lib_a-atexit.o)
 .debug_info    0x0000000000005199      0x8e4 /home/estape/intelFPGA_lite/18.1/nios2eds/bin/gnu/H-x86_64-pc-linux-gnu/bin/../lib/gcc/nios2-elf/5.3.0/../../../../../H-x86_64-pc-linux-gnu/nios2-elf/lib/mno-hw-mul/libc.a(lib_a-exit.o)
 .debug_info    0x0000000000005a7d      0x8a1 /home/estape/intelFPGA_lite/18.1/nios2eds/bin/gnu/H-x86_64-pc-linux-gnu/bin/../lib/gcc/nios2-elf/5.3.0/../../../../../H-x86_64-pc-linux-gnu/nios2-elf/lib/mno-hw-mul/libc.a(lib_a-impure.o)
 .debug_info    0x000000000000631e       0x8a /home/estape/intelFPGA_lite/18.1/nios2eds/bin/gnu/H-x86_64-pc-linux-gnu/bin/../lib/gcc/nios2-elf/5.3.0/../../../../../H-x86_64-pc-linux-gnu/nios2-elf/lib/mno-hw-mul/libc.a(lib_a-int_errno.o)
 .debug_info    0x00000000000063a8      0x11a /home/estape/intelFPGA_lite/18.1/nios2eds/bin/gnu/H-x86_64-pc-linux-gnu/bin/../lib/gcc/nios2-elf/5.3.0/../../../../../H-x86_64-pc-linux-gnu/nios2-elf/lib/mno-hw-mul/libc.a(lib_a-memcmp.o)
 .debug_info    0x00000000000064c2      0x144 /home/estape/intelFPGA_lite/18.1/nios2eds/bin/gnu/H-x86_64-pc-linux-gnu/bin/../lib/gcc/nios2-elf/5.3.0/../../../../../H-x86_64-pc-linux-gnu/nios2-elf/lib/mno-hw-mul/libc.a(lib_a-memcpy.o)
 .debug_info    0x0000000000006606       0xe2 /home/estape/intelFPGA_lite/18.1/nios2eds/bin/gnu/H-x86_64-pc-linux-gnu/bin/../lib/gcc/nios2-elf/5.3.0/../../../../../H-x86_64-pc-linux-gnu/nios2-elf/lib/mno-hw-mul/libc.a(lib_a-strlen.o)
 .debug_info    0x00000000000066e8      0x934 /home/estape/intelFPGA_lite/18.1/nios2eds/bin/gnu/H-x86_64-pc-linux-gnu/bin/../lib/gcc/nios2-elf/5.3.0/../../../../../H-x86_64-pc-linux-gnu/nios2-elf/lib/mno-hw-mul/libc.a(lib_a-__atexit.o)
 .debug_info    0x000000000000701c      0x965 /home/estape/intelFPGA_lite/18.1/nios2eds/bin/gnu/H-x86_64-pc-linux-gnu/bin/../lib/gcc/nios2-elf/5.3.0/../../../../../H-x86_64-pc-linux-gnu/nios2-elf/lib/mno-hw-mul/libc.a(lib_a-__call_atexit.o)
 .debug_info    0x0000000000007981      0x2c6 /home/estape/intelFPGA_lite/18.1/nios2eds/bin/gnu/H-x86_64-pc-linux-gnu/bin/../lib/gcc/nios2-elf/5.3.0/mno-hw-mul/libgcc.a(lib2-divmod.o)
 .debug_info    0x0000000000007c47       0xb4 /home/estape/intelFPGA_lite/18.1/nios2eds/bin/gnu/H-x86_64-pc-linux-gnu/bin/../lib/gcc/nios2-elf/5.3.0/mno-hw-mul/libgcc.a(lib2-mul.o)
 .debug_info    0x0000000000007cfb       0xec ../ClockSW_bsp//libhal_bsp.a(alt_exit.o)

.debug_abbrev   0x0000000000000000     0x2d28
 *(.debug_abbrev)
 .debug_abbrev  0x0000000000000000       0x12 ../ClockSW_bsp//obj/HAL/src/crt0.o
 .debug_abbrev  0x0000000000000012      0x133 obj/default/ClockSW.o
 .debug_abbrev  0x0000000000000145      0x163 ../ClockSW_bsp//libhal_bsp.a(alt_iic.o)
 .debug_abbrev  0x00000000000002a8      0x169 ../ClockSW_bsp//libhal_bsp.a(alt_iic_isr_register.o)
 .debug_abbrev  0x0000000000000411       0x12 ../ClockSW_bsp//libhal_bsp.a(alt_irq_entry.o)
 .debug_abbrev  0x0000000000000423      0x122 ../ClockSW_bsp//libhal_bsp.a(alt_irq_handler.o)
 .debug_abbrev  0x0000000000000545       0x40 ../ClockSW_bsp//libhal_bsp.a(alt_irq_vars.o)
 .debug_abbrev  0x0000000000000585       0x9f ../ClockSW_bsp//libhal_bsp.a(alt_load.o)
 .debug_abbrev  0x0000000000000624       0xba ../ClockSW_bsp//libhal_bsp.a(alt_main.o)
 .debug_abbrev  0x00000000000006de       0x60 ../ClockSW_bsp//libhal_bsp.a(alt_usleep.o)
 .debug_abbrev  0x000000000000073e      0x187 ../ClockSW_bsp//libhal_bsp.a(alt_sys_init.o)
 .debug_abbrev  0x00000000000008c5      0x127 ../ClockSW_bsp//libhal_bsp.a(altera_avalon_jtag_uart_fd.o)
 .debug_abbrev  0x00000000000009ec      0x19e ../ClockSW_bsp//libhal_bsp.a(altera_avalon_jtag_uart_init.o)
 .debug_abbrev  0x0000000000000b8a      0x111 ../ClockSW_bsp//libhal_bsp.a(altera_avalon_jtag_uart_ioctl.o)
 .debug_abbrev  0x0000000000000c9b      0x1aa ../ClockSW_bsp//libhal_bsp.a(altera_avalon_jtag_uart_read.o)
 .debug_abbrev  0x0000000000000e45      0x1a8 ../ClockSW_bsp//libhal_bsp.a(altera_avalon_jtag_uart_write.o)
 .debug_abbrev  0x0000000000000fed      0x155 ../ClockSW_bsp//libhal_bsp.a(altera_avalon_timer_sc.o)
 .debug_abbrev  0x0000000000001142      0x162 ../ClockSW_bsp//libhal_bsp.a(alt_alarm_start.o)
 .debug_abbrev  0x00000000000012a4       0x7e ../ClockSW_bsp//libhal_bsp.a(alt_busy_sleep.o)
 .debug_abbrev  0x0000000000001322      0x11f ../ClockSW_bsp//libhal_bsp.a(alt_close.o)
 .debug_abbrev  0x0000000000001441       0x42 ../ClockSW_bsp//libhal_bsp.a(alt_dcache_flush_all.o)
 .debug_abbrev  0x0000000000001483       0xd9 ../ClockSW_bsp//libhal_bsp.a(alt_dev.o)
 .debug_abbrev  0x000000000000155c      0x114 ../ClockSW_bsp//libhal_bsp.a(alt_dev_llist_insert.o)
 .debug_abbrev  0x0000000000001670       0x79 ../ClockSW_bsp//libhal_bsp.a(alt_do_ctors.o)
 .debug_abbrev  0x00000000000016e9       0x79 ../ClockSW_bsp//libhal_bsp.a(alt_do_dtors.o)
 .debug_abbrev  0x0000000000001762       0x5a ../ClockSW_bsp//libhal_bsp.a(alt_errno.o)
 .debug_abbrev  0x00000000000017bc       0x12 ../ClockSW_bsp//libhal_bsp.a(alt_exception_entry.o)
 .debug_abbrev  0x00000000000017ce       0x42 ../ClockSW_bsp//libhal_bsp.a(alt_icache_flush_all.o)
 .debug_abbrev  0x0000000000001810       0xdc ../ClockSW_bsp//libhal_bsp.a(alt_instruction_exception_entry.o)
 .debug_abbrev  0x00000000000018ec      0x114 ../ClockSW_bsp//libhal_bsp.a(alt_io_redirect.o)
 .debug_abbrev  0x0000000000001a00      0x148 ../ClockSW_bsp//libhal_bsp.a(alt_open.o)
 .debug_abbrev  0x0000000000001b48       0xde ../ClockSW_bsp//libhal_bsp.a(alt_release_fd.o)
 .debug_abbrev  0x0000000000001c26      0x15a ../ClockSW_bsp//libhal_bsp.a(alt_tick.o)
 .debug_abbrev  0x0000000000001d80       0x42 ../ClockSW_bsp//libhal_bsp.a(altera_nios2_gen2_irq.o)
 .debug_abbrev  0x0000000000001dc2       0xf0 ../ClockSW_bsp//libhal_bsp.a(alt_find_dev.o)
 .debug_abbrev  0x0000000000001eb2       0xf0 ../ClockSW_bsp//libhal_bsp.a(alt_find_file.o)
 .debug_abbrev  0x0000000000001fa2      0x10d ../ClockSW_bsp//libhal_bsp.a(alt_get_fd.o)
 .debug_abbrev  0x00000000000020af       0xaa /home/estape/intelFPGA_lite/18.1/nios2eds/bin/gnu/H-x86_64-pc-linux-gnu/bin/../lib/gcc/nios2-elf/5.3.0/../../../../../H-x86_64-pc-linux-gnu/nios2-elf/lib/mno-hw-mul/libc.a(lib_a-atexit.o)
 .debug_abbrev  0x0000000000002159      0x1e5 /home/estape/intelFPGA_lite/18.1/nios2eds/bin/gnu/H-x86_64-pc-linux-gnu/bin/../lib/gcc/nios2-elf/5.3.0/../../../../../H-x86_64-pc-linux-gnu/nios2-elf/lib/mno-hw-mul/libc.a(lib_a-exit.o)
 .debug_abbrev  0x000000000000233e      0x18f /home/estape/intelFPGA_lite/18.1/nios2eds/bin/gnu/H-x86_64-pc-linux-gnu/bin/../lib/gcc/nios2-elf/5.3.0/../../../../../H-x86_64-pc-linux-gnu/nios2-elf/lib/mno-hw-mul/libc.a(lib_a-impure.o)
 .debug_abbrev  0x00000000000024cd       0x37 /home/estape/intelFPGA_lite/18.1/nios2eds/bin/gnu/H-x86_64-pc-linux-gnu/bin/../lib/gcc/nios2-elf/5.3.0/../../../../../H-x86_64-pc-linux-gnu/nios2-elf/lib/mno-hw-mul/libc.a(lib_a-int_errno.o)
 .debug_abbrev  0x0000000000002504       0x7f /home/estape/intelFPGA_lite/18.1/nios2eds/bin/gnu/H-x86_64-pc-linux-gnu/bin/../lib/gcc/nios2-elf/5.3.0/../../../../../H-x86_64-pc-linux-gnu/nios2-elf/lib/mno-hw-mul/libc.a(lib_a-memcmp.o)
 .debug_abbrev  0x0000000000002583       0xa3 /home/estape/intelFPGA_lite/18.1/nios2eds/bin/gnu/H-x86_64-pc-linux-gnu/bin/../lib/gcc/nios2-elf/5.3.0/../../../../../H-x86_64-pc-linux-gnu/nios2-elf/lib/mno-hw-mul/libc.a(lib_a-memcpy.o)
 .debug_abbrev  0x0000000000002626       0x90 /home/estape/intelFPGA_lite/18.1/nios2eds/bin/gnu/H-x86_64-pc-linux-gnu/bin/../lib/gcc/nios2-elf/5.3.0/../../../../../H-x86_64-pc-linux-gnu/nios2-elf/lib/mno-hw-mul/libc.a(lib_a-strlen.o)
 .debug_abbrev  0x00000000000026b6      0x21e /home/estape/intelFPGA_lite/18.1/nios2eds/bin/gnu/H-x86_64-pc-linux-gnu/bin/../lib/gcc/nios2-elf/5.3.0/../../../../../H-x86_64-pc-linux-gnu/nios2-elf/lib/mno-hw-mul/libc.a(lib_a-__atexit.o)
 .debug_abbrev  0x00000000000028d4      0x22e /home/estape/intelFPGA_lite/18.1/nios2eds/bin/gnu/H-x86_64-pc-linux-gnu/bin/../lib/gcc/nios2-elf/5.3.0/../../../../../H-x86_64-pc-linux-gnu/nios2-elf/lib/mno-hw-mul/libc.a(lib_a-__call_atexit.o)
 .debug_abbrev  0x0000000000002b02      0x10e /home/estape/intelFPGA_lite/18.1/nios2eds/bin/gnu/H-x86_64-pc-linux-gnu/bin/../lib/gcc/nios2-elf/5.3.0/mno-hw-mul/libgcc.a(lib2-divmod.o)
 .debug_abbrev  0x0000000000002c10       0x6f /home/estape/intelFPGA_lite/18.1/nios2eds/bin/gnu/H-x86_64-pc-linux-gnu/bin/../lib/gcc/nios2-elf/5.3.0/mno-hw-mul/libgcc.a(lib2-mul.o)
 .debug_abbrev  0x0000000000002c7f       0xa9 ../ClockSW_bsp//libhal_bsp.a(alt_exit.o)

.debug_line     0x0000000000000000     0x2dde
 *(.debug_line)
 .debug_line    0x0000000000000000       0x66 ../ClockSW_bsp//obj/HAL/src/crt0.o
 .debug_line    0x0000000000000066      0x122 obj/default/ClockSW.o
 .debug_line    0x0000000000000188       0xeb ../ClockSW_bsp//libhal_bsp.a(alt_iic.o)
 .debug_line    0x0000000000000273       0xdb ../ClockSW_bsp//libhal_bsp.a(alt_iic_isr_register.o)
 .debug_line    0x000000000000034e       0x6b ../ClockSW_bsp//libhal_bsp.a(alt_irq_entry.o)
 .debug_line    0x00000000000003b9       0xaa ../ClockSW_bsp//libhal_bsp.a(alt_irq_handler.o)
 .debug_line    0x0000000000000463       0x50 ../ClockSW_bsp//libhal_bsp.a(alt_irq_vars.o)
 .debug_line    0x00000000000004b3       0x8e ../ClockSW_bsp//libhal_bsp.a(alt_load.o)
 .debug_line    0x0000000000000541       0xa4 ../ClockSW_bsp//libhal_bsp.a(alt_main.o)
 .debug_line    0x00000000000005e5       0xbc ../ClockSW_bsp//libhal_bsp.a(alt_usleep.o)
 .debug_line    0x00000000000006a1      0x152 ../ClockSW_bsp//libhal_bsp.a(alt_sys_init.o)
 .debug_line    0x00000000000007f3      0x12f ../ClockSW_bsp//libhal_bsp.a(altera_avalon_jtag_uart_fd.o)
 .debug_line    0x0000000000000922      0x18b ../ClockSW_bsp//libhal_bsp.a(altera_avalon_jtag_uart_init.o)
 .debug_line    0x0000000000000aad      0x131 ../ClockSW_bsp//libhal_bsp.a(altera_avalon_jtag_uart_ioctl.o)
 .debug_line    0x0000000000000bde      0x171 ../ClockSW_bsp//libhal_bsp.a(altera_avalon_jtag_uart_read.o)
 .debug_line    0x0000000000000d4f      0x170 ../ClockSW_bsp//libhal_bsp.a(altera_avalon_jtag_uart_write.o)
 .debug_line    0x0000000000000ebf       0xfd ../ClockSW_bsp//libhal_bsp.a(altera_avalon_timer_sc.o)
 .debug_line    0x0000000000000fbc       0xf9 ../ClockSW_bsp//libhal_bsp.a(alt_alarm_start.o)
 .debug_line    0x00000000000010b5       0xa2 ../ClockSW_bsp//libhal_bsp.a(alt_busy_sleep.o)
 .debug_line    0x0000000000001157      0x174 ../ClockSW_bsp//libhal_bsp.a(alt_close.o)
 .debug_line    0x00000000000012cb       0x51 ../ClockSW_bsp//libhal_bsp.a(alt_dcache_flush_all.o)
 .debug_line    0x000000000000131c      0x107 ../ClockSW_bsp//libhal_bsp.a(alt_dev.o)
 .debug_line    0x0000000000001423       0xcf ../ClockSW_bsp//libhal_bsp.a(alt_dev_llist_insert.o)
 .debug_line    0x00000000000014f2       0x59 ../ClockSW_bsp//libhal_bsp.a(alt_do_ctors.o)
 .debug_line    0x000000000000154b       0x59 ../ClockSW_bsp//libhal_bsp.a(alt_do_dtors.o)
 .debug_line    0x00000000000015a4       0x51 ../ClockSW_bsp//libhal_bsp.a(alt_errno.o)
 .debug_line    0x00000000000015f5       0xb3 ../ClockSW_bsp//libhal_bsp.a(alt_exception_entry.o)
 .debug_line    0x00000000000016a8       0x4f ../ClockSW_bsp//libhal_bsp.a(alt_icache_flush_all.o)
 .debug_line    0x00000000000016f7       0xb9 ../ClockSW_bsp//libhal_bsp.a(alt_instruction_exception_entry.o)
 .debug_line    0x00000000000017b0      0x144 ../ClockSW_bsp//libhal_bsp.a(alt_io_redirect.o)
 .debug_line    0x00000000000018f4      0x12b ../ClockSW_bsp//libhal_bsp.a(alt_open.o)
 .debug_line    0x0000000000001a1f       0xb0 ../ClockSW_bsp//libhal_bsp.a(alt_release_fd.o)
 .debug_line    0x0000000000001acf       0xff ../ClockSW_bsp//libhal_bsp.a(alt_tick.o)
 .debug_line    0x0000000000001bce       0x51 ../ClockSW_bsp//libhal_bsp.a(altera_nios2_gen2_irq.o)
 .debug_line    0x0000000000001c1f       0xb5 ../ClockSW_bsp//libhal_bsp.a(alt_find_dev.o)
 .debug_line    0x0000000000001cd4       0xd1 ../ClockSW_bsp//libhal_bsp.a(alt_find_file.o)
 .debug_line    0x0000000000001da5       0xd7 ../ClockSW_bsp//libhal_bsp.a(alt_get_fd.o)
 .debug_line    0x0000000000001e7c       0xe7 /home/estape/intelFPGA_lite/18.1/nios2eds/bin/gnu/H-x86_64-pc-linux-gnu/bin/../lib/gcc/nios2-elf/5.3.0/../../../../../H-x86_64-pc-linux-gnu/nios2-elf/lib/mno-hw-mul/libc.a(lib_a-atexit.o)
 .debug_line    0x0000000000001f63      0x1fc /home/estape/intelFPGA_lite/18.1/nios2eds/bin/gnu/H-x86_64-pc-linux-gnu/bin/../lib/gcc/nios2-elf/5.3.0/../../../../../H-x86_64-pc-linux-gnu/nios2-elf/lib/mno-hw-mul/libc.a(lib_a-exit.o)
 .debug_line    0x000000000000215f      0x160 /home/estape/intelFPGA_lite/18.1/nios2eds/bin/gnu/H-x86_64-pc-linux-gnu/bin/../lib/gcc/nios2-elf/5.3.0/../../../../../H-x86_64-pc-linux-gnu/nios2-elf/lib/mno-hw-mul/libc.a(lib_a-impure.o)
 .debug_line    0x00000000000022bf       0x5f /home/estape/intelFPGA_lite/18.1/nios2eds/bin/gnu/H-x86_64-pc-linux-gnu/bin/../lib/gcc/nios2-elf/5.3.0/../../../../../H-x86_64-pc-linux-gnu/nios2-elf/lib/mno-hw-mul/libc.a(lib_a-int_errno.o)
 .debug_line    0x000000000000231e      0x176 /home/estape/intelFPGA_lite/18.1/nios2eds/bin/gnu/H-x86_64-pc-linux-gnu/bin/../lib/gcc/nios2-elf/5.3.0/../../../../../H-x86_64-pc-linux-gnu/nios2-elf/lib/mno-hw-mul/libc.a(lib_a-memcmp.o)
 .debug_line    0x0000000000002494      0x18c /home/estape/intelFPGA_lite/18.1/nios2eds/bin/gnu/H-x86_64-pc-linux-gnu/bin/../lib/gcc/nios2-elf/5.3.0/../../../../../H-x86_64-pc-linux-gnu/nios2-elf/lib/mno-hw-mul/libc.a(lib_a-memcpy.o)
 .debug_line    0x0000000000002620      0x16f /home/estape/intelFPGA_lite/18.1/nios2eds/bin/gnu/H-x86_64-pc-linux-gnu/bin/../lib/gcc/nios2-elf/5.3.0/../../../../../H-x86_64-pc-linux-gnu/nios2-elf/lib/mno-hw-mul/libc.a(lib_a-strlen.o)
 .debug_line    0x000000000000278f      0x21f /home/estape/intelFPGA_lite/18.1/nios2eds/bin/gnu/H-x86_64-pc-linux-gnu/bin/../lib/gcc/nios2-elf/5.3.0/../../../../../H-x86_64-pc-linux-gnu/nios2-elf/lib/mno-hw-mul/libc.a(lib_a-__atexit.o)
 .debug_line    0x00000000000029ae      0x23a /home/estape/intelFPGA_lite/18.1/nios2eds/bin/gnu/H-x86_64-pc-linux-gnu/bin/../lib/gcc/nios2-elf/5.3.0/../../../../../H-x86_64-pc-linux-gnu/nios2-elf/lib/mno-hw-mul/libc.a(lib_a-__call_atexit.o)
 .debug_line    0x0000000000002be8      0x105 /home/estape/intelFPGA_lite/18.1/nios2eds/bin/gnu/H-x86_64-pc-linux-gnu/bin/../lib/gcc/nios2-elf/5.3.0/mno-hw-mul/libgcc.a(lib2-divmod.o)
 .debug_line    0x0000000000002ced       0x80 /home/estape/intelFPGA_lite/18.1/nios2eds/bin/gnu/H-x86_64-pc-linux-gnu/bin/../lib/gcc/nios2-elf/5.3.0/mno-hw-mul/libgcc.a(lib2-mul.o)
 .debug_line    0x0000000000002d6d       0x71 ../ClockSW_bsp//libhal_bsp.a(alt_exit.o)

.debug_frame    0x0000000000000000      0xcdc
 *(.debug_frame)
 .debug_frame   0x0000000000000000      0x144 obj/default/ClockSW.o
 .debug_frame   0x0000000000000144       0xa4 ../ClockSW_bsp//libhal_bsp.a(alt_iic.o)
 .debug_frame   0x00000000000001e8       0x38 ../ClockSW_bsp//libhal_bsp.a(alt_iic_isr_register.o)
 .debug_frame   0x0000000000000220       0x38 ../ClockSW_bsp//libhal_bsp.a(alt_irq_handler.o)
 .debug_frame   0x0000000000000258       0x5c ../ClockSW_bsp//libhal_bsp.a(alt_load.o)
 .debug_frame   0x00000000000002b4       0x2c ../ClockSW_bsp//libhal_bsp.a(alt_main.o)
 .debug_frame   0x00000000000002e0       0x38 ../ClockSW_bsp//libhal_bsp.a(alt_usleep.o)
 .debug_frame   0x0000000000000318       0x88 ../ClockSW_bsp//libhal_bsp.a(alt_sys_init.o)
 .debug_frame   0x00000000000003a0       0xb0 ../ClockSW_bsp//libhal_bsp.a(altera_avalon_jtag_uart_fd.o)
 .debug_frame   0x0000000000000450       0xa4 ../ClockSW_bsp//libhal_bsp.a(altera_avalon_jtag_uart_init.o)
 .debug_frame   0x00000000000004f4       0x34 ../ClockSW_bsp//libhal_bsp.a(altera_avalon_jtag_uart_ioctl.o)
 .debug_frame   0x0000000000000528       0x38 ../ClockSW_bsp//libhal_bsp.a(altera_avalon_jtag_uart_read.o)
 .debug_frame   0x0000000000000560       0x38 ../ClockSW_bsp//libhal_bsp.a(altera_avalon_jtag_uart_write.o)
 .debug_frame   0x0000000000000598       0x60 ../ClockSW_bsp//libhal_bsp.a(altera_avalon_timer_sc.o)
 .debug_frame   0x00000000000005f8       0x34 ../ClockSW_bsp//libhal_bsp.a(alt_alarm_start.o)
 .debug_frame   0x000000000000062c       0x38 ../ClockSW_bsp//libhal_bsp.a(alt_busy_sleep.o)
 .debug_frame   0x0000000000000664       0x60 ../ClockSW_bsp//libhal_bsp.a(alt_close.o)
 .debug_frame   0x00000000000006c4       0x34 ../ClockSW_bsp//libhal_bsp.a(alt_dcache_flush_all.o)
 .debug_frame   0x00000000000006f8       0x34 ../ClockSW_bsp//libhal_bsp.a(alt_dev.o)
 .debug_frame   0x000000000000072c       0x60 ../ClockSW_bsp//libhal_bsp.a(alt_dev_llist_insert.o)
 .debug_frame   0x000000000000078c       0x38 ../ClockSW_bsp//libhal_bsp.a(alt_do_ctors.o)
 .debug_frame   0x00000000000007c4       0x38 ../ClockSW_bsp//libhal_bsp.a(alt_do_dtors.o)
 .debug_frame   0x00000000000007fc       0x34 ../ClockSW_bsp//libhal_bsp.a(alt_icache_flush_all.o)
 .debug_frame   0x0000000000000830       0x5c ../ClockSW_bsp//libhal_bsp.a(alt_instruction_exception_entry.o)
 .debug_frame   0x000000000000088c       0x64 ../ClockSW_bsp//libhal_bsp.a(alt_io_redirect.o)
 .debug_frame   0x00000000000008f0       0x8c ../ClockSW_bsp//libhal_bsp.a(alt_open.o)
 .debug_frame   0x000000000000097c       0x3c ../ClockSW_bsp//libhal_bsp.a(alt_release_fd.o)
 .debug_frame   0x00000000000009b8       0x5c ../ClockSW_bsp//libhal_bsp.a(alt_tick.o)
 .debug_frame   0x0000000000000a14       0x34 ../ClockSW_bsp//libhal_bsp.a(altera_nios2_gen2_irq.o)
 .debug_frame   0x0000000000000a48       0x38 ../ClockSW_bsp//libhal_bsp.a(alt_find_dev.o)
 .debug_frame   0x0000000000000a80       0x38 ../ClockSW_bsp//libhal_bsp.a(alt_find_file.o)
 .debug_frame   0x0000000000000ab8       0x3c ../ClockSW_bsp//libhal_bsp.a(alt_get_fd.o)
 .debug_frame   0x0000000000000af4       0x20 /home/estape/intelFPGA_lite/18.1/nios2eds/bin/gnu/H-x86_64-pc-linux-gnu/bin/../lib/gcc/nios2-elf/5.3.0/../../../../../H-x86_64-pc-linux-gnu/nios2-elf/lib/mno-hw-mul/libc.a(lib_a-atexit.o)
 .debug_frame   0x0000000000000b14       0x28 /home/estape/intelFPGA_lite/18.1/nios2eds/bin/gnu/H-x86_64-pc-linux-gnu/bin/../lib/gcc/nios2-elf/5.3.0/../../../../../H-x86_64-pc-linux-gnu/nios2-elf/lib/mno-hw-mul/libc.a(lib_a-exit.o)
 .debug_frame   0x0000000000000b3c       0x20 /home/estape/intelFPGA_lite/18.1/nios2eds/bin/gnu/H-x86_64-pc-linux-gnu/bin/../lib/gcc/nios2-elf/5.3.0/../../../../../H-x86_64-pc-linux-gnu/nios2-elf/lib/mno-hw-mul/libc.a(lib_a-memcmp.o)
 .debug_frame   0x0000000000000b5c       0x38 /home/estape/intelFPGA_lite/18.1/nios2eds/bin/gnu/H-x86_64-pc-linux-gnu/bin/../lib/gcc/nios2-elf/5.3.0/../../../../../H-x86_64-pc-linux-gnu/nios2-elf/lib/mno-hw-mul/libc.a(lib_a-memcpy.o)
 .debug_frame   0x0000000000000b94       0x20 /home/estape/intelFPGA_lite/18.1/nios2eds/bin/gnu/H-x86_64-pc-linux-gnu/bin/../lib/gcc/nios2-elf/5.3.0/../../../../../H-x86_64-pc-linux-gnu/nios2-elf/lib/mno-hw-mul/libc.a(lib_a-strlen.o)
 .debug_frame   0x0000000000000bb4       0x38 /home/estape/intelFPGA_lite/18.1/nios2eds/bin/gnu/H-x86_64-pc-linux-gnu/bin/../lib/gcc/nios2-elf/5.3.0/../../../../../H-x86_64-pc-linux-gnu/nios2-elf/lib/mno-hw-mul/libc.a(lib_a-__atexit.o)
 .debug_frame   0x0000000000000bec       0x54 /home/estape/intelFPGA_lite/18.1/nios2eds/bin/gnu/H-x86_64-pc-linux-gnu/bin/../lib/gcc/nios2-elf/5.3.0/../../../../../H-x86_64-pc-linux-gnu/nios2-elf/lib/mno-hw-mul/libc.a(lib_a-__call_atexit.o)
 .debug_frame   0x0000000000000c40       0x50 /home/estape/intelFPGA_lite/18.1/nios2eds/bin/gnu/H-x86_64-pc-linux-gnu/bin/../lib/gcc/nios2-elf/5.3.0/mno-hw-mul/libgcc.a(lib2-divmod.o)
 .debug_frame   0x0000000000000c90       0x20 /home/estape/intelFPGA_lite/18.1/nios2eds/bin/gnu/H-x86_64-pc-linux-gnu/bin/../lib/gcc/nios2-elf/5.3.0/mno-hw-mul/libgcc.a(lib2-mul.o)
 .debug_frame   0x0000000000000cb0       0x2c ../ClockSW_bsp//libhal_bsp.a(alt_exit.o)

.debug_str      0x0000000000000000     0x1e4d
 *(.debug_str)
 .debug_str     0x0000000000000000      0x264 obj/default/ClockSW.o
                                        0x2b5 (size before relaxing)
 .debug_str     0x0000000000000264      0x13d ../ClockSW_bsp//libhal_bsp.a(alt_iic.o)
                                        0x23e (size before relaxing)
 .debug_str     0x00000000000003a1       0x4c ../ClockSW_bsp//libhal_bsp.a(alt_iic_isr_register.o)
                                        0x1e8 (size before relaxing)
 .debug_str     0x00000000000003ed       0x3a ../ClockSW_bsp//libhal_bsp.a(alt_irq_handler.o)
                                        0x197 (size before relaxing)
 .debug_str     0x0000000000000427       0x17 ../ClockSW_bsp//libhal_bsp.a(alt_irq_vars.o)
                                        0x13a (size before relaxing)
 .debug_str     0x000000000000043e       0xe9 ../ClockSW_bsp//libhal_bsp.a(alt_load.o)
                                        0x212 (size before relaxing)
 .debug_str     0x0000000000000527       0x70 ../ClockSW_bsp//libhal_bsp.a(alt_main.o)
                                        0x19d (size before relaxing)
 .debug_str     0x0000000000000597       0x27 ../ClockSW_bsp//libhal_bsp.a(alt_usleep.o)
                                        0x148 (size before relaxing)
 .debug_str     0x00000000000005be      0x1d3 ../ClockSW_bsp//libhal_bsp.a(alt_sys_init.o)
                                        0x389 (size before relaxing)
 .debug_str     0x0000000000000791       0xb9 ../ClockSW_bsp//libhal_bsp.a(altera_avalon_jtag_uart_fd.o)
                                        0x3a4 (size before relaxing)
 .debug_str     0x000000000000084a       0xd1 ../ClockSW_bsp//libhal_bsp.a(altera_avalon_jtag_uart_init.o)
                                        0x338 (size before relaxing)
 .debug_str     0x000000000000091b       0x4a ../ClockSW_bsp//libhal_bsp.a(altera_avalon_jtag_uart_ioctl.o)
                                        0x293 (size before relaxing)
 .debug_str     0x0000000000000965       0x48 ../ClockSW_bsp//libhal_bsp.a(altera_avalon_jtag_uart_read.o)
                                        0x2e8 (size before relaxing)
 .debug_str     0x00000000000009ad       0x4a ../ClockSW_bsp//libhal_bsp.a(altera_avalon_jtag_uart_write.o)
                                        0x2e9 (size before relaxing)
 .debug_str     0x00000000000009f7       0x6d ../ClockSW_bsp//libhal_bsp.a(altera_avalon_timer_sc.o)
                                        0x24b (size before relaxing)
 .debug_str     0x0000000000000a64       0x59 ../ClockSW_bsp//libhal_bsp.a(alt_alarm_start.o)
                                        0x27e (size before relaxing)
 .debug_str     0x0000000000000abd       0x42 ../ClockSW_bsp//libhal_bsp.a(alt_busy_sleep.o)
                                        0x16b (size before relaxing)
 .debug_str     0x0000000000000aff       0x44 ../ClockSW_bsp//libhal_bsp.a(alt_close.o)
                                        0x20b (size before relaxing)
 .debug_str     0x0000000000000b43       0x34 ../ClockSW_bsp//libhal_bsp.a(alt_dcache_flush_all.o)
                                        0x155 (size before relaxing)
 .debug_str     0x0000000000000b77      0x120 ../ClockSW_bsp//libhal_bsp.a(alt_dev.o)
                                        0x305 (size before relaxing)
 .debug_str     0x0000000000000c97       0x34 ../ClockSW_bsp//libhal_bsp.a(alt_dev_llist_insert.o)
                                        0x1cc (size before relaxing)
 .debug_str     0x0000000000000ccb       0x48 ../ClockSW_bsp//libhal_bsp.a(alt_do_ctors.o)
                                         0xd0 (size before relaxing)
 .debug_str     0x0000000000000d13       0x4c ../ClockSW_bsp//libhal_bsp.a(alt_do_dtors.o)
                                         0xcf (size before relaxing)
 .debug_str     0x0000000000000d5f       0x14 ../ClockSW_bsp//libhal_bsp.a(alt_errno.o)
                                        0x145 (size before relaxing)
 .debug_str     0x0000000000000d73       0x34 ../ClockSW_bsp//libhal_bsp.a(alt_icache_flush_all.o)
                                        0x155 (size before relaxing)
 .debug_str     0x0000000000000da7      0x48b ../ClockSW_bsp//libhal_bsp.a(alt_instruction_exception_entry.o)
                                        0x5a0 (size before relaxing)
 .debug_str     0x0000000000001232       0x56 ../ClockSW_bsp//libhal_bsp.a(alt_io_redirect.o)
                                        0x316 (size before relaxing)
 .debug_str     0x0000000000001288       0x2f ../ClockSW_bsp//libhal_bsp.a(alt_open.o)
                                        0x24b (size before relaxing)
 .debug_str     0x00000000000012b7       0x28 ../ClockSW_bsp//libhal_bsp.a(alt_release_fd.o)
                                        0x1d3 (size before relaxing)
 .debug_str     0x00000000000012df       0x4a ../ClockSW_bsp//libhal_bsp.a(alt_tick.o)
                                        0x252 (size before relaxing)
 .debug_str     0x0000000000001329       0x3b ../ClockSW_bsp//libhal_bsp.a(altera_nios2_gen2_irq.o)
                                        0x15c (size before relaxing)
 .debug_str     0x0000000000001364       0x24 ../ClockSW_bsp//libhal_bsp.a(alt_find_dev.o)
                                        0x1ec (size before relaxing)
 .debug_str     0x0000000000001388       0x26 ../ClockSW_bsp//libhal_bsp.a(alt_find_file.o)
                                        0x1fa (size before relaxing)
 .debug_str     0x00000000000013ae       0x30 ../ClockSW_bsp//libhal_bsp.a(alt_get_fd.o)
                                        0x21c (size before relaxing)
 .debug_str     0x00000000000013de      0x17d /home/estape/intelFPGA_lite/18.1/nios2eds/bin/gnu/H-x86_64-pc-linux-gnu/bin/../lib/gcc/nios2-elf/5.3.0/../../../../../H-x86_64-pc-linux-gnu/nios2-elf/lib/mno-hw-mul/libc.a(lib_a-atexit.o)
                                        0x222 (size before relaxing)
 .debug_str     0x000000000000155b      0x3af /home/estape/intelFPGA_lite/18.1/nios2eds/bin/gnu/H-x86_64-pc-linux-gnu/bin/../lib/gcc/nios2-elf/5.3.0/../../../../../H-x86_64-pc-linux-gnu/nios2-elf/lib/mno-hw-mul/libc.a(lib_a-exit.o)
                                        0x5bf (size before relaxing)
 .debug_str     0x000000000000190a       0xd7 /home/estape/intelFPGA_lite/18.1/nios2eds/bin/gnu/H-x86_64-pc-linux-gnu/bin/../lib/gcc/nios2-elf/5.3.0/../../../../../H-x86_64-pc-linux-gnu/nios2-elf/lib/mno-hw-mul/libc.a(lib_a-impure.o)
                                        0x5b6 (size before relaxing)
 .debug_str     0x00000000000019e1       0x3f /home/estape/intelFPGA_lite/18.1/nios2eds/bin/gnu/H-x86_64-pc-linux-gnu/bin/../lib/gcc/nios2-elf/5.3.0/../../../../../H-x86_64-pc-linux-gnu/nios2-elf/lib/mno-hw-mul/libc.a(lib_a-int_errno.o)
                                        0x1de (size before relaxing)
 .debug_str     0x0000000000001a20       0xdb /home/estape/intelFPGA_lite/18.1/nios2eds/bin/gnu/H-x86_64-pc-linux-gnu/bin/../lib/gcc/nios2-elf/5.3.0/../../../../../H-x86_64-pc-linux-gnu/nios2-elf/lib/mno-hw-mul/libc.a(lib_a-memcmp.o)
                                        0x1e5 (size before relaxing)
 .debug_str     0x0000000000001afb       0x6b /home/estape/intelFPGA_lite/18.1/nios2eds/bin/gnu/H-x86_64-pc-linux-gnu/bin/../lib/gcc/nios2-elf/5.3.0/../../../../../H-x86_64-pc-linux-gnu/nios2-elf/lib/mno-hw-mul/libc.a(lib_a-memcpy.o)
                                        0x20c (size before relaxing)
 .debug_str     0x0000000000001b66       0x51 /home/estape/intelFPGA_lite/18.1/nios2eds/bin/gnu/H-x86_64-pc-linux-gnu/bin/../lib/gcc/nios2-elf/5.3.0/../../../../../H-x86_64-pc-linux-gnu/nios2-elf/lib/mno-hw-mul/libc.a(lib_a-strlen.o)
                                        0x1f8 (size before relaxing)
 .debug_str     0x0000000000001bb7       0x3f /home/estape/intelFPGA_lite/18.1/nios2eds/bin/gnu/H-x86_64-pc-linux-gnu/bin/../lib/gcc/nios2-elf/5.3.0/../../../../../H-x86_64-pc-linux-gnu/nios2-elf/lib/mno-hw-mul/libc.a(lib_a-__atexit.o)
                                        0x5f7 (size before relaxing)
 .debug_str     0x0000000000001bf6       0x65 /home/estape/intelFPGA_lite/18.1/nios2eds/bin/gnu/H-x86_64-pc-linux-gnu/bin/../lib/gcc/nios2-elf/5.3.0/../../../../../H-x86_64-pc-linux-gnu/nios2-elf/lib/mno-hw-mul/libc.a(lib_a-__call_atexit.o)
                                        0x5e3 (size before relaxing)
 .debug_str     0x0000000000001c5b      0x188 /home/estape/intelFPGA_lite/18.1/nios2eds/bin/gnu/H-x86_64-pc-linux-gnu/bin/../lib/gcc/nios2-elf/5.3.0/mno-hw-mul/libgcc.a(lib2-divmod.o)
                                        0x1d3 (size before relaxing)
 .debug_str     0x0000000000001de3       0x40 /home/estape/intelFPGA_lite/18.1/nios2eds/bin/gnu/H-x86_64-pc-linux-gnu/bin/../lib/gcc/nios2-elf/5.3.0/mno-hw-mul/libgcc.a(lib2-mul.o)
                                        0x194 (size before relaxing)
 .debug_str     0x0000000000001e23       0x2a ../ClockSW_bsp//libhal_bsp.a(alt_exit.o)
                                        0x151 (size before relaxing)

.debug_loc      0x0000000000000000      0xcd1
 *(.debug_loc)
 .debug_loc     0x0000000000000000       0x2c /home/estape/intelFPGA_lite/18.1/nios2eds/bin/gnu/H-x86_64-pc-linux-gnu/bin/../lib/gcc/nios2-elf/5.3.0/../../../../../H-x86_64-pc-linux-gnu/nios2-elf/lib/mno-hw-mul/libc.a(lib_a-atexit.o)
 .debug_loc     0x000000000000002c       0x1e /home/estape/intelFPGA_lite/18.1/nios2eds/bin/gnu/H-x86_64-pc-linux-gnu/bin/../lib/gcc/nios2-elf/5.3.0/../../../../../H-x86_64-pc-linux-gnu/nios2-elf/lib/mno-hw-mul/libc.a(lib_a-exit.o)
 .debug_loc     0x000000000000004a      0x126 /home/estape/intelFPGA_lite/18.1/nios2eds/bin/gnu/H-x86_64-pc-linux-gnu/bin/../lib/gcc/nios2-elf/5.3.0/../../../../../H-x86_64-pc-linux-gnu/nios2-elf/lib/mno-hw-mul/libc.a(lib_a-memcmp.o)
 .debug_loc     0x0000000000000170      0x266 /home/estape/intelFPGA_lite/18.1/nios2eds/bin/gnu/H-x86_64-pc-linux-gnu/bin/../lib/gcc/nios2-elf/5.3.0/../../../../../H-x86_64-pc-linux-gnu/nios2-elf/lib/mno-hw-mul/libc.a(lib_a-memcpy.o)
 .debug_loc     0x00000000000003d6       0x47 /home/estape/intelFPGA_lite/18.1/nios2eds/bin/gnu/H-x86_64-pc-linux-gnu/bin/../lib/gcc/nios2-elf/5.3.0/../../../../../H-x86_64-pc-linux-gnu/nios2-elf/lib/mno-hw-mul/libc.a(lib_a-strlen.o)
 .debug_loc     0x000000000000041d      0x185 /home/estape/intelFPGA_lite/18.1/nios2eds/bin/gnu/H-x86_64-pc-linux-gnu/bin/../lib/gcc/nios2-elf/5.3.0/../../../../../H-x86_64-pc-linux-gnu/nios2-elf/lib/mno-hw-mul/libc.a(lib_a-__atexit.o)
 .debug_loc     0x00000000000005a2      0x1ce /home/estape/intelFPGA_lite/18.1/nios2eds/bin/gnu/H-x86_64-pc-linux-gnu/bin/../lib/gcc/nios2-elf/5.3.0/../../../../../H-x86_64-pc-linux-gnu/nios2-elf/lib/mno-hw-mul/libc.a(lib_a-__call_atexit.o)
 .debug_loc     0x0000000000000770      0x4ce /home/estape/intelFPGA_lite/18.1/nios2eds/bin/gnu/H-x86_64-pc-linux-gnu/bin/../lib/gcc/nios2-elf/5.3.0/mno-hw-mul/libgcc.a(lib2-divmod.o)
 .debug_loc     0x0000000000000c3e       0x93 /home/estape/intelFPGA_lite/18.1/nios2eds/bin/gnu/H-x86_64-pc-linux-gnu/bin/../lib/gcc/nios2-elf/5.3.0/mno-hw-mul/libgcc.a(lib2-mul.o)

.debug_macinfo
 *(.debug_macinfo)

.debug_weaknames
 *(.debug_weaknames)

.debug_funcnames
 *(.debug_funcnames)

.debug_typenames
 *(.debug_typenames)

.debug_varnames
 *(.debug_varnames)

.debug_alt_sim_info
                0x0000000000000000       0x40
 *(.debug_alt_sim_info)
 .debug_alt_sim_info
                0x0000000000000000       0x10 ../ClockSW_bsp//obj/HAL/src/crt0.o
 .debug_alt_sim_info
                0x0000000000000010       0x30 ../ClockSW_bsp//libhal_bsp.a(alt_busy_sleep.o)
                0x0000000000028000                __alt_data_end = 0x28000
                0x0000000000028000                PROVIDE (__alt_stack_pointer, __alt_data_end)
                [!provide]                        PROVIDE (__alt_stack_limit, __alt_stack_base)
                [!provide]                        PROVIDE (__alt_heap_start, end)
                [!provide]                        PROVIDE (__alt_heap_limit, 0x28000)
OUTPUT(ClockSW.elf elf32-littlenios2)

.debug_ranges   0x0000000000000000      0x1d8
 .debug_ranges  0x0000000000000000       0x20 ../ClockSW_bsp//obj/HAL/src/crt0.o
 .debug_ranges  0x0000000000000020       0x28 ../ClockSW_bsp//libhal_bsp.a(alt_irq_entry.o)
 .debug_ranges  0x0000000000000048       0x10 ../ClockSW_bsp//libhal_bsp.a(alt_irq_handler.o)
 .debug_ranges  0x0000000000000058       0x30 ../ClockSW_bsp//libhal_bsp.a(altera_avalon_jtag_uart_init.o)
 .debug_ranges  0x0000000000000088       0x18 ../ClockSW_bsp//libhal_bsp.a(altera_avalon_jtag_uart_read.o)
 .debug_ranges  0x00000000000000a0       0x30 ../ClockSW_bsp//libhal_bsp.a(alt_exception_entry.o)
 .debug_ranges  0x00000000000000d0       0x18 ../ClockSW_bsp//libhal_bsp.a(alt_instruction_exception_entry.o)
 .debug_ranges  0x00000000000000e8       0x10 /home/estape/intelFPGA_lite/18.1/nios2eds/bin/gnu/H-x86_64-pc-linux-gnu/bin/../lib/gcc/nios2-elf/5.3.0/../../../../../H-x86_64-pc-linux-gnu/nios2-elf/lib/mno-hw-mul/libc.a(lib_a-atexit.o)
 .debug_ranges  0x00000000000000f8       0x10 /home/estape/intelFPGA_lite/18.1/nios2eds/bin/gnu/H-x86_64-pc-linux-gnu/bin/../lib/gcc/nios2-elf/5.3.0/../../../../../H-x86_64-pc-linux-gnu/nios2-elf/lib/mno-hw-mul/libc.a(lib_a-exit.o)
 .debug_ranges  0x0000000000000108       0x10 /home/estape/intelFPGA_lite/18.1/nios2eds/bin/gnu/H-x86_64-pc-linux-gnu/bin/../lib/gcc/nios2-elf/5.3.0/../../../../../H-x86_64-pc-linux-gnu/nios2-elf/lib/mno-hw-mul/libc.a(lib_a-memcmp.o)
 .debug_ranges  0x0000000000000118       0x10 /home/estape/intelFPGA_lite/18.1/nios2eds/bin/gnu/H-x86_64-pc-linux-gnu/bin/../lib/gcc/nios2-elf/5.3.0/../../../../../H-x86_64-pc-linux-gnu/nios2-elf/lib/mno-hw-mul/libc.a(lib_a-memcpy.o)
 .debug_ranges  0x0000000000000128       0x10 /home/estape/intelFPGA_lite/18.1/nios2eds/bin/gnu/H-x86_64-pc-linux-gnu/bin/../lib/gcc/nios2-elf/5.3.0/../../../../../H-x86_64-pc-linux-gnu/nios2-elf/lib/mno-hw-mul/libc.a(lib_a-strlen.o)
 .debug_ranges  0x0000000000000138       0x10 /home/estape/intelFPGA_lite/18.1/nios2eds/bin/gnu/H-x86_64-pc-linux-gnu/bin/../lib/gcc/nios2-elf/5.3.0/../../../../../H-x86_64-pc-linux-gnu/nios2-elf/lib/mno-hw-mul/libc.a(lib_a-__atexit.o)
 .debug_ranges  0x0000000000000148       0x30 /home/estape/intelFPGA_lite/18.1/nios2eds/bin/gnu/H-x86_64-pc-linux-gnu/bin/../lib/gcc/nios2-elf/5.3.0/../../../../../H-x86_64-pc-linux-gnu/nios2-elf/lib/mno-hw-mul/libc.a(lib_a-__call_atexit.o)
 .debug_ranges  0x0000000000000178       0x60 /home/estape/intelFPGA_lite/18.1/nios2eds/bin/gnu/H-x86_64-pc-linux-gnu/bin/../lib/gcc/nios2-elf/5.3.0/mno-hw-mul/libgcc.a(lib2-divmod.o)
