Archive member included to satisfy reference by file (symbol)

../TimerSW_bsp//libhal_bsp.a(alt_iic.o)
                              obj/default/hello_world.o (alt_ic_isr_register)
../TimerSW_bsp//libhal_bsp.a(alt_iic_isr_register.o)
                              ../TimerSW_bsp//libhal_bsp.a(alt_iic.o) (alt_iic_isr_register)
../TimerSW_bsp//libhal_bsp.a(alt_irq_entry.o)
                              ../TimerSW_bsp//libhal_bsp.a(alt_iic_isr_register.o) (alt_irq_entry)
../TimerSW_bsp//libhal_bsp.a(alt_irq_handler.o)
                              ../TimerSW_bsp//libhal_bsp.a(alt_iic_isr_register.o) (alt_irq)
../TimerSW_bsp//libhal_bsp.a(alt_irq_vars.o)
                              ../TimerSW_bsp//libhal_bsp.a(alt_iic.o) (alt_irq_active)
../TimerSW_bsp//libhal_bsp.a(alt_load.o)
                              ../TimerSW_bsp//obj/HAL/src/crt0.o (alt_load)
../TimerSW_bsp//libhal_bsp.a(alt_main.o)
                              ../TimerSW_bsp//obj/HAL/src/crt0.o (alt_main)
../TimerSW_bsp//libhal_bsp.a(alt_usleep.o)
                              obj/default/hello_world.o (usleep)
../TimerSW_bsp//libhal_bsp.a(alt_sys_init.o)
                              ../TimerSW_bsp//libhal_bsp.a(alt_main.o) (alt_irq_init)
../TimerSW_bsp//libhal_bsp.a(altera_avalon_jtag_uart_fd.o)
                              ../TimerSW_bsp//libhal_bsp.a(alt_sys_init.o) (altera_avalon_jtag_uart_read_fd)
../TimerSW_bsp//libhal_bsp.a(altera_avalon_jtag_uart_init.o)
                              ../TimerSW_bsp//libhal_bsp.a(alt_sys_init.o) (altera_avalon_jtag_uart_init)
../TimerSW_bsp//libhal_bsp.a(altera_avalon_jtag_uart_ioctl.o)
                              ../TimerSW_bsp//libhal_bsp.a(altera_avalon_jtag_uart_fd.o) (altera_avalon_jtag_uart_ioctl)
../TimerSW_bsp//libhal_bsp.a(altera_avalon_jtag_uart_read.o)
                              ../TimerSW_bsp//libhal_bsp.a(altera_avalon_jtag_uart_fd.o) (altera_avalon_jtag_uart_read)
../TimerSW_bsp//libhal_bsp.a(altera_avalon_jtag_uart_write.o)
                              ../TimerSW_bsp//libhal_bsp.a(altera_avalon_jtag_uart_fd.o) (altera_avalon_jtag_uart_write)
../TimerSW_bsp//libhal_bsp.a(altera_avalon_timer_sc.o)
                              ../TimerSW_bsp//libhal_bsp.a(alt_sys_init.o) (alt_avalon_timer_sc_init)
../TimerSW_bsp//libhal_bsp.a(alt_alarm_start.o)
                              ../TimerSW_bsp//libhal_bsp.a(altera_avalon_jtag_uart_init.o) (alt_alarm_start)
../TimerSW_bsp//libhal_bsp.a(alt_busy_sleep.o)
                              ../TimerSW_bsp//libhal_bsp.a(alt_usleep.o) (alt_busy_sleep)
../TimerSW_bsp//libhal_bsp.a(alt_close.o)
                              ../TimerSW_bsp//libhal_bsp.a(alt_main.o) (close)
../TimerSW_bsp//libhal_bsp.a(alt_dcache_flush_all.o)
                              ../TimerSW_bsp//libhal_bsp.a(alt_load.o) (alt_dcache_flush_all)
../TimerSW_bsp//libhal_bsp.a(alt_dev.o)
                              ../TimerSW_bsp//libhal_bsp.a(alt_sys_init.o) (alt_dev_list)
../TimerSW_bsp//libhal_bsp.a(alt_dev_llist_insert.o)
                              ../TimerSW_bsp//libhal_bsp.a(alt_sys_init.o) (alt_dev_llist_insert)
../TimerSW_bsp//libhal_bsp.a(alt_do_ctors.o)
                              ../TimerSW_bsp//libhal_bsp.a(alt_main.o) (_do_ctors)
../TimerSW_bsp//libhal_bsp.a(alt_do_dtors.o)
                              ../TimerSW_bsp//libhal_bsp.a(alt_main.o) (_do_dtors)
../TimerSW_bsp//libhal_bsp.a(alt_errno.o)
                              ../TimerSW_bsp//libhal_bsp.a(alt_close.o) (alt_errno)
../TimerSW_bsp//libhal_bsp.a(alt_exception_entry.o)
                              ../TimerSW_bsp//libhal_bsp.a(alt_irq_entry.o) (alt_exception)
../TimerSW_bsp//libhal_bsp.a(alt_icache_flush_all.o)
                              ../TimerSW_bsp//libhal_bsp.a(alt_load.o) (alt_icache_flush_all)
../TimerSW_bsp//libhal_bsp.a(alt_instruction_exception_entry.o)
                              ../TimerSW_bsp//libhal_bsp.a(alt_exception_entry.o) (alt_instruction_exception_entry)
../TimerSW_bsp//libhal_bsp.a(alt_io_redirect.o)
                              ../TimerSW_bsp//libhal_bsp.a(alt_main.o) (alt_io_redirect)
../TimerSW_bsp//libhal_bsp.a(alt_open.o)
                              ../TimerSW_bsp//libhal_bsp.a(alt_io_redirect.o) (open)
../TimerSW_bsp//libhal_bsp.a(alt_release_fd.o)
                              ../TimerSW_bsp//libhal_bsp.a(alt_close.o) (alt_release_fd)
../TimerSW_bsp//libhal_bsp.a(alt_tick.o)
                              ../TimerSW_bsp//libhal_bsp.a(altera_avalon_jtag_uart_init.o) (_alt_tick_rate)
../TimerSW_bsp//libhal_bsp.a(altera_nios2_gen2_irq.o)
                              ../TimerSW_bsp//libhal_bsp.a(alt_sys_init.o) (altera_nios2_gen2_irq_init)
../TimerSW_bsp//libhal_bsp.a(alt_find_dev.o)
                              ../TimerSW_bsp//libhal_bsp.a(alt_open.o) (alt_find_dev)
../TimerSW_bsp//libhal_bsp.a(alt_find_file.o)
                              ../TimerSW_bsp//libhal_bsp.a(alt_open.o) (alt_find_file)
../TimerSW_bsp//libhal_bsp.a(alt_get_fd.o)
[...]
Memory Configuration

Name             Origin             Length             Attributes
reset            0x0000000000000000 0x0000000000000020
ROM              0x0000000000000020 0x0000000000013fe0
RAM              0x0000000000020000 0x0000000000008000
*default*        0x0000000000000000 0xffffffffffffffff

Linker script and memory map

LOAD ../TimerSW_bsp//obj/HAL/src/crt0.o
LOAD obj/default/hello_world.o
LOAD /home/estape/intelFPGA_lite/18.1/nios2eds/bin/gnu/H-x86_64-pc-linux-gnu/bin/../lib/gcc/nios2-elf/5.3.0/../../../../../H-x86_64-pc-linux-gnu/nios2-elf/lib/mno-hw-mul/libstdc++.a
LOAD /home/estape/intelFPGA_lite/18.1/nios2eds/bin/gnu/H-x86_64-pc-linux-gnu/bin/../lib/gcc/nios2-elf/5.3.0/../../../../../H-x86_64-pc-linux-gnu/nios2-elf/lib/mno-hw-mul/libm.a
LOAD /home/estape/intelFPGA_lite/18.1/nios2eds/bin/gnu/H-x86_64-pc-linux-gnu/bin/../lib/gcc/nios2-elf/5.3.0/mno-hw-mul/libgcc.a
START GROUP
LOAD /home/estape/intelFPGA_lite/18.1/nios2eds/bin/gnu/H-x86_64-pc-linux-gnu/bin/../lib/gcc/nios2-elf/5.3.0/../../../../../H-x86_64-pc-linux-gnu/nios2-elf/lib/mno-hw-mul/libc.a
LOAD /home/estape/intelFPGA_lite/18.1/nios2eds/bin/gnu/H-x86_64-pc-linux-gnu/bin/../lib/gcc/nios2-elf/5.3.0/mno-hw-mul/libgcc.a
LOAD ../TimerSW_bsp//libhal_bsp.a
LOAD /home/estape/intelFPGA_lite/18.1/nios2eds/bin/gnu/H-x86_64-pc-linux-gnu/bin/../lib/gcc/nios2-elf/5.3.0/../../../../../H-x86_64-pc-linux-gnu/nios2-elf/lib/mno-hw-mul/libm.a
END GROUP
LOAD /home/estape/intelFPGA_lite/18.1/nios2eds/bin/gnu/H-x86_64-pc-linux-gnu/bin/../lib/gcc/nios2-elf/5.3.0/mno-hw-mul/libgcc.a
                0x0000000000000000                __alt_mem_ROM = 0x0
                0x0000000000020000                __alt_mem_RAM = 0x20000

.entry          0x0000000000000000       0x20
 *(.entry)
 .entry         0x0000000000000000       0x20 ../TimerSW_bsp//obj/HAL/src/crt0.o
                0x0000000000000000                __reset

.exceptions     0x0000000000000020      0x210
                0x0000000000000020                PROVIDE (__ram_exceptions_start, ABSOLUTE (.))
                0x0000000000000020                . = ALIGN (0x20)
 *(.irq)
 *(.exceptions.entry.label)
 .exceptions.entry.label
                0x0000000000000020        0x0 ../TimerSW_bsp//libhal_bsp.a(alt_irq_entry.o)
                0x0000000000000020                alt_irq_entry
 .exceptions.entry.label
                0x0000000000000020        0x0 ../TimerSW_bsp//libhal_bsp.a(alt_exception_entry.o)
                0x0000000000000020                alt_exception
 *(.exceptions.entry.user)
 *(.exceptions.entry.ecc_fatal)
 *(.exceptions.entry)
 .exceptions.entry
                0x0000000000000020       0x54 ../TimerSW_bsp//libhal_bsp.a(alt_exception_entry.o)
 *(.exceptions.irqtest.user)
 *(.exceptions.irqtest)
 .exceptions.irqtest
                0x0000000000000074       0x10 ../TimerSW_bsp//libhal_bsp.a(alt_irq_entry.o)
 *(.exceptions.irqhandler.user)
 *(.exceptions.irqhandler)
 .exceptions.irqhandler
                0x0000000000000084        0x4 ../TimerSW_bsp//libhal_bsp.a(alt_irq_entry.o)
 *(.exceptions.irqreturn.user)
 *(.exceptions.irqreturn)
 .exceptions.irqreturn
                0x0000000000000088        0x4 ../TimerSW_bsp//libhal_bsp.a(alt_irq_entry.o)
 *(.exceptions.notirq.label)
 .exceptions.notirq.label
                0x000000000000008c        0x0 ../TimerSW_bsp//libhal_bsp.a(alt_irq_entry.o)
 *(.exceptions.notirq.user)
 *(.exceptions.notirq)
 .exceptions.notirq
                0x000000000000008c        0x8 ../TimerSW_bsp//libhal_bsp.a(alt_exception_entry.o)
 *(.exceptions.soft.user)
 *(.exceptions.soft)
 *(.exceptions.unknown.user)
 *(.exceptions.unknown)
 .exceptions.unknown
                0x0000000000000094       0x14 ../TimerSW_bsp//libhal_bsp.a(alt_exception_entry.o)
 *(.exceptions.exit.label)
 .exceptions.exit.label
                0x00000000000000a8        0x0 ../TimerSW_bsp//libhal_bsp.a(alt_irq_entry.o)
 .exceptions.exit.label
                0x00000000000000a8        0x0 ../TimerSW_bsp//libhal_bsp.a(alt_exception_entry.o)
 *(.exceptions.exit.user)
 *(.exceptions.exit)
 .exceptions.exit
                0x00000000000000a8       0x54 ../TimerSW_bsp//libhal_bsp.a(alt_exception_entry.o)
 *(.exceptions)
 .exceptions    0x00000000000000fc       0xd4 ../TimerSW_bsp//libhal_bsp.a(alt_irq_handler.o)
                0x00000000000000fc                alt_irq_handler
 .exceptions    0x00000000000001d0       0x60 ../TimerSW_bsp//libhal_bsp.a(alt_instruction_exception_entry.o)
                0x00000000000001d0                alt_instruction_exception_entry
                0x0000000000000230                PROVIDE (__ram_exceptions_end, ABSOLUTE (.))
                0x0000000000000020                PROVIDE (__flash_exceptions_start, LOADADDR (.exceptions))

.text           0x0000000000000230     0x3044
                [!provide]                        PROVIDE (stext, ABSOLUTE (.))
 *(.interp)
 *(.hash)
 *(.dynsym)
 *(.dynstr)
 *(.gnu.version)
 *(.gnu.version_d)
 *(.gnu.version_r)
 *(.rel.init)
 *(.rela.init)
 *(.rel.text .rel.text.* .rel.gnu.linkonce.t.*)
 *(.rela.text .rela.text.* .rela.gnu.linkonce.t.*)
 *(.rel.fini)
 *(.rela.fini)
 *(.rel.rodata .rel.rodata.* .rel.gnu.linkonce.r.*)
 *(.rela.rodata .rela.rodata.* .rela.gnu.linkonce.r.*)
 *(.rel.data .rel.data.* .rel.gnu.linkonce.d.*)
 *(.rela.data .rela.data.* .rela.gnu.linkonce.d.*)
 *(.rel.tdata .rel.tdata.* .rel.gnu.linkonce.td.*)
 *(.rela.tdata .rela.tdata.* .rela.gnu.linkonce.td.*)
 *(.rel.tbss .rel.tbss.* .rel.gnu.linkonce.tb.*)
 *(.rela.tbss .rela.tbss.* .rela.gnu.linkonce.tb.*)
 *(.rel.ctors)
 *(.rela.ctors)
 *(.rel.dtors)
 *(.rela.dtors)
 *(.rel.got)
 *(.rela.got)
 *(.rel.sdata .rel.sdata.* .rel.gnu.linkonce.s.*)
 *(.rela.sdata .rela.sdata.* .rela.gnu.linkonce.s.*)
 *(.rel.sbss .rel.sbss.* .rel.gnu.linkonce.sb.*)
 *(.rela.sbss .rela.sbss.* .rela.gnu.linkonce.sb.*)
 *(.rel.sdata2 .rel.sdata2.* .rel.gnu.linkonce.s2.*)
 *(.rela.sdata2 .rela.sdata2.* .rela.gnu.linkonce.s2.*)
 *(.rel.sbss2 .rel.sbss2.* .rel.gnu.linkonce.sb2.*)
 *(.rela.sbss2 .rela.sbss2.* .rela.gnu.linkonce.sb2.*)
 *(.rel.bss .rel.bss.* .rel.gnu.linkonce.b.*)
 *(.rela.bss .rela.bss.* .rela.gnu.linkonce.b.*)
 *(.rel.plt)
 *(.rela.plt)
 *(.rel.dyn)
 *(.init)
 *(.plt)
 *(.text .stub .text.* .gnu.linkonce.t.*)
 .text          0x0000000000000230       0x3c ../TimerSW_bsp//obj/HAL/src/crt0.o
                0x0000000000000230                _start
 .text          0x000000000000026c      0x988 obj/default/hello_world.o
                0x000000000000026c                ToHexa
                0x0000000000000354                EncodeHexa
                0x00000000000003c8                UpdateTime
                0x0000000000000518                UpdateTimeDisplays
                0x000000000000072c                LedsUpdate
                0x00000000000007bc                main
 .text          0x0000000000000bf4      0x1b0 ../TimerSW_bsp//libhal_bsp.a(alt_iic.o)
                0x0000000000000bf4                alt_ic_isr_register
                0x0000000000000c44                alt_ic_irq_enable
                0x0000000000000ccc                alt_ic_irq_disable
                0x0000000000000d58                alt_ic_irq_enabled
 .text          0x0000000000000da4       0xf0 ../TimerSW_bsp//libhal_bsp.a(alt_iic_isr_register.o)
                0x0000000000000da4                alt_iic_isr_register
 .text          0x0000000000000e94        0x0 ../TimerSW_bsp//libhal_bsp.a(alt_irq_entry.o)
 .text          0x0000000000000e94        0x0 ../TimerSW_bsp//libhal_bsp.a(alt_irq_handler.o)
 .text          0x0000000000000e94        0x0 ../TimerSW_bsp//libhal_bsp.a(alt_irq_vars.o)
 .text          0x0000000000000e94       0xec ../TimerSW_bsp//libhal_bsp.a(alt_load.o)
                0x0000000000000efc                alt_load
 .text          0x0000000000000f80       0x7c ../TimerSW_bsp//libhal_bsp.a(alt_main.o)
                0x0000000000000f80                alt_main
 .text          0x0000000000000ffc       0x30 ../TimerSW_bsp//libhal_bsp.a(alt_usleep.o)
                0x0000000000000ffc                usleep
 .text          0x000000000000102c       0xd0 ../TimerSW_bsp//libhal_bsp.a(alt_sys_init.o)
                0x0000000000001060                alt_irq_init
                0x0000000000001098                alt_sys_init
 .text          0x00000000000010fc      0x164 ../TimerSW_bsp//libhal_bsp.a(altera_avalon_jtag_uart_fd.o)
                0x00000000000010fc                altera_avalon_jtag_uart_read_fd
                0x000000000000115c                altera_avalon_jtag_uart_write_fd
                0x00000000000011bc                altera_avalon_jtag_uart_close_fd
                0x000000000000120c                altera_avalon_jtag_uart_ioctl_fd
 .text          0x0000000000001260      0x3d4 ../TimerSW_bsp//libhal_bsp.a(altera_avalon_jtag_uart_init.o)
                0x0000000000001260                altera_avalon_jtag_uart_init
                0x00000000000015cc                altera_avalon_jtag_uart_close
 .text          0x0000000000001634       0xf0 ../TimerSW_bsp//libhal_bsp.a(altera_avalon_jtag_uart_ioctl.o)
                0x0000000000001634                altera_avalon_jtag_uart_ioctl
 .text          0x0000000000001724      0x21c ../TimerSW_bsp//libhal_bsp.a(altera_avalon_jtag_uart_read.o)
                0x0000000000001724                altera_avalon_jtag_uart_read
 .text          0x0000000000001940      0x224 ../TimerSW_bsp//libhal_bsp.a(altera_avalon_jtag_uart_write.o)
                0x0000000000001940                altera_avalon_jtag_uart_write
 .text          0x0000000000001b64       0xf4 ../TimerSW_bsp//libhal_bsp.a(altera_avalon_timer_sc.o)
                0x0000000000001bdc                alt_avalon_timer_sc_init
 .text          0x0000000000001c58      0x12c ../TimerSW_bsp//libhal_bsp.a(alt_alarm_start.o)
                0x0000000000001c58                alt_alarm_start
 .text          0x0000000000001d84      0x158 ../TimerSW_bsp//libhal_bsp.a(alt_busy_sleep.o)
                0x0000000000001d84                alt_busy_sleep
 .text          0x0000000000001edc      0x114 ../TimerSW_bsp//libhal_bsp.a(alt_close.o)
                0x0000000000001f18                close
 .text          0x0000000000001ff0       0x20 ../TimerSW_bsp//libhal_bsp.a(alt_dcache_flush_all.o)
                0x0000000000001ff0                alt_dcache_flush_all
 .text          0x0000000000002010       0x2c ../TimerSW_bsp//libhal_bsp.a(alt_dev.o)
 .text          0x000000000000203c       0xe0 ../TimerSW_bsp//libhal_bsp.a(alt_dev_llist_insert.o)
                0x0000000000002078                alt_dev_llist_insert
 .text          0x000000000000211c       0x60 ../TimerSW_bsp//libhal_bsp.a(alt_do_ctors.o)
                0x000000000000211c                _do_ctors
 .text          0x000000000000217c       0x60 ../TimerSW_bsp//libhal_bsp.a(alt_do_dtors.o)
                0x000000000000217c                _do_dtors
 .text          0x00000000000021dc        0x0 ../TimerSW_bsp//libhal_bsp.a(alt_errno.o)
 .text          0x00000000000021dc        0x0 ../TimerSW_bsp//libhal_bsp.a(alt_exception_entry.o)
 .text          0x00000000000021dc       0x20 ../TimerSW_bsp//libhal_bsp.a(alt_icache_flush_all.o)
                0x00000000000021dc                alt_icache_flush_all
 .text          0x00000000000021fc       0x9c ../TimerSW_bsp//libhal_bsp.a(alt_instruction_exception_entry.o)
                0x00000000000021fc                alt_exception_cause_generated_bad_addr
 .text          0x0000000000002298      0x160 ../TimerSW_bsp//libhal_bsp.a(alt_io_redirect.o)
                0x000000000000237c                alt_io_redirect
 .text          0x00000000000023f8      0x284 ../TimerSW_bsp//libhal_bsp.a(alt_open.o)
                0x0000000000002520                open
 .text          0x000000000000267c       0x84 ../TimerSW_bsp//libhal_bsp.a(alt_release_fd.o)
                0x000000000000267c                alt_release_fd
 .text          0x0000000000002700      0x1a4 ../TimerSW_bsp//libhal_bsp.a(alt_tick.o)
                0x0000000000002700                alt_alarm_stop
                0x000000000000279c                alt_tick
 .text          0x00000000000028a4       0x24 ../TimerSW_bsp//libhal_bsp.a(altera_nios2_gen2_irq.o)
                0x00000000000028a4                altera_nios2_gen2_irq_init
 .text          0x00000000000028c8       0x90 ../TimerSW_bsp//libhal_bsp.a(alt_find_dev.o)
                0x00000000000028c8                alt_find_dev
 .text          0x0000000000002958      0x108 ../TimerSW_bsp//libhal_bsp.a(alt_find_file.o)
                0x0000000000002958                alt_find_file
 .text          0x0000000000002a60       0xc4 ../TimerSW_bsp//libhal_bsp.a(alt_get_fd.o)
                0x0000000000002a60                alt_get_fd
 .text          0x0000000000002b24        0x0 /home/estape/intelFPGA_lite/18.1/nios2eds/bin/gnu/H-x86_64-pc-linux-gnu/bin/../lib/gcc/nios2-elf/5.3.0/../../../../../H-x86_64-pc-linux-gnu/nios2-elf/lib/mno-hw-mul/libc.a(lib_a-atexit.o)
 .text.atexit   0x0000000000002b24       0x14 /home/estape/intelFPGA_lite/18.1/nios2eds/bin/gnu/H-x86_64-pc-linux-gnu/bin/../lib/gcc/nios2-elf/5.3.0/../../../../../H-x86_64-pc-linux-gnu/nios2-elf/lib/mno-hw-mul/libc.a(lib_a-atexit.o)
                0x0000000000002b24                atexit
 .text          0x0000000000002b38        0x0 /home/estape/intelFPGA_lite/18.1/nios2eds/bin/gnu/H-x86_64-pc-linux-gnu/bin/../lib/gcc/nios2-elf/5.3.0/../../../../../H-x86_64-pc-linux-gnu/nios2-elf/lib/mno-hw-mul/libc.a(lib_a-exit.o)
 .text.exit     0x0000000000002b38       0x38 /home/estape/intelFPGA_lite/18.1/nios2eds/bin/gnu/H-x86_64-pc-linux-gnu/bin/../lib/gcc/nios2-elf/5.3.0/../../../../../H-x86_64-pc-linux-gnu/nios2-elf/lib/mno-hw-mul/libc.a(lib_a-exit.o)
                0x0000000000002b38                exit
 .text          0x0000000000002b70        0x0 /home/estape/intelFPGA_lite/18.1/nios2eds/bin/gnu/H-x86_64-pc-linux-gnu/bin/../lib/gcc/nios2-elf/5.3.0/../../../../../H-x86_64-pc-linux-gnu/nios2-elf/lib/mno-hw-mul/libc.a(lib_a-impure.o)
 .text          0x0000000000002b70        0x0 /home/estape/intelFPGA_lite/18.1/nios2eds/bin/gnu/H-x86_64-pc-linux-gnu/bin/../lib/gcc/nios2-elf/5.3.0/../../../../../H-x86_64-pc-linux-gnu/nios2-elf/lib/mno-hw-mul/libc.a(lib_a-int_errno.o)
 .text          0x0000000000002b70        0x0 /home/estape/intelFPGA_lite/18.1/nios2eds/bin/gnu/H-x86_64-pc-linux-gnu/bin/../lib/gcc/nios2-elf/5.3.0/../../../../../H-x86_64-pc-linux-gnu/nios2-elf/lib/mno-hw-mul/libc.a(lib_a-memcmp.o)
 .text.memcmp   0x0000000000002b70       0x7c /home/estape/intelFPGA_lite/18.1/nios2eds/bin/gnu/H-x86_64-pc-linux-gnu/bin/../lib/gcc/nios2-elf/5.3.0/../../../../../H-x86_64-pc-linux-gnu/nios2-elf/lib/mno-hw-mul/libc.a(lib_a-memcmp.o)
                0x0000000000002b70                memcmp
 .text          0x0000000000002bec        0x0 /home/estape/intelFPGA_lite/18.1/nios2eds/bin/gnu/H-x86_64-pc-linux-gnu/bin/../lib/gcc/nios2-elf/5.3.0/../../../../../H-x86_64-pc-linux-gnu/nios2-elf/lib/mno-hw-mul/libc.a(lib_a-memcpy.o)
 .text.memcpy   0x0000000000002bec      0x148 /home/estape/intelFPGA_lite/18.1/nios2eds/bin/gnu/H-x86_64-pc-linux-gnu/bin/../lib/gcc/nios2-elf/5.3.0/../../../../../H-x86_64-pc-linux-gnu/nios2-elf/lib/mno-hw-mul/libc.a(lib_a-memcpy.o)
                0x0000000000002bec                memcpy
 .text          0x0000000000002d34        0x0 /home/estape/intelFPGA_lite/18.1/nios2eds/bin/gnu/H-x86_64-pc-linux-gnu/bin/../lib/gcc/nios2-elf/5.3.0/../../../../../H-x86_64-pc-linux-gnu/nios2-elf/lib/mno-hw-mul/libc.a(lib_a-strlen.o)
 .text.strlen   0x0000000000002d34       0x98 /home/estape/intelFPGA_lite/18.1/nios2eds/bin/gnu/H-x86_64-pc-linux-gnu/bin/../lib/gcc/nios2-elf/5.3.0/../../../../../H-x86_64-pc-linux-gnu/nios2-elf/lib/mno-hw-mul/libc.a(lib_a-strlen.o)
                0x0000000000002d34                strlen
 .text          0x0000000000002dcc        0x0 /home/estape/intelFPGA_lite/18.1/nios2eds/bin/gnu/H-x86_64-pc-linux-gnu/bin/../lib/gcc/nios2-elf/5.3.0/../../../../../H-x86_64-pc-linux-gnu/nios2-elf/lib/mno-hw-mul/libc.a(lib_a-__atexit.o)
 .text.__register_exitproc
                0x0000000000002dcc      0x118 /home/estape/intelFPGA_lite/18.1/nios2eds/bin/gnu/H-x86_64-pc-linux-gnu/bin/../lib/gcc/nios2-elf/5.3.0/../../../../../H-x86_64-pc-linux-gnu/nios2-elf/lib/mno-hw-mul/libc.a(lib_a-__atexit.o)
                0x0000000000002dcc                __register_exitproc
 .text          0x0000000000002ee4        0x0 /home/estape/intelFPGA_lite/18.1/nios2eds/bin/gnu/H-x86_64-pc-linux-gnu/bin/../lib/gcc/nios2-elf/5.3.0/../../../../../H-x86_64-pc-linux-gnu/nios2-elf/lib/mno-hw-mul/libc.a(lib_a-__call_atexit.o)
 .text.__call_exitprocs
                0x0000000000002ee4      0x180 /home/estape/intelFPGA_lite/18.1/nios2eds/bin/gnu/H-x86_64-pc-linux-gnu/bin/../lib/gcc/nios2-elf/5.3.0/../../../../../H-x86_64-pc-linux-gnu/nios2-elf/lib/mno-hw-mul/libc.a(lib_a-__call_atexit.o)
                0x0000000000002ee4                __call_exitprocs
 .text          0x0000000000003064      0x1b4 /home/estape/intelFPGA_lite/18.1/nios2eds/bin/gnu/H-x86_64-pc-linux-gnu/bin/../lib/gcc/nios2-elf/5.3.0/mno-hw-mul/libgcc.a(lib2-divmod.o)
                0x0000000000003064                __divsi3
                0x00000000000030e8                __modsi3
                0x000000000000315c                __udivsi3
                0x00000000000031c0                __umodsi3
 .text          0x0000000000003218       0x28 /home/estape/intelFPGA_lite/18.1/nios2eds/bin/gnu/H-x86_64-pc-linux-gnu/bin/../lib/gcc/nios2-elf/5.3.0/mno-hw-mul/libgcc.a(lib2-mul.o)
                0x0000000000003218                __mulsi3
 .text          0x0000000000003240       0x34 ../TimerSW_bsp//libhal_bsp.a(alt_exit.o)
                0x0000000000003240                _exit
 *(.gnu.warning.*)
 *(.fini)
                [!provide]                        PROVIDE (__etext, ABSOLUTE (.))
                [!provide]                        PROVIDE (_etext, ABSOLUTE (.))
                [!provide]                        PROVIDE (etext, ABSOLUTE (.))
 *(.eh_frame_hdr)
                0x0000000000003274                . = ALIGN (0x4)
                [!provide]                        PROVIDE (__preinit_array_start, ABSOLUTE (.))
 *(.preinit_array)
                [!provide]                        PROVIDE (__preinit_array_end, ABSOLUTE (.))
                [!provide]                        PROVIDE (__init_array_start, ABSOLUTE (.))
 *(.init_array)
                [!provide]                        PROVIDE (__init_array_end, ABSOLUTE (.))
                [!provide]                        PROVIDE (__fini_array_start, ABSOLUTE (.))
 *(.fini_array)
                [!provide]                        PROVIDE (__fini_array_end, ABSOLUTE (.))
 *(.eh_frame)
 *(.gcc_except_table .gcc_except_table.*)
 *(.dynamic)
                0x0000000000003274                PROVIDE (__CTOR_LIST__, ABSOLUTE (.))
 *(.ctors)
 *(SORT(.ctors.*))
                0x0000000000003274                PROVIDE (__CTOR_END__, ABSOLUTE (.))
                0x0000000000003274                PROVIDE (__DTOR_LIST__, ABSOLUTE (.))
 *(.dtors)
 *(SORT(.dtors.*))
                0x0000000000003274                PROVIDE (__DTOR_END__, ABSOLUTE (.))
 *(.jcr)
                0x0000000000003274                . = ALIGN (0x4)

.rodata         0x0000000000020000       0x28 load address 0x0000000000003274
                0x0000000000020000                PROVIDE (__ram_rodata_start, ABSOLUTE (.))
                0x0000000000020000                . = ALIGN (0x4)
 *(.rodata .rodata.* .gnu.linkonce.r.*)
 .rodata        0x0000000000020000        0xa ../TimerSW_bsp//libhal_bsp.a(alt_main.o)
 *fill*         0x000000000002000a        0x2 
 .rodata        0x000000000002000c        0xa ../TimerSW_bsp//libhal_bsp.a(alt_sys_init.o)
 *fill*         0x0000000000020016        0x2 
 .rodata        0x0000000000020018        0xa ../TimerSW_bsp//libhal_bsp.a(alt_dev.o)
 *fill*         0x0000000000020022        0x2 
 .rodata.str1.4
                0x0000000000020024        0x4 /home/estape/intelFPGA_lite/18.1/nios2eds/bin/gnu/H-x86_64-pc-linux-gnu/bin/../lib/gcc/nios2-elf/5.3.0/../../../../../H-x86_64-pc-linux-gnu/nios2-elf/lib/mno-hw-mul/libc.a(lib_a-impure.o)
                                          0x2 (size before relaxing)
 *(.rodata1)
                0x0000000000020028                . = ALIGN (0x4)
                0x0000000000020028                PROVIDE (__ram_rodata_end, ABSOLUTE (.))
                0x0000000000003274                PROVIDE (__flash_rodata_start, LOADADDR (.rodata))

.rwdata         0x0000000000020028     0x1678 load address 0x000000000000329c
                0x0000000000020028                PROVIDE (__ram_rwdata_start, ABSOLUTE (.))
                0x0000000000020028                . = ALIGN (0x4)
 *(.got.plt)
 *(.got)
 *(.data1)
 *(.data .data.* .gnu.linkonce.d.*)
 .data          0x0000000000020028        0x0 ../TimerSW_bsp//obj/HAL/src/crt0.o
 .data          0x0000000000020028        0x0 obj/default/hello_world.o
 .data          0x0000000000020028        0x0 ../TimerSW_bsp//libhal_bsp.a(alt_iic.o)
 .data          0x0000000000020028        0x0 ../TimerSW_bsp//libhal_bsp.a(alt_iic_isr_register.o)
 .data          0x0000000000020028        0x0 ../TimerSW_bsp//libhal_bsp.a(alt_irq_entry.o)
 .data          0x0000000000020028        0x0 ../TimerSW_bsp//libhal_bsp.a(alt_irq_handler.o)
 .data          0x0000000000020028        0x0 ../TimerSW_bsp//libhal_bsp.a(alt_irq_vars.o)
 .data          0x0000000000020028        0x0 ../TimerSW_bsp//libhal_bsp.a(alt_load.o)
 .data          0x0000000000020028        0x0 ../TimerSW_bsp//libhal_bsp.a(alt_main.o)
 .data          0x0000000000020028        0x0 ../TimerSW_bsp//libhal_bsp.a(alt_usleep.o)
 .data          0x0000000000020028     0x1060 ../TimerSW_bsp//libhal_bsp.a(alt_sys_init.o)
 .data          0x0000000000021088        0x0 ../TimerSW_bsp//libhal_bsp.a(altera_avalon_jtag_uart_fd.o)
 .data          0x0000000000021088        0x0 ../TimerSW_bsp//libhal_bsp.a(altera_avalon_jtag_uart_init.o)
 .data          0x0000000000021088        0x0 ../TimerSW_bsp//libhal_bsp.a(altera_avalon_jtag_uart_ioctl.o)
 .data          0x0000000000021088        0x0 ../TimerSW_bsp//libhal_bsp.a(altera_avalon_jtag_uart_read.o)
 .data          0x0000000000021088        0x0 ../TimerSW_bsp//libhal_bsp.a(altera_avalon_jtag_uart_write.o)
 .data          0x0000000000021088        0x0 ../TimerSW_bsp//libhal_bsp.a(altera_avalon_timer_sc.o)
 .data          0x0000000000021088        0x0 ../TimerSW_bsp//libhal_bsp.a(alt_alarm_start.o)
 .data          0x0000000000021088        0x0 ../TimerSW_bsp//libhal_bsp.a(alt_busy_sleep.o)
 .data          0x0000000000021088        0x0 ../TimerSW_bsp//libhal_bsp.a(alt_close.o)
 .data          0x0000000000021088        0x0 ../TimerSW_bsp//libhal_bsp.a(alt_dcache_flush_all.o)
 .data          0x0000000000021088      0x1a8 ../TimerSW_bsp//libhal_bsp.a(alt_dev.o)
                0x0000000000021088                alt_dev_null
                0x00000000000210b0                alt_fd_list
 .data          0x0000000000021230        0x0 ../TimerSW_bsp//libhal_bsp.a(alt_dev_llist_insert.o)
 .data          0x0000000000021230        0x0 ../TimerSW_bsp//libhal_bsp.a(alt_do_ctors.o)
 .data          0x0000000000021230        0x0 ../TimerSW_bsp//libhal_bsp.a(alt_do_dtors.o)
 .data          0x0000000000021230        0x0 ../TimerSW_bsp//libhal_bsp.a(alt_errno.o)
 .data          0x0000000000021230        0x0 ../TimerSW_bsp//libhal_bsp.a(alt_exception_entry.o)
 .data          0x0000000000021230        0x0 ../TimerSW_bsp//libhal_bsp.a(alt_icache_flush_all.o)
 .data          0x0000000000021230        0x0 ../TimerSW_bsp//libhal_bsp.a(alt_instruction_exception_entry.o)
 .data          0x0000000000021230        0x0 ../TimerSW_bsp//libhal_bsp.a(alt_io_redirect.o)
 .data          0x0000000000021230        0x0 ../TimerSW_bsp//libhal_bsp.a(alt_open.o)
 .data          0x0000000000021230        0x0 ../TimerSW_bsp//libhal_bsp.a(alt_release_fd.o)
 .data          0x0000000000021230        0x0 ../TimerSW_bsp//libhal_bsp.a(alt_tick.o)
 .data          0x0000000000021230        0x0 ../TimerSW_bsp//libhal_bsp.a(altera_nios2_gen2_irq.o)
 .data          0x0000000000021230        0x0 ../TimerSW_bsp//libhal_bsp.a(alt_find_dev.o)
 .data          0x0000000000021230        0x0 ../TimerSW_bsp//libhal_bsp.a(alt_find_file.o)
 .data          0x0000000000021230        0x0 ../TimerSW_bsp//libhal_bsp.a(alt_get_fd.o)
 .data          0x0000000000021230        0x0 /home/estape/intelFPGA_lite/18.1/nios2eds/bin/gnu/H-x86_64-pc-linux-gnu/bin/../lib/gcc/nios2-elf/5.3.0/../../../../../H-x86_64-pc-linux-gnu/nios2-elf/lib/mno-hw-mul/libc.a(lib_a-atexit.o)
 .data          0x0000000000021230        0x0 /home/estape/intelFPGA_lite/18.1/nios2eds/bin/gnu/H-x86_64-pc-linux-gnu/bin/../lib/gcc/nios2-elf/5.3.0/../../../../../H-x86_64-pc-linux-gnu/nios2-elf/lib/mno-hw-mul/libc.a(lib_a-exit.o)
 .data          0x0000000000021230        0x0 /home/estape/intelFPGA_lite/18.1/nios2eds/bin/gnu/H-x86_64-pc-linux-gnu/bin/../lib/gcc/nios2-elf/5.3.0/../../../../../H-x86_64-pc-linux-gnu/nios2-elf/lib/mno-hw-mul/libc.a(lib_a-impure.o)
 .data.impure_data
                0x0000000000021230      0x424 /home/estape/intelFPGA_lite/18.1/nios2eds/bin/gnu/H-x86_64-pc-linux-gnu/bin/../lib/gcc/nios2-elf/5.3.0/../../../../../H-x86_64-pc-linux-gnu/nios2-elf/lib/mno-hw-mul/libc.a(lib_a-impure.o)
 .data          0x0000000000021654        0x0 /home/estape/intelFPGA_lite/18.1/nios2eds/bin/gnu/H-x86_64-pc-linux-gnu/bin/../lib/gcc/nios2-elf/5.3.0/../../../../../H-x86_64-pc-linux-gnu/nios2-elf/lib/mno-hw-mul/libc.a(lib_a-int_errno.o)
 .data          0x0000000000021654        0x0 /home/estape/intelFPGA_lite/18.1/nios2eds/bin/gnu/H-x86_64-pc-linux-gnu/bin/../lib/gcc/nios2-elf/5.3.0/../../../../../H-x86_64-pc-linux-gnu/nios2-elf/lib/mno-hw-mul/libc.a(lib_a-memcmp.o)
 .data          0x0000000000021654        0x0 /home/estape/intelFPGA_lite/18.1/nios2eds/bin/gnu/H-x86_64-pc-linux-gnu/bin/../lib/gcc/nios2-elf/5.3.0/../../../../../H-x86_64-pc-linux-gnu/nios2-elf/lib/mno-hw-mul/libc.a(lib_a-memcpy.o)
 .data          0x0000000000021654        0x0 /home/estape/intelFPGA_lite/18.1/nios2eds/bin/gnu/H-x86_64-pc-linux-gnu/bin/../lib/gcc/nios2-elf/5.3.0/../../../../../H-x86_64-pc-linux-gnu/nios2-elf/lib/mno-hw-mul/libc.a(lib_a-strlen.o)
 .data          0x0000000000021654        0x0 /home/estape/intelFPGA_lite/18.1/nios2eds/bin/gnu/H-x86_64-pc-linux-gnu/bin/../lib/gcc/nios2-elf/5.3.0/../../../../../H-x86_64-pc-linux-gnu/nios2-elf/lib/mno-hw-mul/libc.a(lib_a-__atexit.o)
 .data          0x0000000000021654        0x0 /home/estape/intelFPGA_lite/18.1/nios2eds/bin/gnu/H-x86_64-pc-linux-gnu/bin/../lib/gcc/nios2-elf/5.3.0/../../../../../H-x86_64-pc-linux-gnu/nios2-elf/lib/mno-hw-mul/libc.a(lib_a-__call_atexit.o)
 .data          0x0000000000021654        0x0 /home/estape/intelFPGA_lite/18.1/nios2eds/bin/gnu/H-x86_64-pc-linux-gnu/bin/../lib/gcc/nios2-elf/5.3.0/mno-hw-mul/libgcc.a(lib2-divmod.o)
 .data          0x0000000000021654        0x0 /home/estape/intelFPGA_lite/18.1/nios2eds/bin/gnu/H-x86_64-pc-linux-gnu/bin/../lib/gcc/nios2-elf/5.3.0/mno-hw-mul/libgcc.a(lib2-mul.o)
 .data          0x0000000000021654        0x0 ../TimerSW_bsp//libhal_bsp.a(alt_exit.o)
                0x0000000000029654                _gp = ABSOLUTE ((. + 0x8000))
                [!provide]                        PROVIDE (gp, _gp)
 *(.rwdata .rwdata.*)
 *(.sdata .sdata.* .gnu.linkonce.s.*)
 .sdata         0x0000000000021654       0x1d obj/default/hello_world.o
                0x0000000000021654                displays
                0x0000000000021658                switches
                0x000000000002165c                buttons
                0x0000000000021660                gpioOut
                0x0000000000021664                leds
                0x0000000000021668                timerCoreStatus
                0x000000000002166c                ledsValue
                0x0000000000021670                left
 *fill*         0x0000000000021671        0x3 
 .sdata         0x0000000000021674        0x4 ../TimerSW_bsp//libhal_bsp.a(alt_irq_vars.o)
                0x0000000000021674                alt_priority_mask
 .sdata         0x0000000000021678       0x14 ../TimerSW_bsp//libhal_bsp.a(alt_dev.o)
                0x0000000000021678                alt_fs_list
                0x0000000000021680                alt_dev_list
                0x0000000000021688                alt_max_fd
 .sdata         0x000000000002168c        0x4 ../TimerSW_bsp//libhal_bsp.a(alt_errno.o)
                0x000000000002168c                alt_errno
 .sdata         0x0000000000021690        0x8 ../TimerSW_bsp//libhal_bsp.a(alt_tick.o)
                0x0000000000021690                alt_alarm_list
 .sdata._global_impure_ptr
                0x0000000000021698        0x4 /home/estape/intelFPGA_lite/18.1/nios2eds/bin/gnu/H-x86_64-pc-linux-gnu/bin/../lib/gcc/nios2-elf/5.3.0/../../../../../H-x86_64-pc-linux-gnu/nios2-elf/lib/mno-hw-mul/libc.a(lib_a-impure.o)
                0x0000000000021698                _global_impure_ptr
 .sdata._impure_ptr
                0x000000000002169c        0x4 /home/estape/intelFPGA_lite/18.1/nios2eds/bin/gnu/H-x86_64-pc-linux-gnu/bin/../lib/gcc/nios2-elf/5.3.0/../../../../../H-x86_64-pc-linux-gnu/nios2-elf/lib/mno-hw-mul/libc.a(lib_a-impure.o)
                0x000000000002169c                _impure_ptr
 *(.sdata2 .sdata2.* .gnu.linkonce.s2.*)
                0x00000000000216a0                . = ALIGN (0x4)
                0x00000000000216a0                _edata = ABSOLUTE (.)
                [!provide]                        PROVIDE (edata, ABSOLUTE (.))
                0x00000000000216a0                PROVIDE (__ram_rwdata_end, ABSOLUTE (.))
                0x000000000000329c                PROVIDE (__flash_rwdata_start, LOADADDR (.rwdata))

.bss            0x00000000000216a0      0x150 load address 0x0000000000004914
                0x00000000000216a0                __bss_start = ABSOLUTE (.)
                [!provide]                        PROVIDE (__sbss_start, ABSOLUTE (.))
                [!provide]                        PROVIDE (___sbss_start, ABSOLUTE (.))
 *(.dynsbss)
 *(.sbss .sbss.* .gnu.linkonce.sb.*)
 .sbss          0x00000000000216a0        0x8 obj/default/hello_world.o
                0x00000000000216a0                switchingAlarm
                0x00000000000216a1                settingAlarm
                0x00000000000216a2                alarmStatus
                0x00000000000216a4                counter
 .sbss          0x00000000000216a8        0x4 ../TimerSW_bsp//libhal_bsp.a(alt_irq_vars.o)
                0x00000000000216a8                alt_irq_active
 .sbss          0x00000000000216ac        0xc ../TimerSW_bsp//libhal_bsp.a(alt_main.o)
                0x00000000000216ac                alt_argc
                0x00000000000216b0                alt_argv
                0x00000000000216b4                alt_envp
 .sbss          0x00000000000216b8        0x4 ../TimerSW_bsp//libhal_bsp.a(alt_instruction_exception_entry.o)
                0x00000000000216b8                alt_instruction_exception_handler
 .sbss          0x00000000000216bc        0x8 ../TimerSW_bsp//libhal_bsp.a(alt_tick.o)
                0x00000000000216bc                _alt_tick_rate
                0x00000000000216c0                _alt_nticks
 .sbss          0x00000000000216c4        0x4 /home/estape/intelFPGA_lite/18.1/nios2eds/bin/gnu/H-x86_64-pc-linux-gnu/bin/../lib/gcc/nios2-elf/5.3.0/../../../../../H-x86_64-pc-linux-gnu/nios2-elf/lib/mno-hw-mul/libc.a(lib_a-int_errno.o)
                0x00000000000216c4                errno
 *(.sbss2 .sbss2.* .gnu.linkonce.sb2.*)
 *(.scommon)
                [!provide]                        PROVIDE (__sbss_end, ABSOLUTE (.))
                [!provide]                        PROVIDE (___sbss_end, ABSOLUTE (.))
 *(.dynbss)
 *(.bss .bss.* .gnu.linkonce.b.*)
 .bss           0x00000000000216c8        0x0 ../TimerSW_bsp//obj/HAL/src/crt0.o
 .bss           0x00000000000216c8        0x0 obj/default/hello_world.o
 .bss           0x00000000000216c8        0x0 ../TimerSW_bsp//libhal_bsp.a(alt_iic.o)
 .bss           0x00000000000216c8        0x0 ../TimerSW_bsp//libhal_bsp.a(alt_iic_isr_register.o)
 .bss           0x00000000000216c8        0x0 ../TimerSW_bsp//libhal_bsp.a(alt_irq_entry.o)
 .bss           0x00000000000216c8        0x0 ../TimerSW_bsp//libhal_bsp.a(alt_irq_handler.o)
 .bss           0x00000000000216c8        0x0 ../TimerSW_bsp//libhal_bsp.a(alt_irq_vars.o)
 .bss           0x00000000000216c8        0x0 ../TimerSW_bsp//libhal_bsp.a(alt_load.o)
 .bss           0x00000000000216c8        0x0 ../TimerSW_bsp//libhal_bsp.a(alt_main.o)
 .bss           0x00000000000216c8        0x0 ../TimerSW_bsp//libhal_bsp.a(alt_usleep.o)
 .bss           0x00000000000216c8        0x0 ../TimerSW_bsp//libhal_bsp.a(alt_sys_init.o)
 .bss           0x00000000000216c8        0x0 ../TimerSW_bsp//libhal_bsp.a(altera_avalon_jtag_uart_fd.o)
 .bss           0x00000000000216c8        0x0 ../TimerSW_bsp//libhal_bsp.a(altera_avalon_jtag_uart_init.o)
 .bss           0x00000000000216c8        0x0 ../TimerSW_bsp//libhal_bsp.a(altera_avalon_jtag_uart_ioctl.o)
 .bss           0x00000000000216c8        0x0 ../TimerSW_bsp//libhal_bsp.a(altera_avalon_jtag_uart_read.o)
 .bss           0x00000000000216c8        0x0 ../TimerSW_bsp//libhal_bsp.a(altera_avalon_jtag_uart_write.o)
 .bss           0x00000000000216c8        0x0 ../TimerSW_bsp//libhal_bsp.a(altera_avalon_timer_sc.o)
 .bss           0x00000000000216c8        0x0 ../TimerSW_bsp//libhal_bsp.a(alt_alarm_start.o)
 .bss           0x00000000000216c8        0x0 ../TimerSW_bsp//libhal_bsp.a(alt_busy_sleep.o)
 .bss           0x00000000000216c8        0x0 ../TimerSW_bsp//libhal_bsp.a(alt_close.o)
 .bss           0x00000000000216c8        0x0 ../TimerSW_bsp//libhal_bsp.a(alt_dcache_flush_all.o)
 .bss           0x00000000000216c8        0x0 ../TimerSW_bsp//libhal_bsp.a(alt_dev.o)
 .bss           0x00000000000216c8        0x0 ../TimerSW_bsp//libhal_bsp.a(alt_dev_llist_insert.o)
 .bss           0x00000000000216c8        0x0 ../TimerSW_bsp//libhal_bsp.a(alt_do_ctors.o)
 .bss           0x00000000000216c8        0x0 ../TimerSW_bsp//libhal_bsp.a(alt_do_dtors.o)
 .bss           0x00000000000216c8        0x0 ../TimerSW_bsp//libhal_bsp.a(alt_errno.o)
 .bss           0x00000000000216c8        0x0 ../TimerSW_bsp//libhal_bsp.a(alt_exception_entry.o)
 .bss           0x00000000000216c8        0x0 ../TimerSW_bsp//libhal_bsp.a(alt_icache_flush_all.o)
 .bss           0x00000000000216c8        0x0 ../TimerSW_bsp//libhal_bsp.a(alt_instruction_exception_entry.o)
 .bss           0x00000000000216c8        0x0 ../TimerSW_bsp//libhal_bsp.a(alt_io_redirect.o)
 .bss           0x00000000000216c8        0x0 ../TimerSW_bsp//libhal_bsp.a(alt_open.o)
 .bss           0x00000000000216c8        0x0 ../TimerSW_bsp//libhal_bsp.a(alt_release_fd.o)
 .bss           0x00000000000216c8        0x0 ../TimerSW_bsp//libhal_bsp.a(alt_tick.o)
 .bss           0x00000000000216c8        0x0 ../TimerSW_bsp//libhal_bsp.a(altera_nios2_gen2_irq.o)
 .bss           0x00000000000216c8        0x0 ../TimerSW_bsp//libhal_bsp.a(alt_find_dev.o)
 .bss           0x00000000000216c8        0x0 ../TimerSW_bsp//libhal_bsp.a(alt_find_file.o)
 .bss           0x00000000000216c8        0x0 ../TimerSW_bsp//libhal_bsp.a(alt_get_fd.o)
 .bss           0x00000000000216c8        0x0 /home/estape/intelFPGA_lite/18.1/nios2eds/bin/gnu/H-x86_64-pc-linux-gnu/bin/../lib/gcc/nios2-elf/5.3.0/../../../../../H-x86_64-pc-linux-gnu/nios2-elf/lib/mno-hw-mul/libc.a(lib_a-atexit.o)
 .bss           0x00000000000216c8        0x0 /home/estape/intelFPGA_lite/18.1/nios2eds/bin/gnu/H-x86_64-pc-linux-gnu/bin/../lib/gcc/nios2-elf/5.3.0/../../../../../H-x86_64-pc-linux-gnu/nios2-elf/lib/mno-hw-mul/libc.a(lib_a-exit.o)
 .bss           0x00000000000216c8        0x0 /home/estape/intelFPGA_lite/18.1/nios2eds/bin/gnu/H-x86_64-pc-linux-gnu/bin/../lib/gcc/nios2-elf/5.3.0/../../../../../H-x86_64-pc-linux-gnu/nios2-elf/lib/mno-hw-mul/libc.a(lib_a-impure.o)
 .bss           0x00000000000216c8        0x0 /home/estape/intelFPGA_lite/18.1/nios2eds/bin/gnu/H-x86_64-pc-linux-gnu/bin/../lib/gcc/nios2-elf/5.3.0/../../../../../H-x86_64-pc-linux-gnu/nios2-elf/lib/mno-hw-mul/libc.a(lib_a-int_errno.o)
 .bss           0x00000000000216c8        0x0 /home/estape/intelFPGA_lite/18.1/nios2eds/bin/gnu/H-x86_64-pc-linux-gnu/bin/../lib/gcc/nios2-elf/5.3.0/../../../../../H-x86_64-pc-linux-gnu/nios2-elf/lib/mno-hw-mul/libc.a(lib_a-memcmp.o)
 .bss           0x00000000000216c8        0x0 /home/estape/intelFPGA_lite/18.1/nios2eds/bin/gnu/H-x86_64-pc-linux-gnu/bin/../lib/gcc/nios2-elf/5.3.0/../../../../../H-x86_64-pc-linux-gnu/nios2-elf/lib/mno-hw-mul/libc.a(lib_a-memcpy.o)
 .bss           0x00000000000216c8        0x0 /home/estape/intelFPGA_lite/18.1/nios2eds/bin/gnu/H-x86_64-pc-linux-gnu/bin/../lib/gcc/nios2-elf/5.3.0/../../../../../H-x86_64-pc-linux-gnu/nios2-elf/lib/mno-hw-mul/libc.a(lib_a-strlen.o)
 .bss           0x00000000000216c8        0x0 /home/estape/intelFPGA_lite/18.1/nios2eds/bin/gnu/H-x86_64-pc-linux-gnu/bin/../lib/gcc/nios2-elf/5.3.0/../../../../../H-x86_64-pc-linux-gnu/nios2-elf/lib/mno-hw-mul/libc.a(lib_a-__atexit.o)
 .bss           0x00000000000216c8        0x0 /home/estape/intelFPGA_lite/18.1/nios2eds/bin/gnu/H-x86_64-pc-linux-gnu/bin/../lib/gcc/nios2-elf/5.3.0/../../../../../H-x86_64-pc-linux-gnu/nios2-elf/lib/mno-hw-mul/libc.a(lib_a-__call_atexit.o)
 .bss           0x00000000000216c8        0x0 /home/estape/intelFPGA_lite/18.1/nios2eds/bin/gnu/H-x86_64-pc-linux-gnu/bin/../lib/gcc/nios2-elf/5.3.0/mno-hw-mul/libgcc.a(lib2-divmod.o)
 .bss           0x00000000000216c8        0x0 /home/estape/intelFPGA_lite/18.1/nios2eds/bin/gnu/H-x86_64-pc-linux-gnu/bin/../lib/gcc/nios2-elf/5.3.0/mno-hw-mul/libgcc.a(lib2-mul.o)
 .bss           0x00000000000216c8        0x0 ../TimerSW_bsp//libhal_bsp.a(alt_exit.o)
 *(COMMON)
 COMMON         0x00000000000216c8       0x28 obj/default/hello_world.o
                0x00000000000216c8                alarmTime
                0x00000000000216dc                actualTime
 COMMON         0x00000000000216f0      0x100 ../TimerSW_bsp//libhal_bsp.a(alt_irq_handler.o)
                0x00000000000216f0                alt_irq
                0x00000000000217f0                . = ALIGN (0x4)
                0x00000000000217f0                __bss_end = ABSOLUTE (.)

.ROM            0x0000000000004914        0x0
                [!provide]                        PROVIDE (_alt_partition_ROM_start, ABSOLUTE (.))
 *(.ROM .ROM. ROM.*)
                0x0000000000004914                . = ALIGN (0x4)
                [!provide]                        PROVIDE (_alt_partition_ROM_end, ABSOLUTE (.))
                [!provide]                        PROVIDE (_alt_partition_ROM_load_addr, LOADADDR (.ROM))

.RAM            0x00000000000217f0        0x0 load address 0x0000000000004914
                [!provide]                        PROVIDE (_alt_partition_RAM_start, ABSOLUTE (.))
 *(.RAM .RAM. RAM.*)
                0x00000000000217f0                . = ALIGN (0x4)
                [!provide]                        PROVIDE (_alt_partition_RAM_end, ABSOLUTE (.))
                0x00000000000217f0                _end = ABSOLUTE (.)
                0x00000000000217f0                end = ABSOLUTE (.)
                0x00000000000217f0                __alt_stack_base = ABSOLUTE (.)
                [!provide]                        PROVIDE (_alt_partition_RAM_load_addr, LOADADDR (.RAM))

.stab
 *(.stab)

.stabstr
 *(.stabstr)

.stab.excl
 *(.stab.excl)

.stab.exclstr
 *(.stab.exclstr)

.stab.index
 *(.stab.index)

.stab.indexstr
 *(.stab.indexstr)

.comment        0x0000000000000000       0x23
 *(.comment)
 .comment       0x0000000000000000       0x23 obj/default/hello_world.o
                                         0x24 (size before relaxing)
 .comment       0x0000000000000023       0x24 ../TimerSW_bsp//libhal_bsp.a(alt_iic.o)
 .comment       0x0000000000000023       0x24 ../TimerSW_bsp//libhal_bsp.a(alt_iic_isr_register.o)
 .comment       0x0000000000000023       0x24 ../TimerSW_bsp//libhal_bsp.a(alt_irq_handler.o)
 .comment       0x0000000000000023       0x24 ../TimerSW_bsp//libhal_bsp.a(alt_irq_vars.o)
 .comment       0x0000000000000023       0x24 ../TimerSW_bsp//libhal_bsp.a(alt_load.o)
 .comment       0x0000000000000023       0x24 ../TimerSW_bsp//libhal_bsp.a(alt_main.o)
 .comment       0x0000000000000023       0x24 ../TimerSW_bsp//libhal_bsp.a(alt_usleep.o)
 .comment       0x0000000000000023       0x24 ../TimerSW_bsp//libhal_bsp.a(alt_sys_init.o)
 .comment       0x0000000000000023       0x24 ../TimerSW_bsp//libhal_bsp.a(altera_avalon_jtag_uart_fd.o)
 .comment       0x0000000000000023       0x24 ../TimerSW_bsp//libhal_bsp.a(altera_avalon_jtag_uart_init.o)
 .comment       0x0000000000000023       0x24 ../TimerSW_bsp//libhal_bsp.a(altera_avalon_jtag_uart_ioctl.o)
 .comment       0x0000000000000023       0x24 ../TimerSW_bsp//libhal_bsp.a(altera_avalon_jtag_uart_read.o)
 .comment       0x0000000000000023       0x24 ../TimerSW_bsp//libhal_bsp.a(altera_avalon_jtag_uart_write.o)
 .comment       0x0000000000000023       0x24 ../TimerSW_bsp//libhal_bsp.a(altera_avalon_timer_sc.o)
 .comment       0x0000000000000023       0x24 ../TimerSW_bsp//libhal_bsp.a(alt_alarm_start.o)
 .comment       0x0000000000000023       0x24 ../TimerSW_bsp//libhal_bsp.a(alt_busy_sleep.o)
 .comment       0x0000000000000023       0x24 ../TimerSW_bsp//libhal_bsp.a(alt_close.o)
 .comment       0x0000000000000023       0x24 ../TimerSW_bsp//libhal_bsp.a(alt_dcache_flush_all.o)
 .comment       0x0000000000000023       0x24 ../TimerSW_bsp//libhal_bsp.a(alt_dev.o)
 .comment       0x0000000000000023       0x24 ../TimerSW_bsp//libhal_bsp.a(alt_dev_llist_insert.o)
 .comment       0x0000000000000023       0x24 ../TimerSW_bsp//libhal_bsp.a(alt_do_ctors.o)
 .comment       0x0000000000000023       0x24 ../TimerSW_bsp//libhal_bsp.a(alt_do_dtors.o)
 .comment       0x0000000000000023       0x24 ../TimerSW_bsp//libhal_bsp.a(alt_errno.o)
 .comment       0x0000000000000023       0x24 ../TimerSW_bsp//libhal_bsp.a(alt_icache_flush_all.o)
 .comment       0x0000000000000023       0x24 ../TimerSW_bsp//libhal_bsp.a(alt_instruction_exception_entry.o)
 .comment       0x0000000000000023       0x24 ../TimerSW_bsp//libhal_bsp.a(alt_io_redirect.o)
 .comment       0x0000000000000023       0x24 ../TimerSW_bsp//libhal_bsp.a(alt_open.o)
 .comment       0x0000000000000023       0x24 ../TimerSW_bsp//libhal_bsp.a(alt_release_fd.o)
 .comment       0x0000000000000023       0x24 ../TimerSW_bsp//libhal_bsp.a(alt_tick.o)
 .comment       0x0000000000000023       0x24 ../TimerSW_bsp//libhal_bsp.a(altera_nios2_gen2_irq.o)
 .comment       0x0000000000000023       0x24 ../TimerSW_bsp//libhal_bsp.a(alt_find_dev.o)
 .comment       0x0000000000000023       0x24 ../TimerSW_bsp//libhal_bsp.a(alt_find_file.o)
 .comment       0x0000000000000023       0x24 ../TimerSW_bsp//libhal_bsp.a(alt_get_fd.o)
 .comment       0x0000000000000023       0x24 /home/estape/intelFPGA_lite/18.1/nios2eds/bin/gnu/H-x86_64-pc-linux-gnu/bin/../lib/gcc/nios2-elf/5.3.0/../../../../../H-x86_64-pc-linux-gnu/nios2-elf/lib/mno-hw-mul/libc.a(lib_a-atexit.o)
 .comment       0x0000000000000023       0x24 /home/estape/intelFPGA_lite/18.1/nios2eds/bin/gnu/H-x86_64-pc-linux-gnu/bin/../lib/gcc/nios2-elf/5.3.0/../../../../../H-x86_64-pc-linux-gnu/nios2-elf/lib/mno-hw-mul/libc.a(lib_a-exit.o)
 .comment       0x0000000000000023       0x24 /home/estape/intelFPGA_lite/18.1/nios2eds/bin/gnu/H-x86_64-pc-linux-gnu/bin/../lib/gcc/nios2-elf/5.3.0/../../../../../H-x86_64-pc-linux-gnu/nios2-elf/lib/mno-hw-mul/libc.a(lib_a-impure.o)
 .comment       0x0000000000000023       0x24 /home/estape/intelFPGA_lite/18.1/nios2eds/bin/gnu/H-x86_64-pc-linux-gnu/bin/../lib/gcc/nios2-elf/5.3.0/../../../../../H-x86_64-pc-linux-gnu/nios2-elf/lib/mno-hw-mul/libc.a(lib_a-int_errno.o)
 .comment       0x0000000000000023       0x24 /home/estape/intelFPGA_lite/18.1/nios2eds/bin/gnu/H-x86_64-pc-linux-gnu/bin/../lib/gcc/nios2-elf/5.3.0/../../../../../H-x86_64-pc-linux-gnu/nios2-elf/lib/mno-hw-mul/libc.a(lib_a-memcmp.o)
 .comment       0x0000000000000023       0x24 /home/estape/intelFPGA_lite/18.1/nios2eds/bin/gnu/H-x86_64-pc-linux-gnu/bin/../lib/gcc/nios2-elf/5.3.0/../../../../../H-x86_64-pc-linux-gnu/nios2-elf/lib/mno-hw-mul/libc.a(lib_a-memcpy.o)
 .comment       0x0000000000000023       0x24 /home/estape/intelFPGA_lite/18.1/nios2eds/bin/gnu/H-x86_64-pc-linux-gnu/bin/../lib/gcc/nios2-elf/5.3.0/../../../../../H-x86_64-pc-linux-gnu/nios2-elf/lib/mno-hw-mul/libc.a(lib_a-strlen.o)
 .comment       0x0000000000000023       0x24 /home/estape/intelFPGA_lite/18.1/nios2eds/bin/gnu/H-x86_64-pc-linux-gnu/bin/../lib/gcc/nios2-elf/5.3.0/../../../../../H-x86_64-pc-linux-gnu/nios2-elf/lib/mno-hw-mul/libc.a(lib_a-__atexit.o)
 .comment       0x0000000000000023       0x24 /home/estape/intelFPGA_lite/18.1/nios2eds/bin/gnu/H-x86_64-pc-linux-gnu/bin/../lib/gcc/nios2-elf/5.3.0/../../../../../H-x86_64-pc-linux-gnu/nios2-elf/lib/mno-hw-mul/libc.a(lib_a-__call_atexit.o)
 .comment       0x0000000000000023       0x24 /home/estape/intelFPGA_lite/18.1/nios2eds/bin/gnu/H-x86_64-pc-linux-gnu/bin/../lib/gcc/nios2-elf/5.3.0/mno-hw-mul/libgcc.a(lib2-divmod.o)
 .comment       0x0000000000000023       0x24 /home/estape/intelFPGA_lite/18.1/nios2eds/bin/gnu/H-x86_64-pc-linux-gnu/bin/../lib/gcc/nios2-elf/5.3.0/mno-hw-mul/libgcc.a(lib2-mul.o)
 .comment       0x0000000000000023       0x24 ../TimerSW_bsp//libhal_bsp.a(alt_exit.o)

.debug
 *(.debug)

.line
 *(.line)

.debug_srcinfo
 *(.debug_srcinfo)

.debug_sfnames
 *(.debug_sfnames)

.debug_aranges  0x0000000000000000      0x638
 *(.debug_aranges)
 .debug_aranges
                0x0000000000000000       0x28 ../TimerSW_bsp//obj/HAL/src/crt0.o
 .debug_aranges
                0x0000000000000028       0x20 obj/default/hello_world.o
 .debug_aranges
                0x0000000000000048       0x20 ../TimerSW_bsp//libhal_bsp.a(alt_iic.o)
 .debug_aranges
                0x0000000000000068       0x20 ../TimerSW_bsp//libhal_bsp.a(alt_iic_isr_register.o)
 .debug_aranges
                0x0000000000000088       0x30 ../TimerSW_bsp//libhal_bsp.a(alt_irq_entry.o)
 .debug_aranges
                0x00000000000000b8       0x20 ../TimerSW_bsp//libhal_bsp.a(alt_irq_handler.o)
 .debug_aranges
                0x00000000000000d8       0x18 ../TimerSW_bsp//libhal_bsp.a(alt_irq_vars.o)
 .debug_aranges
                0x00000000000000f0       0x20 ../TimerSW_bsp//libhal_bsp.a(alt_load.o)
 .debug_aranges
                0x0000000000000110       0x20 ../TimerSW_bsp//libhal_bsp.a(alt_main.o)
 .debug_aranges
                0x0000000000000130       0x20 ../TimerSW_bsp//libhal_bsp.a(alt_usleep.o)
 .debug_aranges
                0x0000000000000150       0x20 ../TimerSW_bsp//libhal_bsp.a(alt_sys_init.o)
 .debug_aranges
                0x0000000000000170       0x20 ../TimerSW_bsp//libhal_bsp.a(altera_avalon_jtag_uart_fd.o)
 .debug_aranges
                0x0000000000000190       0x20 ../TimerSW_bsp//libhal_bsp.a(altera_avalon_jtag_uart_init.o)
 .debug_aranges
                0x00000000000001b0       0x20 ../TimerSW_bsp//libhal_bsp.a(altera_avalon_jtag_uart_ioctl.o)
 .debug_aranges
                0x00000000000001d0       0x20 ../TimerSW_bsp//libhal_bsp.a(altera_avalon_jtag_uart_read.o)
 .debug_aranges
                0x00000000000001f0       0x20 ../TimerSW_bsp//libhal_bsp.a(altera_avalon_jtag_uart_write.o)
 .debug_aranges
                0x0000000000000210       0x20 ../TimerSW_bsp//libhal_bsp.a(altera_avalon_timer_sc.o)
 .debug_aranges
                0x0000000000000230       0x20 ../TimerSW_bsp//libhal_bsp.a(alt_alarm_start.o)
 .debug_aranges
                0x0000000000000250       0x20 ../TimerSW_bsp//libhal_bsp.a(alt_busy_sleep.o)
 .debug_aranges
                0x0000000000000270       0x20 ../TimerSW_bsp//libhal_bsp.a(alt_close.o)
 .debug_aranges
                0x0000000000000290       0x20 ../TimerSW_bsp//libhal_bsp.a(alt_dcache_flush_all.o)
 .debug_aranges
                0x00000000000002b0       0x20 ../TimerSW_bsp//libhal_bsp.a(alt_dev.o)
 .debug_aranges
                0x00000000000002d0       0x20 ../TimerSW_bsp//libhal_bsp.a(alt_dev_llist_insert.o)
 .debug_aranges
                0x00000000000002f0       0x20 ../TimerSW_bsp//libhal_bsp.a(alt_do_ctors.o)
 .debug_aranges
                0x0000000000000310       0x20 ../TimerSW_bsp//libhal_bsp.a(alt_do_dtors.o)
 .debug_aranges
                0x0000000000000330       0x18 ../TimerSW_bsp//libhal_bsp.a(alt_errno.o)
 .debug_aranges
                0x0000000000000348       0x38 ../TimerSW_bsp//libhal_bsp.a(alt_exception_entry.o)
 .debug_aranges
                0x0000000000000380       0x20 ../TimerSW_bsp//libhal_bsp.a(alt_icache_flush_all.o)
 .debug_aranges
                0x00000000000003a0       0x28 ../TimerSW_bsp//libhal_bsp.a(alt_instruction_exception_entry.o)
 .debug_aranges
                0x00000000000003c8       0x20 ../TimerSW_bsp//libhal_bsp.a(alt_io_redirect.o)
 .debug_aranges
                0x00000000000003e8       0x20 ../TimerSW_bsp//libhal_bsp.a(alt_open.o)
 .debug_aranges
                0x0000000000000408       0x20 ../TimerSW_bsp//libhal_bsp.a(alt_release_fd.o)
 .debug_aranges
                0x0000000000000428       0x20 ../TimerSW_bsp//libhal_bsp.a(alt_tick.o)
 .debug_aranges
                0x0000000000000448       0x20 ../TimerSW_bsp//libhal_bsp.a(altera_nios2_gen2_irq.o)
 .debug_aranges
                0x0000000000000468       0x20 ../TimerSW_bsp//libhal_bsp.a(alt_find_dev.o)
 .debug_aranges
                0x0000000000000488       0x20 ../TimerSW_bsp//libhal_bsp.a(alt_find_file.o)
 .debug_aranges
                0x00000000000004a8       0x20 ../TimerSW_bsp//libhal_bsp.a(alt_get_fd.o)
 .debug_aranges
                0x00000000000004c8       0x20 /home/estape/intelFPGA_lite/18.1/nios2eds/bin/gnu/H-x86_64-pc-linux-gnu/bin/../lib/gcc/nios2-elf/5.3.0/../../../../../H-x86_64-pc-linux-gnu/nios2-elf/lib/mno-hw-mul/libc.a(lib_a-atexit.o)
 .debug_aranges
                0x00000000000004e8       0x20 /home/estape/intelFPGA_lite/18.1/nios2eds/bin/gnu/H-x86_64-pc-linux-gnu/bin/../lib/gcc/nios2-elf/5.3.0/../../../../../H-x86_64-pc-linux-gnu/nios2-elf/lib/mno-hw-mul/libc.a(lib_a-exit.o)
 .debug_aranges
                0x0000000000000508       0x18 /home/estape/intelFPGA_lite/18.1/nios2eds/bin/gnu/H-x86_64-pc-linux-gnu/bin/../lib/gcc/nios2-elf/5.3.0/../../../../../H-x86_64-pc-linux-gnu/nios2-elf/lib/mno-hw-mul/libc.a(lib_a-impure.o)
 .debug_aranges
                0x0000000000000520       0x18 /home/estape/intelFPGA_lite/18.1/nios2eds/bin/gnu/H-x86_64-pc-linux-gnu/bin/../lib/gcc/nios2-elf/5.3.0/../../../../../H-x86_64-pc-linux-gnu/nios2-elf/lib/mno-hw-mul/libc.a(lib_a-int_errno.o)
 .debug_aranges
                0x0000000000000538       0x20 /home/estape/intelFPGA_lite/18.1/nios2eds/bin/gnu/H-x86_64-pc-linux-gnu/bin/../lib/gcc/nios2-elf/5.3.0/../../../../../H-x86_64-pc-linux-gnu/nios2-elf/lib/mno-hw-mul/libc.a(lib_a-memcmp.o)
 .debug_aranges
                0x0000000000000558       0x20 /home/estape/intelFPGA_lite/18.1/nios2eds/bin/gnu/H-x86_64-pc-linux-gnu/bin/../lib/gcc/nios2-elf/5.3.0/../../../../../H-x86_64-pc-linux-gnu/nios2-elf/lib/mno-hw-mul/libc.a(lib_a-memcpy.o)
 .debug_aranges
                0x0000000000000578       0x20 /home/estape/intelFPGA_lite/18.1/nios2eds/bin/gnu/H-x86_64-pc-linux-gnu/bin/../lib/gcc/nios2-elf/5.3.0/../../../../../H-x86_64-pc-linux-gnu/nios2-elf/lib/mno-hw-mul/libc.a(lib_a-strlen.o)
 .debug_aranges
                0x0000000000000598       0x20 /home/estape/intelFPGA_lite/18.1/nios2eds/bin/gnu/H-x86_64-pc-linux-gnu/bin/../lib/gcc/nios2-elf/5.3.0/../../../../../H-x86_64-pc-linux-gnu/nios2-elf/lib/mno-hw-mul/libc.a(lib_a-__atexit.o)
 .debug_aranges
                0x00000000000005b8       0x20 /home/estape/intelFPGA_lite/18.1/nios2eds/bin/gnu/H-x86_64-pc-linux-gnu/bin/../lib/gcc/nios2-elf/5.3.0/../../../../../H-x86_64-pc-linux-gnu/nios2-elf/lib/mno-hw-mul/libc.a(lib_a-__call_atexit.o)
 .debug_aranges
                0x00000000000005d8       0x20 /home/estape/intelFPGA_lite/18.1/nios2eds/bin/gnu/H-x86_64-pc-linux-gnu/bin/../lib/gcc/nios2-elf/5.3.0/mno-hw-mul/libgcc.a(lib2-divmod.o)
 .debug_aranges
                0x00000000000005f8       0x20 /home/estape/intelFPGA_lite/18.1/nios2eds/bin/gnu/H-x86_64-pc-linux-gnu/bin/../lib/gcc/nios2-elf/5.3.0/mno-hw-mul/libgcc.a(lib2-mul.o)
 .debug_aranges
                0x0000000000000618       0x20 ../TimerSW_bsp//libhal_bsp.a(alt_exit.o)

.debug_pubnames
 *(.debug_pubnames)

.debug_info     0x0000000000000000     0x7e23
 *(.debug_info .gnu.linkonce.wi.*)
 .debug_info    0x0000000000000000       0x82 ../TimerSW_bsp//obj/HAL/src/crt0.o
 .debug_info    0x0000000000000082      0x319 obj/default/hello_world.o
 .debug_info    0x000000000000039b      0x350 ../TimerSW_bsp//libhal_bsp.a(alt_iic.o)
 .debug_info    0x00000000000006eb      0x1ef ../TimerSW_bsp//libhal_bsp.a(alt_iic_isr_register.o)
 .debug_info    0x00000000000008da       0x8b ../TimerSW_bsp//libhal_bsp.a(alt_irq_entry.o)
 .debug_info    0x0000000000000965      0x187 ../TimerSW_bsp//libhal_bsp.a(alt_irq_handler.o)
 .debug_info    0x0000000000000aec       0x88 ../TimerSW_bsp//libhal_bsp.a(alt_irq_vars.o)
 .debug_info    0x0000000000000b74      0x145 ../TimerSW_bsp//libhal_bsp.a(alt_load.o)
 .debug_info    0x0000000000000cb9      0x131 ../TimerSW_bsp//libhal_bsp.a(alt_main.o)
 .debug_info    0x0000000000000dea       0xb0 ../TimerSW_bsp//libhal_bsp.a(alt_usleep.o)
 .debug_info    0x0000000000000e9a      0x4d9 ../TimerSW_bsp//libhal_bsp.a(alt_sys_init.o)
 .debug_info    0x0000000000001373      0x52e ../TimerSW_bsp//libhal_bsp.a(altera_avalon_jtag_uart_fd.o)
 .debug_info    0x00000000000018a1      0x3a0 ../TimerSW_bsp//libhal_bsp.a(altera_avalon_jtag_uart_init.o)
 .debug_info    0x0000000000001c41      0x280 ../TimerSW_bsp//libhal_bsp.a(altera_avalon_jtag_uart_ioctl.o)
 .debug_info    0x0000000000001ec1      0x345 ../TimerSW_bsp//libhal_bsp.a(altera_avalon_jtag_uart_read.o)
 .debug_info    0x0000000000002206      0x340 ../TimerSW_bsp//libhal_bsp.a(altera_avalon_jtag_uart_write.o)
 .debug_info    0x0000000000002546      0x226 ../TimerSW_bsp//libhal_bsp.a(altera_avalon_timer_sc.o)
 .debug_info    0x000000000000276c      0x2cc ../TimerSW_bsp//libhal_bsp.a(alt_alarm_start.o)
 .debug_info    0x0000000000002a38       0xd7 ../TimerSW_bsp//libhal_bsp.a(alt_busy_sleep.o)
 .debug_info    0x0000000000002b0f      0x321 ../TimerSW_bsp//libhal_bsp.a(alt_close.o)
 .debug_info    0x0000000000002e30       0x92 ../TimerSW_bsp//libhal_bsp.a(alt_dcache_flush_all.o)
 .debug_info    0x0000000000002ec2      0x49c ../TimerSW_bsp//libhal_bsp.a(alt_dev.o)
 .debug_info    0x000000000000335e      0x1a9 ../TimerSW_bsp//libhal_bsp.a(alt_dev_llist_insert.o)
 .debug_info    0x0000000000003507       0x83 ../TimerSW_bsp//libhal_bsp.a(alt_do_ctors.o)
 .debug_info    0x000000000000358a       0x83 ../TimerSW_bsp//libhal_bsp.a(alt_do_dtors.o)
 .debug_info    0x000000000000360d       0xa6 ../TimerSW_bsp//libhal_bsp.a(alt_errno.o)
 .debug_info    0x00000000000036b3       0x91 ../TimerSW_bsp//libhal_bsp.a(alt_exception_entry.o)
 .debug_info    0x0000000000003744       0x92 ../TimerSW_bsp//libhal_bsp.a(alt_icache_flush_all.o)
 .debug_info    0x00000000000037d6      0x1e7 ../TimerSW_bsp//libhal_bsp.a(alt_instruction_exception_entry.o)
 .debug_info    0x00000000000039bd      0x4a5 ../TimerSW_bsp//libhal_bsp.a(alt_io_redirect.o)
 .debug_info    0x0000000000003e62      0x3bb ../TimerSW_bsp//libhal_bsp.a(alt_open.o)
 .debug_info    0x000000000000421d      0x2b0 ../TimerSW_bsp//libhal_bsp.a(alt_release_fd.o)
 .debug_info    0x00000000000044cd      0x299 ../TimerSW_bsp//libhal_bsp.a(alt_tick.o)
 .debug_info    0x0000000000004766       0x92 ../TimerSW_bsp//libhal_bsp.a(altera_nios2_gen2_irq.o)
 .debug_info    0x00000000000047f8      0x2e9 ../TimerSW_bsp//libhal_bsp.a(alt_find_dev.o)
 .debug_info    0x0000000000004ae1      0x2e6 ../TimerSW_bsp//libhal_bsp.a(alt_find_file.o)
 .debug_info    0x0000000000004dc7      0x310 ../TimerSW_bsp//libhal_bsp.a(alt_get_fd.o)
 .debug_info    0x00000000000050d7       0xfe /home/estape/intelFPGA_lite/18.1/nios2eds/bin/gnu/H-x86_64-pc-linux-gnu/bin/../lib/gcc/nios2-elf/5.3.0/../../../../../H-x86_64-pc-linux-gnu/nios2-elf/lib/mno-hw-mul/libc.a(lib_a-atexit.o)
 .debug_info    0x00000000000051d5      0x8e4 /home/estape/intelFPGA_lite/18.1/nios2eds/bin/gnu/H-x86_64-pc-linux-gnu/bin/../lib/gcc/nios2-elf/5.3.0/../../../../../H-x86_64-pc-linux-gnu/nios2-elf/lib/mno-hw-mul/libc.a(lib_a-exit.o)
 .debug_info    0x0000000000005ab9      0x8a1 /home/estape/intelFPGA_lite/18.1/nios2eds/bin/gnu/H-x86_64-pc-linux-gnu/bin/../lib/gcc/nios2-elf/5.3.0/../../../../../H-x86_64-pc-linux-gnu/nios2-elf/lib/mno-hw-mul/libc.a(lib_a-impure.o)
 .debug_info    0x000000000000635a       0x8a /home/estape/intelFPGA_lite/18.1/nios2eds/bin/gnu/H-x86_64-pc-linux-gnu/bin/../lib/gcc/nios2-elf/5.3.0/../../../../../H-x86_64-pc-linux-gnu/nios2-elf/lib/mno-hw-mul/libc.a(lib_a-int_errno.o)
 .debug_info    0x00000000000063e4      0x11a /home/estape/intelFPGA_lite/18.1/nios2eds/bin/gnu/H-x86_64-pc-linux-gnu/bin/../lib/gcc/nios2-elf/5.3.0/../../../../../H-x86_64-pc-linux-gnu/nios2-elf/lib/mno-hw-mul/libc.a(lib_a-memcmp.o)
 .debug_info    0x00000000000064fe      0x144 /home/estape/intelFPGA_lite/18.1/nios2eds/bin/gnu/H-x86_64-pc-linux-gnu/bin/../lib/gcc/nios2-elf/5.3.0/../../../../../H-x86_64-pc-linux-gnu/nios2-elf/lib/mno-hw-mul/libc.a(lib_a-memcpy.o)
 .debug_info    0x0000000000006642       0xe2 /home/estape/intelFPGA_lite/18.1/nios2eds/bin/gnu/H-x86_64-pc-linux-gnu/bin/../lib/gcc/nios2-elf/5.3.0/../../../../../H-x86_64-pc-linux-gnu/nios2-elf/lib/mno-hw-mul/libc.a(lib_a-strlen.o)
 .debug_info    0x0000000000006724      0x934 /home/estape/intelFPGA_lite/18.1/nios2eds/bin/gnu/H-x86_64-pc-linux-gnu/bin/../lib/gcc/nios2-elf/5.3.0/../../../../../H-x86_64-pc-linux-gnu/nios2-elf/lib/mno-hw-mul/libc.a(lib_a-__atexit.o)
 .debug_info    0x0000000000007058      0x965 /home/estape/intelFPGA_lite/18.1/nios2eds/bin/gnu/H-x86_64-pc-linux-gnu/bin/../lib/gcc/nios2-elf/5.3.0/../../../../../H-x86_64-pc-linux-gnu/nios2-elf/lib/mno-hw-mul/libc.a(lib_a-__call_atexit.o)
 .debug_info    0x00000000000079bd      0x2c6 /home/estape/intelFPGA_lite/18.1/nios2eds/bin/gnu/H-x86_64-pc-linux-gnu/bin/../lib/gcc/nios2-elf/5.3.0/mno-hw-mul/libgcc.a(lib2-divmod.o)
 .debug_info    0x0000000000007c83       0xb4 /home/estape/intelFPGA_lite/18.1/nios2eds/bin/gnu/H-x86_64-pc-linux-gnu/bin/../lib/gcc/nios2-elf/5.3.0/mno-hw-mul/libgcc.a(lib2-mul.o)
 .debug_info    0x0000000000007d37       0xec ../TimerSW_bsp//libhal_bsp.a(alt_exit.o)

.debug_abbrev   0x0000000000000000     0x2d28
 *(.debug_abbrev)
 .debug_abbrev  0x0000000000000000       0x12 ../TimerSW_bsp//obj/HAL/src/crt0.o
 .debug_abbrev  0x0000000000000012      0x133 obj/default/hello_world.o
 .debug_abbrev  0x0000000000000145      0x163 ../TimerSW_bsp//libhal_bsp.a(alt_iic.o)
 .debug_abbrev  0x00000000000002a8      0x169 ../TimerSW_bsp//libhal_bsp.a(alt_iic_isr_register.o)
 .debug_abbrev  0x0000000000000411       0x12 ../TimerSW_bsp//libhal_bsp.a(alt_irq_entry.o)
 .debug_abbrev  0x0000000000000423      0x122 ../TimerSW_bsp//libhal_bsp.a(alt_irq_handler.o)
 .debug_abbrev  0x0000000000000545       0x40 ../TimerSW_bsp//libhal_bsp.a(alt_irq_vars.o)
 .debug_abbrev  0x0000000000000585       0x9f ../TimerSW_bsp//libhal_bsp.a(alt_load.o)
 .debug_abbrev  0x0000000000000624       0xba ../TimerSW_bsp//libhal_bsp.a(alt_main.o)
 .debug_abbrev  0x00000000000006de       0x60 ../TimerSW_bsp//libhal_bsp.a(alt_usleep.o)
 .debug_abbrev  0x000000000000073e      0x187 ../TimerSW_bsp//libhal_bsp.a(alt_sys_init.o)
 .debug_abbrev  0x00000000000008c5      0x127 ../TimerSW_bsp//libhal_bsp.a(altera_avalon_jtag_uart_fd.o)
 .debug_abbrev  0x00000000000009ec      0x19e ../TimerSW_bsp//libhal_bsp.a(altera_avalon_jtag_uart_init.o)
 .debug_abbrev  0x0000000000000b8a      0x111 ../TimerSW_bsp//libhal_bsp.a(altera_avalon_jtag_uart_ioctl.o)
 .debug_abbrev  0x0000000000000c9b      0x1aa ../TimerSW_bsp//libhal_bsp.a(altera_avalon_jtag_uart_read.o)
 .debug_abbrev  0x0000000000000e45      0x1a8 ../TimerSW_bsp//libhal_bsp.a(altera_avalon_jtag_uart_write.o)
 .debug_abbrev  0x0000000000000fed      0x155 ../TimerSW_bsp//libhal_bsp.a(altera_avalon_timer_sc.o)
 .debug_abbrev  0x0000000000001142      0x162 ../TimerSW_bsp//libhal_bsp.a(alt_alarm_start.o)
 .debug_abbrev  0x00000000000012a4       0x7e ../TimerSW_bsp//libhal_bsp.a(alt_busy_sleep.o)
 .debug_abbrev  0x0000000000001322      0x11f ../TimerSW_bsp//libhal_bsp.a(alt_close.o)
 .debug_abbrev  0x0000000000001441       0x42 ../TimerSW_bsp//libhal_bsp.a(alt_dcache_flush_all.o)
 .debug_abbrev  0x0000000000001483       0xd9 ../TimerSW_bsp//libhal_bsp.a(alt_dev.o)
 .debug_abbrev  0x000000000000155c      0x114 ../TimerSW_bsp//libhal_bsp.a(alt_dev_llist_insert.o)
 .debug_abbrev  0x0000000000001670       0x79 ../TimerSW_bsp//libhal_bsp.a(alt_do_ctors.o)
 .debug_abbrev  0x00000000000016e9       0x79 ../TimerSW_bsp//libhal_bsp.a(alt_do_dtors.o)
 .debug_abbrev  0x0000000000001762       0x5a ../TimerSW_bsp//libhal_bsp.a(alt_errno.o)
 .debug_abbrev  0x00000000000017bc       0x12 ../TimerSW_bsp//libhal_bsp.a(alt_exception_entry.o)
 .debug_abbrev  0x00000000000017ce       0x42 ../TimerSW_bsp//libhal_bsp.a(alt_icache_flush_all.o)
 .debug_abbrev  0x0000000000001810       0xdc ../TimerSW_bsp//libhal_bsp.a(alt_instruction_exception_entry.o)
 .debug_abbrev  0x00000000000018ec      0x114 ../TimerSW_bsp//libhal_bsp.a(alt_io_redirect.o)
 .debug_abbrev  0x0000000000001a00      0x148 ../TimerSW_bsp//libhal_bsp.a(alt_open.o)
 .debug_abbrev  0x0000000000001b48       0xde ../TimerSW_bsp//libhal_bsp.a(alt_release_fd.o)
 .debug_abbrev  0x0000000000001c26      0x15a ../TimerSW_bsp//libhal_bsp.a(alt_tick.o)
 .debug_abbrev  0x0000000000001d80       0x42 ../TimerSW_bsp//libhal_bsp.a(altera_nios2_gen2_irq.o)
 .debug_abbrev  0x0000000000001dc2       0xf0 ../TimerSW_bsp//libhal_bsp.a(alt_find_dev.o)
 .debug_abbrev  0x0000000000001eb2       0xf0 ../TimerSW_bsp//libhal_bsp.a(alt_find_file.o)
 .debug_abbrev  0x0000000000001fa2      0x10d ../TimerSW_bsp//libhal_bsp.a(alt_get_fd.o)
 .debug_abbrev  0x00000000000020af       0xaa /home/estape/intelFPGA_lite/18.1/nios2eds/bin/gnu/H-x86_64-pc-linux-gnu/bin/../lib/gcc/nios2-elf/5.3.0/../../../../../H-x86_64-pc-linux-gnu/nios2-elf/lib/mno-hw-mul/libc.a(lib_a-atexit.o)
 .debug_abbrev  0x0000000000002159      0x1e5 /home/estape/intelFPGA_lite/18.1/nios2eds/bin/gnu/H-x86_64-pc-linux-gnu/bin/../lib/gcc/nios2-elf/5.3.0/../../../../../H-x86_64-pc-linux-gnu/nios2-elf/lib/mno-hw-mul/libc.a(lib_a-exit.o)
 .debug_abbrev  0x000000000000233e      0x18f /home/estape/intelFPGA_lite/18.1/nios2eds/bin/gnu/H-x86_64-pc-linux-gnu/bin/../lib/gcc/nios2-elf/5.3.0/../../../../../H-x86_64-pc-linux-gnu/nios2-elf/lib/mno-hw-mul/libc.a(lib_a-impure.o)
 .debug_abbrev  0x00000000000024cd       0x37 /home/estape/intelFPGA_lite/18.1/nios2eds/bin/gnu/H-x86_64-pc-linux-gnu/bin/../lib/gcc/nios2-elf/5.3.0/../../../../../H-x86_64-pc-linux-gnu/nios2-elf/lib/mno-hw-mul/libc.a(lib_a-int_errno.o)
 .debug_abbrev  0x0000000000002504       0x7f /home/estape/intelFPGA_lite/18.1/nios2eds/bin/gnu/H-x86_64-pc-linux-gnu/bin/../lib/gcc/nios2-elf/5.3.0/../../../../../H-x86_64-pc-linux-gnu/nios2-elf/lib/mno-hw-mul/libc.a(lib_a-memcmp.o)
 .debug_abbrev  0x0000000000002583       0xa3 /home/estape/intelFPGA_lite/18.1/nios2eds/bin/gnu/H-x86_64-pc-linux-gnu/bin/../lib/gcc/nios2-elf/5.3.0/../../../../../H-x86_64-pc-linux-gnu/nios2-elf/lib/mno-hw-mul/libc.a(lib_a-memcpy.o)
 .debug_abbrev  0x0000000000002626       0x90 /home/estape/intelFPGA_lite/18.1/nios2eds/bin/gnu/H-x86_64-pc-linux-gnu/bin/../lib/gcc/nios2-elf/5.3.0/../../../../../H-x86_64-pc-linux-gnu/nios2-elf/lib/mno-hw-mul/libc.a(lib_a-strlen.o)
 .debug_abbrev  0x00000000000026b6      0x21e /home/estape/intelFPGA_lite/18.1/nios2eds/bin/gnu/H-x86_64-pc-linux-gnu/bin/../lib/gcc/nios2-elf/5.3.0/../../../../../H-x86_64-pc-linux-gnu/nios2-elf/lib/mno-hw-mul/libc.a(lib_a-__atexit.o)
 .debug_abbrev  0x00000000000028d4      0x22e /home/estape/intelFPGA_lite/18.1/nios2eds/bin/gnu/H-x86_64-pc-linux-gnu/bin/../lib/gcc/nios2-elf/5.3.0/../../../../../H-x86_64-pc-linux-gnu/nios2-elf/lib/mno-hw-mul/libc.a(lib_a-__call_atexit.o)
 .debug_abbrev  0x0000000000002b02      0x10e /home/estape/intelFPGA_lite/18.1/nios2eds/bin/gnu/H-x86_64-pc-linux-gnu/bin/../lib/gcc/nios2-elf/5.3.0/mno-hw-mul/libgcc.a(lib2-divmod.o)
 .debug_abbrev  0x0000000000002c10       0x6f /home/estape/intelFPGA_lite/18.1/nios2eds/bin/gnu/H-x86_64-pc-linux-gnu/bin/../lib/gcc/nios2-elf/5.3.0/mno-hw-mul/libgcc.a(lib2-mul.o)
 .debug_abbrev  0x0000000000002c7f       0xa9 ../TimerSW_bsp//libhal_bsp.a(alt_exit.o)

.debug_line     0x0000000000000000     0x2de1
 *(.debug_line)
 .debug_line    0x0000000000000000       0x66 ../TimerSW_bsp//obj/HAL/src/crt0.o
 .debug_line    0x0000000000000066      0x125 obj/default/hello_world.o
 .debug_line    0x000000000000018b       0xeb ../TimerSW_bsp//libhal_bsp.a(alt_iic.o)
 .debug_line    0x0000000000000276       0xdb ../TimerSW_bsp//libhal_bsp.a(alt_iic_isr_register.o)
 .debug_line    0x0000000000000351       0x6b ../TimerSW_bsp//libhal_bsp.a(alt_irq_entry.o)
 .debug_line    0x00000000000003bc       0xaa ../TimerSW_bsp//libhal_bsp.a(alt_irq_handler.o)
 .debug_line    0x0000000000000466       0x50 ../TimerSW_bsp//libhal_bsp.a(alt_irq_vars.o)
 .debug_line    0x00000000000004b6       0x8e ../TimerSW_bsp//libhal_bsp.a(alt_load.o)
 .debug_line    0x0000000000000544       0xa4 ../TimerSW_bsp//libhal_bsp.a(alt_main.o)
 .debug_line    0x00000000000005e8       0xbc ../TimerSW_bsp//libhal_bsp.a(alt_usleep.o)
 .debug_line    0x00000000000006a4      0x152 ../TimerSW_bsp//libhal_bsp.a(alt_sys_init.o)
 .debug_line    0x00000000000007f6      0x12f ../TimerSW_bsp//libhal_bsp.a(altera_avalon_jtag_uart_fd.o)
 .debug_line    0x0000000000000925      0x18b ../TimerSW_bsp//libhal_bsp.a(altera_avalon_jtag_uart_init.o)
 .debug_line    0x0000000000000ab0      0x131 ../TimerSW_bsp//libhal_bsp.a(altera_avalon_jtag_uart_ioctl.o)
 .debug_line    0x0000000000000be1      0x171 ../TimerSW_bsp//libhal_bsp.a(altera_avalon_jtag_uart_read.o)
 .debug_line    0x0000000000000d52      0x170 ../TimerSW_bsp//libhal_bsp.a(altera_avalon_jtag_uart_write.o)
 .debug_line    0x0000000000000ec2       0xfd ../TimerSW_bsp//libhal_bsp.a(altera_avalon_timer_sc.o)
 .debug_line    0x0000000000000fbf       0xf9 ../TimerSW_bsp//libhal_bsp.a(alt_alarm_start.o)
 .debug_line    0x00000000000010b8       0xa2 ../TimerSW_bsp//libhal_bsp.a(alt_busy_sleep.o)
 .debug_line    0x000000000000115a      0x174 ../TimerSW_bsp//libhal_bsp.a(alt_close.o)
 .debug_line    0x00000000000012ce       0x51 ../TimerSW_bsp//libhal_bsp.a(alt_dcache_flush_all.o)
 .debug_line    0x000000000000131f      0x107 ../TimerSW_bsp//libhal_bsp.a(alt_dev.o)
 .debug_line    0x0000000000001426       0xcf ../TimerSW_bsp//libhal_bsp.a(alt_dev_llist_insert.o)
 .debug_line    0x00000000000014f5       0x59 ../TimerSW_bsp//libhal_bsp.a(alt_do_ctors.o)
 .debug_line    0x000000000000154e       0x59 ../TimerSW_bsp//libhal_bsp.a(alt_do_dtors.o)
 .debug_line    0x00000000000015a7       0x51 ../TimerSW_bsp//libhal_bsp.a(alt_errno.o)
 .debug_line    0x00000000000015f8       0xb3 ../TimerSW_bsp//libhal_bsp.a(alt_exception_entry.o)
 .debug_line    0x00000000000016ab       0x4f ../TimerSW_bsp//libhal_bsp.a(alt_icache_flush_all.o)
 .debug_line    0x00000000000016fa       0xb9 ../TimerSW_bsp//libhal_bsp.a(alt_instruction_exception_entry.o)
 .debug_line    0x00000000000017b3      0x144 ../TimerSW_bsp//libhal_bsp.a(alt_io_redirect.o)
 .debug_line    0x00000000000018f7      0x12b ../TimerSW_bsp//libhal_bsp.a(alt_open.o)
 .debug_line    0x0000000000001a22       0xb0 ../TimerSW_bsp//libhal_bsp.a(alt_release_fd.o)
 .debug_line    0x0000000000001ad2       0xff ../TimerSW_bsp//libhal_bsp.a(alt_tick.o)
 .debug_line    0x0000000000001bd1       0x51 ../TimerSW_bsp//libhal_bsp.a(altera_nios2_gen2_irq.o)
 .debug_line    0x0000000000001c22       0xb5 ../TimerSW_bsp//libhal_bsp.a(alt_find_dev.o)
 .debug_line    0x0000000000001cd7       0xd1 ../TimerSW_bsp//libhal_bsp.a(alt_find_file.o)
 .debug_line    0x0000000000001da8       0xd7 ../TimerSW_bsp//libhal_bsp.a(alt_get_fd.o)
 .debug_line    0x0000000000001e7f       0xe7 /home/estape/intelFPGA_lite/18.1/nios2eds/bin/gnu/H-x86_64-pc-linux-gnu/bin/../lib/gcc/nios2-elf/5.3.0/../../../../../H-x86_64-pc-linux-gnu/nios2-elf/lib/mno-hw-mul/libc.a(lib_a-atexit.o)
 .debug_line    0x0000000000001f66      0x1fc /home/estape/intelFPGA_lite/18.1/nios2eds/bin/gnu/H-x86_64-pc-linux-gnu/bin/../lib/gcc/nios2-elf/5.3.0/../../../../../H-x86_64-pc-linux-gnu/nios2-elf/lib/mno-hw-mul/libc.a(lib_a-exit.o)
 .debug_line    0x0000000000002162      0x160 /home/estape/intelFPGA_lite/18.1/nios2eds/bin/gnu/H-x86_64-pc-linux-gnu/bin/../lib/gcc/nios2-elf/5.3.0/../../../../../H-x86_64-pc-linux-gnu/nios2-elf/lib/mno-hw-mul/libc.a(lib_a-impure.o)
 .debug_line    0x00000000000022c2       0x5f /home/estape/intelFPGA_lite/18.1/nios2eds/bin/gnu/H-x86_64-pc-linux-gnu/bin/../lib/gcc/nios2-elf/5.3.0/../../../../../H-x86_64-pc-linux-gnu/nios2-elf/lib/mno-hw-mul/libc.a(lib_a-int_errno.o)
 .debug_line    0x0000000000002321      0x176 /home/estape/intelFPGA_lite/18.1/nios2eds/bin/gnu/H-x86_64-pc-linux-gnu/bin/../lib/gcc/nios2-elf/5.3.0/../../../../../H-x86_64-pc-linux-gnu/nios2-elf/lib/mno-hw-mul/libc.a(lib_a-memcmp.o)
 .debug_line    0x0000000000002497      0x18c /home/estape/intelFPGA_lite/18.1/nios2eds/bin/gnu/H-x86_64-pc-linux-gnu/bin/../lib/gcc/nios2-elf/5.3.0/../../../../../H-x86_64-pc-linux-gnu/nios2-elf/lib/mno-hw-mul/libc.a(lib_a-memcpy.o)
 .debug_line    0x0000000000002623      0x16f /home/estape/intelFPGA_lite/18.1/nios2eds/bin/gnu/H-x86_64-pc-linux-gnu/bin/../lib/gcc/nios2-elf/5.3.0/../../../../../H-x86_64-pc-linux-gnu/nios2-elf/lib/mno-hw-mul/libc.a(lib_a-strlen.o)
 .debug_line    0x0000000000002792      0x21f /home/estape/intelFPGA_lite/18.1/nios2eds/bin/gnu/H-x86_64-pc-linux-gnu/bin/../lib/gcc/nios2-elf/5.3.0/../../../../../H-x86_64-pc-linux-gnu/nios2-elf/lib/mno-hw-mul/libc.a(lib_a-__atexit.o)
 .debug_line    0x00000000000029b1      0x23a /home/estape/intelFPGA_lite/18.1/nios2eds/bin/gnu/H-x86_64-pc-linux-gnu/bin/../lib/gcc/nios2-elf/5.3.0/../../../../../H-x86_64-pc-linux-gnu/nios2-elf/lib/mno-hw-mul/libc.a(lib_a-__call_atexit.o)
 .debug_line    0x0000000000002beb      0x105 /home/estape/intelFPGA_lite/18.1/nios2eds/bin/gnu/H-x86_64-pc-linux-gnu/bin/../lib/gcc/nios2-elf/5.3.0/mno-hw-mul/libgcc.a(lib2-divmod.o)
 .debug_line    0x0000000000002cf0       0x80 /home/estape/intelFPGA_lite/18.1/nios2eds/bin/gnu/H-x86_64-pc-linux-gnu/bin/../lib/gcc/nios2-elf/5.3.0/mno-hw-mul/libgcc.a(lib2-mul.o)
 .debug_line    0x0000000000002d70       0x71 ../TimerSW_bsp//libhal_bsp.a(alt_exit.o)

.debug_frame    0x0000000000000000      0xcdc
 *(.debug_frame)
 .debug_frame   0x0000000000000000      0x144 obj/default/hello_world.o
 .debug_frame   0x0000000000000144       0xa4 ../TimerSW_bsp//libhal_bsp.a(alt_iic.o)
 .debug_frame   0x00000000000001e8       0x38 ../TimerSW_bsp//libhal_bsp.a(alt_iic_isr_register.o)
 .debug_frame   0x0000000000000220       0x38 ../TimerSW_bsp//libhal_bsp.a(alt_irq_handler.o)
 .debug_frame   0x0000000000000258       0x5c ../TimerSW_bsp//libhal_bsp.a(alt_load.o)
 .debug_frame   0x00000000000002b4       0x2c ../TimerSW_bsp//libhal_bsp.a(alt_main.o)
 .debug_frame   0x00000000000002e0       0x38 ../TimerSW_bsp//libhal_bsp.a(alt_usleep.o)
 .debug_frame   0x0000000000000318       0x88 ../TimerSW_bsp//libhal_bsp.a(alt_sys_init.o)
 .debug_frame   0x00000000000003a0       0xb0 ../TimerSW_bsp//libhal_bsp.a(altera_avalon_jtag_uart_fd.o)
 .debug_frame   0x0000000000000450       0xa4 ../TimerSW_bsp//libhal_bsp.a(altera_avalon_jtag_uart_init.o)
 .debug_frame   0x00000000000004f4       0x34 ../TimerSW_bsp//libhal_bsp.a(altera_avalon_jtag_uart_ioctl.o)
 .debug_frame   0x0000000000000528       0x38 ../TimerSW_bsp//libhal_bsp.a(altera_avalon_jtag_uart_read.o)
 .debug_frame   0x0000000000000560       0x38 ../TimerSW_bsp//libhal_bsp.a(altera_avalon_jtag_uart_write.o)
 .debug_frame   0x0000000000000598       0x60 ../TimerSW_bsp//libhal_bsp.a(altera_avalon_timer_sc.o)
 .debug_frame   0x00000000000005f8       0x34 ../TimerSW_bsp//libhal_bsp.a(alt_alarm_start.o)
 .debug_frame   0x000000000000062c       0x38 ../TimerSW_bsp//libhal_bsp.a(alt_busy_sleep.o)
 .debug_frame   0x0000000000000664       0x60 ../TimerSW_bsp//libhal_bsp.a(alt_close.o)
 .debug_frame   0x00000000000006c4       0x34 ../TimerSW_bsp//libhal_bsp.a(alt_dcache_flush_all.o)
 .debug_frame   0x00000000000006f8       0x34 ../TimerSW_bsp//libhal_bsp.a(alt_dev.o)
 .debug_frame   0x000000000000072c       0x60 ../TimerSW_bsp//libhal_bsp.a(alt_dev_llist_insert.o)
 .debug_frame   0x000000000000078c       0x38 ../TimerSW_bsp//libhal_bsp.a(alt_do_ctors.o)
 .debug_frame   0x00000000000007c4       0x38 ../TimerSW_bsp//libhal_bsp.a(alt_do_dtors.o)
 .debug_frame   0x00000000000007fc       0x34 ../TimerSW_bsp//libhal_bsp.a(alt_icache_flush_all.o)
 .debug_frame   0x0000000000000830       0x5c ../TimerSW_bsp//libhal_bsp.a(alt_instruction_exception_entry.o)
 .debug_frame   0x000000000000088c       0x64 ../TimerSW_bsp//libhal_bsp.a(alt_io_redirect.o)
 .debug_frame   0x00000000000008f0       0x8c ../TimerSW_bsp//libhal_bsp.a(alt_open.o)
 .debug_frame   0x000000000000097c       0x3c ../TimerSW_bsp//libhal_bsp.a(alt_release_fd.o)
 .debug_frame   0x00000000000009b8       0x5c ../TimerSW_bsp//libhal_bsp.a(alt_tick.o)
 .debug_frame   0x0000000000000a14       0x34 ../TimerSW_bsp//libhal_bsp.a(altera_nios2_gen2_irq.o)
 .debug_frame   0x0000000000000a48       0x38 ../TimerSW_bsp//libhal_bsp.a(alt_find_dev.o)
 .debug_frame   0x0000000000000a80       0x38 ../TimerSW_bsp//libhal_bsp.a(alt_find_file.o)
 .debug_frame   0x0000000000000ab8       0x3c ../TimerSW_bsp//libhal_bsp.a(alt_get_fd.o)
 .debug_frame   0x0000000000000af4       0x20 /home/estape/intelFPGA_lite/18.1/nios2eds/bin/gnu/H-x86_64-pc-linux-gnu/bin/../lib/gcc/nios2-elf/5.3.0/../../../../../H-x86_64-pc-linux-gnu/nios2-elf/lib/mno-hw-mul/libc.a(lib_a-atexit.o)
 .debug_frame   0x0000000000000b14       0x28 /home/estape/intelFPGA_lite/18.1/nios2eds/bin/gnu/H-x86_64-pc-linux-gnu/bin/../lib/gcc/nios2-elf/5.3.0/../../../../../H-x86_64-pc-linux-gnu/nios2-elf/lib/mno-hw-mul/libc.a(lib_a-exit.o)
 .debug_frame   0x0000000000000b3c       0x20 /home/estape/intelFPGA_lite/18.1/nios2eds/bin/gnu/H-x86_64-pc-linux-gnu/bin/../lib/gcc/nios2-elf/5.3.0/../../../../../H-x86_64-pc-linux-gnu/nios2-elf/lib/mno-hw-mul/libc.a(lib_a-memcmp.o)
 .debug_frame   0x0000000000000b5c       0x38 /home/estape/intelFPGA_lite/18.1/nios2eds/bin/gnu/H-x86_64-pc-linux-gnu/bin/../lib/gcc/nios2-elf/5.3.0/../../../../../H-x86_64-pc-linux-gnu/nios2-elf/lib/mno-hw-mul/libc.a(lib_a-memcpy.o)
 .debug_frame   0x0000000000000b94       0x20 /home/estape/intelFPGA_lite/18.1/nios2eds/bin/gnu/H-x86_64-pc-linux-gnu/bin/../lib/gcc/nios2-elf/5.3.0/../../../../../H-x86_64-pc-linux-gnu/nios2-elf/lib/mno-hw-mul/libc.a(lib_a-strlen.o)
 .debug_frame   0x0000000000000bb4       0x38 /home/estape/intelFPGA_lite/18.1/nios2eds/bin/gnu/H-x86_64-pc-linux-gnu/bin/../lib/gcc/nios2-elf/5.3.0/../../../../../H-x86_64-pc-linux-gnu/nios2-elf/lib/mno-hw-mul/libc.a(lib_a-__atexit.o)
 .debug_frame   0x0000000000000bec       0x54 /home/estape/intelFPGA_lite/18.1/nios2eds/bin/gnu/H-x86_64-pc-linux-gnu/bin/../lib/gcc/nios2-elf/5.3.0/../../../../../H-x86_64-pc-linux-gnu/nios2-elf/lib/mno-hw-mul/libc.a(lib_a-__call_atexit.o)
 .debug_frame   0x0000000000000c40       0x50 /home/estape/intelFPGA_lite/18.1/nios2eds/bin/gnu/H-x86_64-pc-linux-gnu/bin/../lib/gcc/nios2-elf/5.3.0/mno-hw-mul/libgcc.a(lib2-divmod.o)
 .debug_frame   0x0000000000000c90       0x20 /home/estape/intelFPGA_lite/18.1/nios2eds/bin/gnu/H-x86_64-pc-linux-gnu/bin/../lib/gcc/nios2-elf/5.3.0/mno-hw-mul/libgcc.a(lib2-mul.o)
 .debug_frame   0x0000000000000cb0       0x2c ../TimerSW_bsp//libhal_bsp.a(alt_exit.o)

.debug_str      0x0000000000000000     0x1e79
 *(.debug_str)
 .debug_str     0x0000000000000000      0x27c obj/default/hello_world.o
                                        0x2cd (size before relaxing)
 .debug_str     0x000000000000027c      0x151 ../TimerSW_bsp//libhal_bsp.a(alt_iic.o)
                                        0x252 (size before relaxing)
 .debug_str     0x00000000000003cd       0x4c ../TimerSW_bsp//libhal_bsp.a(alt_iic_isr_register.o)
                                        0x1fc (size before relaxing)
 .debug_str     0x0000000000000419       0x3a ../TimerSW_bsp//libhal_bsp.a(alt_irq_handler.o)
                                        0x1ab (size before relaxing)
 .debug_str     0x0000000000000453       0x17 ../TimerSW_bsp//libhal_bsp.a(alt_irq_vars.o)
                                        0x14e (size before relaxing)
 .debug_str     0x000000000000046a       0xe9 ../TimerSW_bsp//libhal_bsp.a(alt_load.o)
                                        0x226 (size before relaxing)
 .debug_str     0x0000000000000553       0x70 ../TimerSW_bsp//libhal_bsp.a(alt_main.o)
                                        0x1b1 (size before relaxing)
 .debug_str     0x00000000000005c3       0x27 ../TimerSW_bsp//libhal_bsp.a(alt_usleep.o)
                                        0x15c (size before relaxing)
 .debug_str     0x00000000000005ea      0x1d3 ../TimerSW_bsp//libhal_bsp.a(alt_sys_init.o)
                                        0x39d (size before relaxing)
 .debug_str     0x00000000000007bd       0xb9 ../TimerSW_bsp//libhal_bsp.a(altera_avalon_jtag_uart_fd.o)
                                        0x3b8 (size before relaxing)
 .debug_str     0x0000000000000876       0xd1 ../TimerSW_bsp//libhal_bsp.a(altera_avalon_jtag_uart_init.o)
                                        0x34c (size before relaxing)
 .debug_str     0x0000000000000947       0x4a ../TimerSW_bsp//libhal_bsp.a(altera_avalon_jtag_uart_ioctl.o)
                                        0x2a7 (size before relaxing)
 .debug_str     0x0000000000000991       0x48 ../TimerSW_bsp//libhal_bsp.a(altera_avalon_jtag_uart_read.o)
                                        0x2fc (size before relaxing)
 .debug_str     0x00000000000009d9       0x4a ../TimerSW_bsp//libhal_bsp.a(altera_avalon_jtag_uart_write.o)
                                        0x2fd (size before relaxing)
 .debug_str     0x0000000000000a23       0x6d ../TimerSW_bsp//libhal_bsp.a(altera_avalon_timer_sc.o)
                                        0x25f (size before relaxing)
 .debug_str     0x0000000000000a90       0x59 ../TimerSW_bsp//libhal_bsp.a(alt_alarm_start.o)
                                        0x292 (size before relaxing)
 .debug_str     0x0000000000000ae9       0x42 ../TimerSW_bsp//libhal_bsp.a(alt_busy_sleep.o)
                                        0x17f (size before relaxing)
 .debug_str     0x0000000000000b2b       0x44 ../TimerSW_bsp//libhal_bsp.a(alt_close.o)
                                        0x21f (size before relaxing)
 .debug_str     0x0000000000000b6f       0x34 ../TimerSW_bsp//libhal_bsp.a(alt_dcache_flush_all.o)
                                        0x169 (size before relaxing)
 .debug_str     0x0000000000000ba3      0x120 ../TimerSW_bsp//libhal_bsp.a(alt_dev.o)
                                        0x319 (size before relaxing)
 .debug_str     0x0000000000000cc3       0x34 ../TimerSW_bsp//libhal_bsp.a(alt_dev_llist_insert.o)
                                        0x1e0 (size before relaxing)
 .debug_str     0x0000000000000cf7       0x48 ../TimerSW_bsp//libhal_bsp.a(alt_do_ctors.o)
                                         0xe4 (size before relaxing)
 .debug_str     0x0000000000000d3f       0x4c ../TimerSW_bsp//libhal_bsp.a(alt_do_dtors.o)
                                         0xe3 (size before relaxing)
 .debug_str     0x0000000000000d8b       0x14 ../TimerSW_bsp//libhal_bsp.a(alt_errno.o)
                                        0x159 (size before relaxing)
 .debug_str     0x0000000000000d9f       0x34 ../TimerSW_bsp//libhal_bsp.a(alt_icache_flush_all.o)
                                        0x169 (size before relaxing)
 .debug_str     0x0000000000000dd3      0x48b ../TimerSW_bsp//libhal_bsp.a(alt_instruction_exception_entry.o)
                                        0x5b4 (size before relaxing)
 .debug_str     0x000000000000125e       0x56 ../TimerSW_bsp//libhal_bsp.a(alt_io_redirect.o)
                                        0x32a (size before relaxing)
 .debug_str     0x00000000000012b4       0x2f ../TimerSW_bsp//libhal_bsp.a(alt_open.o)
                                        0x25f (size before relaxing)
 .debug_str     0x00000000000012e3       0x28 ../TimerSW_bsp//libhal_bsp.a(alt_release_fd.o)
                                        0x1e7 (size before relaxing)
 .debug_str     0x000000000000130b       0x4a ../TimerSW_bsp//libhal_bsp.a(alt_tick.o)
                                        0x266 (size before relaxing)
 .debug_str     0x0000000000001355       0x3b ../TimerSW_bsp//libhal_bsp.a(altera_nios2_gen2_irq.o)
                                        0x170 (size before relaxing)
 .debug_str     0x0000000000001390       0x24 ../TimerSW_bsp//libhal_bsp.a(alt_find_dev.o)
                                        0x200 (size before relaxing)
 .debug_str     0x00000000000013b4       0x26 ../TimerSW_bsp//libhal_bsp.a(alt_find_file.o)
                                        0x20e (size before relaxing)
 .debug_str     0x00000000000013da       0x30 ../TimerSW_bsp//libhal_bsp.a(alt_get_fd.o)
                                        0x230 (size before relaxing)
 .debug_str     0x000000000000140a      0x17d /home/estape/intelFPGA_lite/18.1/nios2eds/bin/gnu/H-x86_64-pc-linux-gnu/bin/../lib/gcc/nios2-elf/5.3.0/../../../../../H-x86_64-pc-linux-gnu/nios2-elf/lib/mno-hw-mul/libc.a(lib_a-atexit.o)
                                        0x222 (size before relaxing)
 .debug_str     0x0000000000001587      0x3af /home/estape/intelFPGA_lite/18.1/nios2eds/bin/gnu/H-x86_64-pc-linux-gnu/bin/../lib/gcc/nios2-elf/5.3.0/../../../../../H-x86_64-pc-linux-gnu/nios2-elf/lib/mno-hw-mul/libc.a(lib_a-exit.o)
                                        0x5bf (size before relaxing)
 .debug_str     0x0000000000001936       0xd7 /home/estape/intelFPGA_lite/18.1/nios2eds/bin/gnu/H-x86_64-pc-linux-gnu/bin/../lib/gcc/nios2-elf/5.3.0/../../../../../H-x86_64-pc-linux-gnu/nios2-elf/lib/mno-hw-mul/libc.a(lib_a-impure.o)
                                        0x5b6 (size before relaxing)
 .debug_str     0x0000000000001a0d       0x3f /home/estape/intelFPGA_lite/18.1/nios2eds/bin/gnu/H-x86_64-pc-linux-gnu/bin/../lib/gcc/nios2-elf/5.3.0/../../../../../H-x86_64-pc-linux-gnu/nios2-elf/lib/mno-hw-mul/libc.a(lib_a-int_errno.o)
                                        0x1de (size before relaxing)
 .debug_str     0x0000000000001a4c       0xdb /home/estape/intelFPGA_lite/18.1/nios2eds/bin/gnu/H-x86_64-pc-linux-gnu/bin/../lib/gcc/nios2-elf/5.3.0/../../../../../H-x86_64-pc-linux-gnu/nios2-elf/lib/mno-hw-mul/libc.a(lib_a-memcmp.o)
                                        0x1e5 (size before relaxing)
 .debug_str     0x0000000000001b27       0x6b /home/estape/intelFPGA_lite/18.1/nios2eds/bin/gnu/H-x86_64-pc-linux-gnu/bin/../lib/gcc/nios2-elf/5.3.0/../../../../../H-x86_64-pc-linux-gnu/nios2-elf/lib/mno-hw-mul/libc.a(lib_a-memcpy.o)
                                        0x20c (size before relaxing)
 .debug_str     0x0000000000001b92       0x51 /home/estape/intelFPGA_lite/18.1/nios2eds/bin/gnu/H-x86_64-pc-linux-gnu/bin/../lib/gcc/nios2-elf/5.3.0/../../../../../H-x86_64-pc-linux-gnu/nios2-elf/lib/mno-hw-mul/libc.a(lib_a-strlen.o)
                                        0x1f8 (size before relaxing)
 .debug_str     0x0000000000001be3       0x3f /home/estape/intelFPGA_lite/18.1/nios2eds/bin/gnu/H-x86_64-pc-linux-gnu/bin/../lib/gcc/nios2-elf/5.3.0/../../../../../H-x86_64-pc-linux-gnu/nios2-elf/lib/mno-hw-mul/libc.a(lib_a-__atexit.o)
                                        0x5f7 (size before relaxing)
 .debug_str     0x0000000000001c22       0x65 /home/estape/intelFPGA_lite/18.1/nios2eds/bin/gnu/H-x86_64-pc-linux-gnu/bin/../lib/gcc/nios2-elf/5.3.0/../../../../../H-x86_64-pc-linux-gnu/nios2-elf/lib/mno-hw-mul/libc.a(lib_a-__call_atexit.o)
                                        0x5e3 (size before relaxing)
 .debug_str     0x0000000000001c87      0x188 /home/estape/intelFPGA_lite/18.1/nios2eds/bin/gnu/H-x86_64-pc-linux-gnu/bin/../lib/gcc/nios2-elf/5.3.0/mno-hw-mul/libgcc.a(lib2-divmod.o)
                                        0x1d3 (size before relaxing)
 .debug_str     0x0000000000001e0f       0x40 /home/estape/intelFPGA_lite/18.1/nios2eds/bin/gnu/H-x86_64-pc-linux-gnu/bin/../lib/gcc/nios2-elf/5.3.0/mno-hw-mul/libgcc.a(lib2-mul.o)
                                        0x194 (size before relaxing)
 .debug_str     0x0000000000001e4f       0x2a ../TimerSW_bsp//libhal_bsp.a(alt_exit.o)
                                        0x165 (size before relaxing)

.debug_loc      0x0000000000000000      0xcd1
 *(.debug_loc)
 .debug_loc     0x0000000000000000       0x2c /home/estape/intelFPGA_lite/18.1/nios2eds/bin/gnu/H-x86_64-pc-linux-gnu/bin/../lib/gcc/nios2-elf/5.3.0/../../../../../H-x86_64-pc-linux-gnu/nios2-elf/lib/mno-hw-mul/libc.a(lib_a-atexit.o)
 .debug_loc     0x000000000000002c       0x1e /home/estape/intelFPGA_lite/18.1/nios2eds/bin/gnu/H-x86_64-pc-linux-gnu/bin/../lib/gcc/nios2-elf/5.3.0/../../../../../H-x86_64-pc-linux-gnu/nios2-elf/lib/mno-hw-mul/libc.a(lib_a-exit.o)
 .debug_loc     0x000000000000004a      0x126 /home/estape/intelFPGA_lite/18.1/nios2eds/bin/gnu/H-x86_64-pc-linux-gnu/bin/../lib/gcc/nios2-elf/5.3.0/../../../../../H-x86_64-pc-linux-gnu/nios2-elf/lib/mno-hw-mul/libc.a(lib_a-memcmp.o)
 .debug_loc     0x0000000000000170      0x266 /home/estape/intelFPGA_lite/18.1/nios2eds/bin/gnu/H-x86_64-pc-linux-gnu/bin/../lib/gcc/nios2-elf/5.3.0/../../../../../H-x86_64-pc-linux-gnu/nios2-elf/lib/mno-hw-mul/libc.a(lib_a-memcpy.o)
 .debug_loc     0x00000000000003d6       0x47 /home/estape/intelFPGA_lite/18.1/nios2eds/bin/gnu/H-x86_64-pc-linux-gnu/bin/../lib/gcc/nios2-elf/5.3.0/../../../../../H-x86_64-pc-linux-gnu/nios2-elf/lib/mno-hw-mul/libc.a(lib_a-strlen.o)
 .debug_loc     0x000000000000041d      0x185 /home/estape/intelFPGA_lite/18.1/nios2eds/bin/gnu/H-x86_64-pc-linux-gnu/bin/../lib/gcc/nios2-elf/5.3.0/../../../../../H-x86_64-pc-linux-gnu/nios2-elf/lib/mno-hw-mul/libc.a(lib_a-__atexit.o)
 .debug_loc     0x00000000000005a2      0x1ce /home/estape/intelFPGA_lite/18.1/nios2eds/bin/gnu/H-x86_64-pc-linux-gnu/bin/../lib/gcc/nios2-elf/5.3.0/../../../../../H-x86_64-pc-linux-gnu/nios2-elf/lib/mno-hw-mul/libc.a(lib_a-__call_atexit.o)
 .debug_loc     0x0000000000000770      0x4ce /home/estape/intelFPGA_lite/18.1/nios2eds/bin/gnu/H-x86_64-pc-linux-gnu/bin/../lib/gcc/nios2-elf/5.3.0/mno-hw-mul/libgcc.a(lib2-divmod.o)
 .debug_loc     0x0000000000000c3e       0x93 /home/estape/intelFPGA_lite/18.1/nios2eds/bin/gnu/H-x86_64-pc-linux-gnu/bin/../lib/gcc/nios2-elf/5.3.0/mno-hw-mul/libgcc.a(lib2-mul.o)

.debug_macinfo
 *(.debug_macinfo)

.debug_weaknames
 *(.debug_weaknames)

.debug_funcnames
 *(.debug_funcnames)

.debug_typenames
 *(.debug_typenames)

.debug_varnames
 *(.debug_varnames)

.debug_alt_sim_info
                0x0000000000000000       0x40
 *(.debug_alt_sim_info)
 .debug_alt_sim_info
                0x0000000000000000       0x10 ../TimerSW_bsp//obj/HAL/src/crt0.o
 .debug_alt_sim_info
                0x0000000000000010       0x30 ../TimerSW_bsp//libhal_bsp.a(alt_busy_sleep.o)
                0x0000000000028000                __alt_data_end = 0x28000
                0x0000000000028000                PROVIDE (__alt_stack_pointer, __alt_data_end)
                [!provide]                        PROVIDE (__alt_stack_limit, __alt_stack_base)
                [!provide]                        PROVIDE (__alt_heap_start, end)
                [!provide]                        PROVIDE (__alt_heap_limit, 0x28000)
OUTPUT(TimerSW.elf elf32-littlenios2)

.debug_ranges   0x0000000000000000      0x1d8
 .debug_ranges  0x0000000000000000       0x20 ../TimerSW_bsp//obj/HAL/src/crt0.o
 .debug_ranges  0x0000000000000020       0x28 ../TimerSW_bsp//libhal_bsp.a(alt_irq_entry.o)
 .debug_ranges  0x0000000000000048       0x10 ../TimerSW_bsp//libhal_bsp.a(alt_irq_handler.o)
 .debug_ranges  0x0000000000000058       0x30 ../TimerSW_bsp//libhal_bsp.a(altera_avalon_jtag_uart_init.o)
 .debug_ranges  0x0000000000000088       0x18 ../TimerSW_bsp//libhal_bsp.a(altera_avalon_jtag_uart_read.o)
 .debug_ranges  0x00000000000000a0       0x30 ../TimerSW_bsp//libhal_bsp.a(alt_exception_entry.o)
 .debug_ranges  0x00000000000000d0       0x18 ../TimerSW_bsp//libhal_bsp.a(alt_instruction_exception_entry.o)
 .debug_ranges  0x00000000000000e8       0x10 /home/estape/intelFPGA_lite/18.1/nios2eds/bin/gnu/H-x86_64-pc-linux-gnu/bin/../lib/gcc/nios2-elf/5.3.0/../../../../../H-x86_64-pc-linux-gnu/nios2-elf/lib/mno-hw-mul/libc.a(lib_a-atexit.o)
 .debug_ranges  0x00000000000000f8       0x10 /home/estape/intelFPGA_lite/18.1/nios2eds/bin/gnu/H-x86_64-pc-linux-gnu/bin/../lib/gcc/nios2-elf/5.3.0/../../../../../H-x86_64-pc-linux-gnu/nios2-elf/lib/mno-hw-mul/libc.a(lib_a-exit.o)
 .debug_ranges  0x0000000000000108       0x10 /home/estape/intelFPGA_lite/18.1/nios2eds/bin/gnu/H-x86_64-pc-linux-gnu/bin/../lib/gcc/nios2-elf/5.3.0/../../../../../H-x86_64-pc-linux-gnu/nios2-elf/lib/mno-hw-mul/libc.a(lib_a-memcmp.o)
 .debug_ranges  0x0000000000000118       0x10 /home/estape/intelFPGA_lite/18.1/nios2eds/bin/gnu/H-x86_64-pc-linux-gnu/bin/../lib/gcc/nios2-elf/5.3.0/../../../../../H-x86_64-pc-linux-gnu/nios2-elf/lib/mno-hw-mul/libc.a(lib_a-memcpy.o)
 .debug_ranges  0x0000000000000128       0x10 /home/estape/intelFPGA_lite/18.1/nios2eds/bin/gnu/H-x86_64-pc-linux-gnu/bin/../lib/gcc/nios2-elf/5.3.0/../../../../../H-x86_64-pc-linux-gnu/nios2-elf/lib/mno-hw-mul/libc.a(lib_a-strlen.o)
 .debug_ranges  0x0000000000000138       0x10 /home/estape/intelFPGA_lite/18.1/nios2eds/bin/gnu/H-x86_64-pc-linux-gnu/bin/../lib/gcc/nios2-elf/5.3.0/../../../../../H-x86_64-pc-linux-gnu/nios2-elf/lib/mno-hw-mul/libc.a(lib_a-__atexit.o)
 .debug_ranges  0x0000000000000148       0x30 /home/estape/intelFPGA_lite/18.1/nios2eds/bin/gnu/H-x86_64-pc-linux-gnu/bin/../lib/gcc/nios2-elf/5.3.0/../../../../../H-x86_64-pc-linux-gnu/nios2-elf/lib/mno-hw-mul/libc.a(lib_a-__call_atexit.o)
 .debug_ranges  0x0000000000000178       0x60 /home/estape/intelFPGA_lite/18.1/nios2eds/bin/gnu/H-x86_64-pc-linux-gnu/bin/../lib/gcc/nios2-elf/5.3.0/mno-hw-mul/libgcc.a(lib2-divmod.o)
